[32m21:46:51 (12287) INFO ProjectReader[39m Found 1 of 1116 file(s) to be mutated.
[32m21:46:51 (12287) INFO Instrumenter[39m Instrumented 1 source file(s) with 174 mutant(s)
[32m21:46:51 (12287) INFO ConcurrencyTokenProvider[39m Creating 5 test runner process(es).
[32m21:46:51 (12287) INFO Sandbox[39m In place mode is enabled, Stryker will be overriding YOUR files. Find your backup at: .stryker-tmp/backup-8dEuTB
[32m21:46:51 (12287) INFO BroadcastReporter[39m Detected that current console does not support the "progress" reporter, downgrading to "progress-append-only" reporter
[32m21:46:51 (12287) INFO DryRunExecutor[39m Starting initial test run (command test runner with "off" coverage analysis). This may take a while.
[32m21:47:00 (12287) INFO DryRunExecutor[39m Initial test run succeeded. Ran 1 tests in 8 seconds (net 8743 ms, overhead 0 ms).
Mutation testing 0% (elapsed: <1m, remaining: n/a) 0/174 tested (0 survived, 0 timed out)
Mutation testing 2% (elapsed: <1m, remaining: ~11m) 5/174 tested (0 survived, 0 timed out)
Mutation testing 5% (elapsed: <1m, remaining: ~8m) 10/174 tested (0 survived, 0 timed out)
Mutation testing 8% (elapsed: <1m, remaining: ~7m) 15/174 tested (0 survived, 0 timed out)
Mutation testing 10% (elapsed: <1m, remaining: ~7m) 18/174 tested (1 survived, 0 timed out)
Mutation testing 11% (elapsed: ~1m, remaining: ~7m) 20/174 tested (1 survived, 0 timed out)
Mutation testing 14% (elapsed: ~1m, remaining: ~6m) 25/174 tested (1 survived, 0 timed out)
Mutation testing 17% (elapsed: ~1m, remaining: ~6m) 30/174 tested (3 survived, 0 timed out)
Mutation testing 20% (elapsed: ~1m, remaining: ~5m) 35/174 tested (4 survived, 0 timed out)
Mutation testing 21% (elapsed: ~1m, remaining: ~5m) 38/174 tested (5 survived, 0 timed out)
Mutation testing 23% (elapsed: ~1m, remaining: ~5m) 41/174 tested (5 survived, 0 timed out)
Mutation testing 25% (elapsed: ~2m, remaining: ~5m) 45/174 tested (5 survived, 0 timed out)
Mutation testing 28% (elapsed: ~2m, remaining: ~5m) 50/174 tested (7 survived, 0 timed out)
Mutation testing 31% (elapsed: ~2m, remaining: ~5m) 55/174 tested (8 survived, 0 timed out)
Mutation testing 33% (elapsed: ~2m, remaining: ~5m) 58/174 tested (8 survived, 0 timed out)
Mutation testing 35% (elapsed: ~2m, remaining: ~4m) 61/174 tested (9 survived, 0 timed out)
Mutation testing 37% (elapsed: ~2m, remaining: ~4m) 66/174 tested (13 survived, 0 timed out)
Mutation testing 40% (elapsed: ~3m, remaining: ~4m) 70/174 tested (15 survived, 0 timed out)
Mutation testing 41% (elapsed: ~3m, remaining: ~4m) 73/174 tested (16 survived, 0 timed out)
Mutation testing 43% (elapsed: ~3m, remaining: ~4m) 76/174 tested (16 survived, 0 timed out)
Mutation testing 43% (elapsed: ~3m, remaining: ~4m) 76/174 tested (16 survived, 0 timed out)
Mutation testing 46% (elapsed: ~3m, remaining: ~4m) 81/174 tested (17 survived, 0 timed out)
Mutation testing 48% (elapsed: ~3m, remaining: ~4m) 85/174 tested (18 survived, 0 timed out)
Mutation testing 50% (elapsed: ~4m, remaining: ~3m) 88/174 tested (20 survived, 0 timed out)
Mutation testing 53% (elapsed: ~4m, remaining: ~3m) 93/174 tested (23 survived, 0 timed out)
Mutation testing 55% (elapsed: ~4m, remaining: ~3m) 96/174 tested (23 survived, 0 timed out)
Mutation testing 58% (elapsed: ~4m, remaining: ~3m) 101/174 tested (24 survived, 0 timed out)
Mutation testing 60% (elapsed: ~4m, remaining: ~2m) 106/174 tested (25 survived, 0 timed out)
Mutation testing 63% (elapsed: ~4m, remaining: ~2m) 110/174 tested (25 survived, 0 timed out)
Mutation testing 63% (elapsed: ~5m, remaining: ~2m) 111/174 tested (26 survived, 0 timed out)
Mutation testing 66% (elapsed: ~5m, remaining: ~2m) 116/174 tested (30 survived, 0 timed out)
Mutation testing 69% (elapsed: ~5m, remaining: ~2m) 121/174 tested (30 survived, 0 timed out)
Mutation testing 72% (elapsed: ~5m, remaining: ~2m) 126/174 tested (32 survived, 0 timed out)
Mutation testing 75% (elapsed: ~5m, remaining: ~1m) 131/174 tested (33 survived, 0 timed out)
Mutation testing 75% (elapsed: ~5m, remaining: ~1m) 132/174 tested (33 survived, 0 timed out)
Mutation testing 78% (elapsed: ~6m, remaining: ~1m) 136/174 tested (35 survived, 0 timed out)
Mutation testing 81% (elapsed: ~6m, remaining: ~1m) 141/174 tested (35 survived, 0 timed out)
Mutation testing 83% (elapsed: ~6m, remaining: ~1m) 146/174 tested (36 survived, 0 timed out)
Mutation testing 85% (elapsed: ~6m, remaining: ~1m) 149/174 tested (39 survived, 0 timed out)
Mutation testing 87% (elapsed: ~6m, remaining: <1m) 153/174 tested (43 survived, 0 timed out)
Mutation testing 90% (elapsed: ~6m, remaining: <1m) 158/174 tested (47 survived, 0 timed out)
Mutation testing 92% (elapsed: ~7m, remaining: <1m) 161/174 tested (47 survived, 0 timed out)
Mutation testing 95% (elapsed: ~7m, remaining: <1m) 166/174 tested (47 survived, 0 timed out)
Mutation testing 97% (elapsed: ~7m, remaining: <1m) 169/174 tested (48 survived, 0 timed out)

All tests
  ✓ All tests (killed 125)

[Survived] StringLiteral
scripts/lib/brief-shape.mjs:64:35
-     const lines = String(content ?? "").split("\n");
+     const lines = String(content ?? "Stryker was here!").split("\n");

[Survived] Regex
scripts/lib/brief-shape.mjs:70:9
-       if (/^\s*(```|~~~)/.test(text)) {
+       if (/\s*(```|~~~)/.test(text)) {

[Survived] Regex
scripts/lib/brief-shape.mjs:70:9
-       if (/^\s*(```|~~~)/.test(text)) {
+       if (/^\S*(```|~~~)/.test(text)) {

[Survived] ArithmeticOperator
scripts/lib/brief-shape.mjs:72:33
-         screen.push({ text, line: i + 1 });
+         screen.push({ text, line: i - 1 });

[Survived] Regex
scripts/lib/brief-shape.mjs:75:45
-       const level = inFence ? 0 : (text.match(/^#+/)?.[0].length ?? 0);
+       const level = inFence ? 0 : (text.match(/#+/)?.[0].length ?? 0);

[Survived] ArrowFunction
scripts/lib/brief-shape.mjs:82:37
-       if (level === 1 && !screen.some((l) => l.text.trim() !== "")) {
+       if (level === 1 && !screen.some(() => undefined)) {

[Survived] ConditionalExpression
scripts/lib/brief-shape.mjs:82:44
-       if (level === 1 && !screen.some((l) => l.text.trim() !== "")) {
+       if (level === 1 && !screen.some((l) => false)) {

[Survived] MethodExpression
scripts/lib/brief-shape.mjs:82:44
-       if (level === 1 && !screen.some((l) => l.text.trim() !== "")) {
+       if (level === 1 && !screen.some((l) => l.text !== "")) {

[Survived] ConditionalExpression
scripts/lib/brief-shape.mjs:110:9
-       if (text.trim() === "") {
+       if (false) {

[Survived] MethodExpression
scripts/lib/brief-shape.mjs:110:9
-       if (text.trim() === "") {
+       if (text === "") {

[Survived] BlockStatement
scripts/lib/brief-shape.mjs:110:29
-       if (text.trim() === "") {
-         current = null; // a blank line ends the bullet, so the next prose line is prose
-         continue;
-       }
+       if (text.trim() === "") {}

[Survived] StringLiteral
scripts/lib/brief-shape.mjs:110:25
-       if (text.trim() === "") {
+       if (text.trim() === "Stryker was here!") {

[Survived] Regex
scripts/lib/brief-shape.mjs:117:20
-       const marker = /^([-*+]|\d+[.)])\s+(.*)$/.exec(text);
+       const marker = /([-*+]|\d+[.)])\s+(.*)$/.exec(text);

[Survived] Regex
scripts/lib/brief-shape.mjs:117:20
-       const marker = /^([-*+]|\d+[.)])\s+(.*)$/.exec(text);
+       const marker = /^([-*+]|\d+[.)])\s+(.*)/.exec(text);

[Survived] Regex
scripts/lib/brief-shape.mjs:117:20
-       const marker = /^([-*+]|\d+[.)])\s+(.*)$/.exec(text);
+       const marker = /^([-*+]|\d[.)])\s+(.*)$/.exec(text);

[Survived] Regex
scripts/lib/brief-shape.mjs:117:20
-       const marker = /^([-*+]|\d+[.)])\s+(.*)$/.exec(text);
+       const marker = /^([-*+]|\d+[.)])\s(.*)$/.exec(text);

[Survived] MethodExpression
scripts/lib/brief-shape.mjs:119:25
-         current = { text: marker[2].trim(), line };
+         current = { text: marker[2], line };

[Survived] MethodExpression
scripts/lib/brief-shape.mjs:123:33
-       if (current) current.text = `${current.text} ${text.trim()}`.trim();
+       if (current) current.text = `${current.text} ${text.trim()}`;

[Survived] ConditionalExpression
scripts/lib/brief-shape.mjs:130:44
-   const characters = (n) => `${n} character${n === 1 ? "" : "s"}`;
+   const characters = (n) => `${n} character${true ? "" : "s"}`;

[Survived] ConditionalExpression
scripts/lib/brief-shape.mjs:130:44
-   const characters = (n) => `${n} character${n === 1 ? "" : "s"}`;
+   const characters = (n) => `${n} character${false ? "" : "s"}`;

[Survived] EqualityOperator
scripts/lib/brief-shape.mjs:130:44
-   const characters = (n) => `${n} character${n === 1 ? "" : "s"}`;
+   const characters = (n) => `${n} character${n !== 1 ? "" : "s"}`;

[Survived] StringLiteral
scripts/lib/brief-shape.mjs:130:54
-   const characters = (n) => `${n} character${n === 1 ? "" : "s"}`;
+   const characters = (n) => `${n} character${n === 1 ? "Stryker was here!" : "s"}`;

[Survived] StringLiteral
scripts/lib/brief-shape.mjs:130:59
-   const characters = (n) => `${n} character${n === 1 ? "" : "s"}`;
+   const characters = (n) => `${n} character${n === 1 ? "" : ""}`;

[Survived] BooleanLiteral
scripts/lib/brief-shape.mjs:147:20
-     let openBullet = false;
+     let openBullet = true;

[Survived] MethodExpression
scripts/lib/brief-shape.mjs:149:9
-       if (text.trim() === "") {
+       if (text === "") {

[Survived] Regex
scripts/lib/brief-shape.mjs:153:9
-       if (/^([-*+]|\d+[.)])\s+/.test(text)) {
+       if (/([-*+]|\d+[.)])\s+/.test(text)) {

[Survived] Regex
scripts/lib/brief-shape.mjs:153:9
-       if (/^([-*+]|\d+[.)])\s+/.test(text)) {
+       if (/^([-*+]|\d[.)])\s+/.test(text)) {

[Survived] Regex
scripts/lib/brief-shape.mjs:153:9
-       if (/^([-*+]|\d+[.)])\s+/.test(text)) {
+       if (/^([-*+]|\D+[.)])\s+/.test(text)) {

[Survived] Regex
scripts/lib/brief-shape.mjs:153:9
-       if (/^([-*+]|\d+[.)])\s+/.test(text)) {
+       if (/^([-*+]|\d+[^.)])\s+/.test(text)) {

[Survived] Regex
scripts/lib/brief-shape.mjs:153:9
-       if (/^([-*+]|\d+[.)])\s+/.test(text)) {
+       if (/^([-*+]|\d+[.)])\s/.test(text)) {

[Survived] MethodExpression
scripts/lib/brief-shape.mjs:161:66
-           `line ${line} above the first \`##\` is not a bullet: "${text.trim()}". The first screen ` +
+           `line ${line} above the first \`##\` is not a bullet: "${text}". The first screen ` +

[Survived] StringLiteral
scripts/lib/brief-shape.mjs:162:9
-           `carries bullets and nothing else — no preamble, no sub-heading, no table, no link to go ` +
+           `` +

[Survived] StringLiteral
scripts/lib/brief-shape.mjs:163:9
-           `and open. Make it one of the things you will say, or move it below the first \`##\`.`,
+           ``,

[Survived] StringLiteral
scripts/lib/brief-shape.mjs:175:9
-           `everything between the title and that heading, and it carries at least one bullet — even ` +
+           `` +

[Survived] StringLiteral
scripts/lib/brief-shape.mjs:176:9
-           `when the vault is thin, and then it is the one naming what is not documented.`,
+           ``,

[Survived] StringLiteral
scripts/lib/brief-shape.mjs:187:9
-           `Say ${over} thing${over === 1 ? "" : "s"} less, or move ${over === 1 ? "it" : "them"} below ` +
+           `` +

[Survived] ConditionalExpression
scripts/lib/brief-shape.mjs:187:29
-           `Say ${over} thing${over === 1 ? "" : "s"} less, or move ${over === 1 ? "it" : "them"} below ` +
+           `Say ${over} thing${true ? "" : "s"} less, or move ${over === 1 ? "it" : "them"} below ` +

[Survived] ConditionalExpression
scripts/lib/brief-shape.mjs:187:29
-           `Say ${over} thing${over === 1 ? "" : "s"} less, or move ${over === 1 ? "it" : "them"} below ` +
+           `Say ${over} thing${false ? "" : "s"} less, or move ${over === 1 ? "it" : "them"} below ` +

[Survived] EqualityOperator
scripts/lib/brief-shape.mjs:187:29
-           `Say ${over} thing${over === 1 ? "" : "s"} less, or move ${over === 1 ? "it" : "them"} below ` +
+           `Say ${over} thing${over !== 1 ? "" : "s"} less, or move ${over === 1 ? "it" : "them"} below ` +

[Survived] StringLiteral
scripts/lib/brief-shape.mjs:187:47
-           `Say ${over} thing${over === 1 ? "" : "s"} less, or move ${over === 1 ? "it" : "them"} below ` +
+           `Say ${over} thing${over === 1 ? "" : ""} less, or move ${over === 1 ? "it" : "them"} below ` +

[Survived] StringLiteral
scripts/lib/brief-shape.mjs:187:42
-           `Say ${over} thing${over === 1 ? "" : "s"} less, or move ${over === 1 ? "it" : "them"} below ` +
+           `Say ${over} thing${over === 1 ? "Stryker was here!" : "s"} less, or move ${over === 1 ? "it" : "them"} below ` +

[Survived] ConditionalExpression
scripts/lib/brief-shape.mjs:187:68
-           `Say ${over} thing${over === 1 ? "" : "s"} less, or move ${over === 1 ? "it" : "them"} below ` +
+           `Say ${over} thing${over === 1 ? "" : "s"} less, or move ${true ? "it" : "them"} below ` +

[Survived] ConditionalExpression
scripts/lib/brief-shape.mjs:187:68
-           `Say ${over} thing${over === 1 ? "" : "s"} less, or move ${over === 1 ? "it" : "them"} below ` +
+           `Say ${over} thing${over === 1 ? "" : "s"} less, or move ${false ? "it" : "them"} below ` +

[Survived] EqualityOperator
scripts/lib/brief-shape.mjs:187:68
-           `Say ${over} thing${over === 1 ? "" : "s"} less, or move ${over === 1 ? "it" : "them"} below ` +
+           `Say ${over} thing${over === 1 ? "" : "s"} less, or move ${over !== 1 ? "it" : "them"} below ` +

[Survived] StringLiteral
scripts/lib/brief-shape.mjs:187:81
-           `Say ${over} thing${over === 1 ? "" : "s"} less, or move ${over === 1 ? "it" : "them"} below ` +
+           `Say ${over} thing${over === 1 ? "" : "s"} less, or move ${over === 1 ? "" : "them"} below ` +

[Survived] StringLiteral
scripts/lib/brief-shape.mjs:187:88
-           `Say ${over} thing${over === 1 ? "" : "s"} less, or move ${over === 1 ? "it" : "them"} below ` +
+           `Say ${over} thing${over === 1 ? "" : "s"} less, or move ${over === 1 ? "it" : ""} below ` +

[Survived] StringLiteral
scripts/lib/brief-shape.mjs:188:9
-           `the first \`##\` as ammunition, where nothing is counted.`,
+           ``,

[Survived] MethodExpression
scripts/lib/brief-shape.mjs:198:57
-           `over the ceiling of ${BULLET_CHAR_CEILING}: "${text.slice(0, 60)}…". One bullet is one sentence ` +
+           `over the ceiling of ${BULLET_CHAR_CEILING}: "${text}…". One bullet is one sentence ` +

[Survived] StringLiteral
scripts/lib/brief-shape.mjs:199:9
-           `said aloud; the detail behind it belongs below the first \`##\`.`,
+           ``,

Ran 1.00 tests per mutant on average.
-----------------|------------------|----------|-----------|------------|----------|----------|
                 | % Mutation score |          |           |            |          |          |
File             |  total | covered | # killed | # timeout | # survived | # no cov | # errors |
-----------------|--------|---------|----------|-----------|------------|----------|----------|
All files        |  71.84 |   71.84 |      125 |         0 |         49 |        0 |        0 |
 brief-shape.mjs |  71.84 |   71.84 |      125 |         0 |         49 |        0 |        0 |
-----------------|--------|---------|----------|-----------|------------|----------|----------|
[32m21:54:27 (12287) INFO MutationTestExecutor[39m Done in 7 minutes and 35 seconds.
[32m21:54:27 (12287) INFO Sandbox[39m Resetting your original files from .stryker-tmp/backup-8dEuTB.
