[32m22:49:22 (1510) INFO ProjectReader[39m Found 1 of 1120 file(s) to be mutated.
[32m22:49:22 (1510) INFO Instrumenter[39m Instrumented 1 source file(s) with 157 mutant(s)
[32m22:49:22 (1510) INFO ConcurrencyTokenProvider[39m Creating 5 test runner process(es).
[32m22:49:22 (1510) INFO Sandbox[39m In place mode is enabled, Stryker will be overriding YOUR files. Find your backup at: .stryker-tmp/backup-2zAOho
[32m22:49:22 (1510) INFO BroadcastReporter[39m Detected that current console does not support the "progress" reporter, downgrading to "progress-append-only" reporter
[32m22:49:22 (1510) INFO DryRunExecutor[39m Starting initial test run (command test runner with "off" coverage analysis). This may take a while.
[32m22:49:30 (1510) INFO DryRunExecutor[39m Initial test run succeeded. Ran 1 tests in 8 seconds (net 8308 ms, overhead 1 ms).
Mutation testing 0% (elapsed: <1m, remaining: n/a) 0/157 tested (0 survived, 0 timed out)
Mutation testing 3% (elapsed: <1m, remaining: ~10m) 5/157 tested (0 survived, 0 timed out)
Mutation testing 6% (elapsed: <1m, remaining: ~7m) 10/157 tested (0 survived, 0 timed out)
Mutation testing 9% (elapsed: <1m, remaining: ~6m) 15/157 tested (0 survived, 0 timed out)
Mutation testing 12% (elapsed: <1m, remaining: ~5m) 20/157 tested (0 survived, 0 timed out)
Mutation testing 14% (elapsed: ~1m, remaining: ~6m) 22/157 tested (0 survived, 0 timed out)
Mutation testing 16% (elapsed: ~1m, remaining: ~5m) 26/157 tested (0 survived, 0 timed out)
Mutation testing 19% (elapsed: ~1m, remaining: ~5m) 30/157 tested (0 survived, 0 timed out)
Mutation testing 22% (elapsed: ~1m, remaining: ~5m) 35/157 tested (0 survived, 0 timed out)
Mutation testing 25% (elapsed: ~1m, remaining: ~4m) 40/157 tested (0 survived, 0 timed out)
Mutation testing 28% (elapsed: ~1m, remaining: ~4m) 45/157 tested (0 survived, 0 timed out)
Mutation testing 30% (elapsed: ~2m, remaining: ~4m) 48/157 tested (0 survived, 0 timed out)
Mutation testing 33% (elapsed: ~2m, remaining: ~4m) 53/157 tested (0 survived, 0 timed out)
Mutation testing 36% (elapsed: ~2m, remaining: ~4m) 57/157 tested (0 survived, 0 timed out)
Mutation testing 38% (elapsed: ~2m, remaining: ~3m) 61/157 tested (0 survived, 0 timed out)
Mutation testing 41% (elapsed: ~2m, remaining: ~3m) 65/157 tested (0 survived, 0 timed out)
Mutation testing 44% (elapsed: ~2m, remaining: ~3m) 70/157 tested (1 survived, 0 timed out)
Mutation testing 46% (elapsed: ~3m, remaining: ~3m) 73/157 tested (1 survived, 0 timed out)
Mutation testing 49% (elapsed: ~3m, remaining: ~3m) 78/157 tested (2 survived, 0 timed out)
Mutation testing 52% (elapsed: ~3m, remaining: ~2m) 83/157 tested (2 survived, 0 timed out)
Mutation testing 56% (elapsed: ~3m, remaining: ~2m) 88/157 tested (2 survived, 0 timed out)
Mutation testing 58% (elapsed: ~3m, remaining: ~2m) 92/157 tested (2 survived, 0 timed out)
Mutation testing 61% (elapsed: ~3m, remaining: ~2m) 96/157 tested (2 survived, 0 timed out)
Mutation testing 62% (elapsed: ~4m, remaining: ~2m) 98/157 tested (2 survived, 0 timed out)
Mutation testing 65% (elapsed: ~4m, remaining: ~2m) 103/157 tested (2 survived, 0 timed out)
Mutation testing 68% (elapsed: ~4m, remaining: ~1m) 108/157 tested (2 survived, 0 timed out)
Mutation testing 71% (elapsed: ~4m, remaining: ~1m) 113/157 tested (2 survived, 0 timed out)
Mutation testing 75% (elapsed: ~4m, remaining: ~1m) 118/157 tested (2 survived, 0 timed out)
Mutation testing 77% (elapsed: ~4m, remaining: ~1m) 122/157 tested (2 survived, 0 timed out)
Mutation testing 78% (elapsed: ~5m, remaining: ~1m) 124/157 tested (2 survived, 0 timed out)
Mutation testing 81% (elapsed: ~5m, remaining: ~1m) 128/157 tested (2 survived, 0 timed out)
Mutation testing 84% (elapsed: ~5m, remaining: <1m) 133/157 tested (2 survived, 0 timed out)
Mutation testing 87% (elapsed: ~5m, remaining: <1m) 138/157 tested (2 survived, 0 timed out)
Mutation testing 91% (elapsed: ~5m, remaining: <1m) 143/157 tested (2 survived, 0 timed out)
Mutation testing 92% (elapsed: ~5m, remaining: <1m) 146/157 tested (2 survived, 0 timed out)
Mutation testing 95% (elapsed: ~6m, remaining: <1m) 150/157 tested (2 survived, 0 timed out)
Mutation testing 98% (elapsed: ~6m, remaining: <1m) 155/157 tested (2 survived, 0 timed out)

All tests
  ✓ All tests (killed 155)

[Survived] Regex
scripts/lib/brief-shape.mjs:134:20
-       const marker = /^([-*+]|\d+[.)])\s+(.*)$/.exec(text);
+       const marker = /^([-*+]|\d+[.)])\s+(.*)/.exec(text);

[Survived] Regex
scripts/lib/brief-shape.mjs:134:20
-       const marker = /^([-*+]|\d+[.)])\s+(.*)$/.exec(text);
+       const marker = /^([-*+]|\d+[.)])\s(.*)$/.exec(text);

Ran 1.00 tests per mutant on average.
-----------------|------------------|----------|-----------|------------|----------|----------|
                 | % Mutation score |          |           |            |          |          |
File             |  total | covered | # killed | # timeout | # survived | # no cov | # errors |
-----------------|--------|---------|----------|-----------|------------|----------|----------|
All files        |  98.73 |   98.73 |      155 |         0 |          2 |        0 |        0 |
 brief-shape.mjs |  98.73 |   98.73 |      155 |         0 |          2 |        0 |        0 |
-----------------|--------|---------|----------|-----------|------------|----------|----------|
[32m22:55:43 (1510) INFO MutationTestExecutor[39m Done in 6 minutes and 20 seconds.
[32m22:55:43 (1510) INFO Sandbox[39m Resetting your original files from .stryker-tmp/backup-2zAOho.
