[32m22:15:22 (38929) INFO ProjectReader[39m Found 2 of 1119 file(s) to be mutated.
[32m22:15:22 (38929) INFO Instrumenter[39m Instrumented 2 source file(s) with 175 mutant(s)
[32m22:15:22 (38929) INFO ConcurrencyTokenProvider[39m Creating 5 test runner process(es).
[32m22:15:22 (38929) INFO Sandbox[39m In place mode is enabled, Stryker will be overriding YOUR files. Find your backup at: .stryker-tmp/backup-L0eJ11
[32m22:15:22 (38929) INFO BroadcastReporter[39m Detected that current console does not support the "progress" reporter, downgrading to "progress-append-only" reporter
[32m22:15:22 (38929) INFO DryRunExecutor[39m Starting initial test run (command test runner with "off" coverage analysis). This may take a while.
[32m22:15:31 (38929) INFO DryRunExecutor[39m Initial test run succeeded. Ran 1 tests in 8 seconds (net 8732 ms, overhead 0 ms).
Mutation testing 0% (elapsed: <1m, remaining: n/a) 0/175 tested (0 survived, 0 timed out)
Mutation testing 2% (elapsed: <1m, remaining: ~11m) 5/175 tested (0 survived, 0 timed out)
Mutation testing 5% (elapsed: <1m, remaining: ~8m) 10/175 tested (0 survived, 0 timed out)
Mutation testing 8% (elapsed: <1m, remaining: ~7m) 15/175 tested (0 survived, 0 timed out)
Mutation testing 11% (elapsed: <1m, remaining: ~6m) 20/175 tested (0 survived, 0 timed out)
Mutation testing 12% (elapsed: ~1m, remaining: ~7m) 21/175 tested (0 survived, 0 timed out)
Mutation testing 14% (elapsed: ~1m, remaining: ~6m) 26/175 tested (0 survived, 0 timed out)
Mutation testing 17% (elapsed: ~1m, remaining: ~6m) 30/175 tested (0 survived, 0 timed out)
Mutation testing 20% (elapsed: ~1m, remaining: ~6m) 35/175 tested (0 survived, 0 timed out)
Mutation testing 22% (elapsed: ~1m, remaining: ~5m) 40/175 tested (0 survived, 0 timed out)
Mutation testing 25% (elapsed: ~1m, remaining: ~5m) 45/175 tested (0 survived, 0 timed out)
Mutation testing 27% (elapsed: ~2m, remaining: ~5m) 48/175 tested (0 survived, 0 timed out)
Mutation testing 30% (elapsed: ~2m, remaining: ~4m) 53/175 tested (0 survived, 0 timed out)
Mutation testing 32% (elapsed: ~2m, remaining: ~4m) 56/175 tested (0 survived, 0 timed out)
Mutation testing 34% (elapsed: ~2m, remaining: ~4m) 61/175 tested (0 survived, 0 timed out)
Mutation testing 37% (elapsed: ~2m, remaining: ~4m) 65/175 tested (0 survived, 0 timed out)
Mutation testing 40% (elapsed: ~2m, remaining: ~4m) 70/175 tested (1 survived, 0 timed out)
Mutation testing 41% (elapsed: ~3m, remaining: ~4m) 73/175 tested (1 survived, 0 timed out)
Mutation testing 44% (elapsed: ~3m, remaining: ~3m) 78/175 tested (2 survived, 0 timed out)
Mutation testing 47% (elapsed: ~3m, remaining: ~3m) 83/175 tested (2 survived, 0 timed out)
Mutation testing 49% (elapsed: ~3m, remaining: ~3m) 86/175 tested (2 survived, 0 timed out)
Mutation testing 52% (elapsed: ~3m, remaining: ~3m) 91/175 tested (2 survived, 0 timed out)
Mutation testing 54% (elapsed: ~3m, remaining: ~3m) 96/175 tested (2 survived, 0 timed out)
Mutation testing 56% (elapsed: ~4m, remaining: ~3m) 98/175 tested (2 survived, 0 timed out)
Mutation testing 58% (elapsed: ~4m, remaining: ~2m) 103/175 tested (2 survived, 0 timed out)
Mutation testing 61% (elapsed: ~4m, remaining: ~2m) 108/175 tested (2 survived, 0 timed out)
Mutation testing 63% (elapsed: ~4m, remaining: ~2m) 111/175 tested (2 survived, 0 timed out)
Mutation testing 66% (elapsed: ~4m, remaining: ~2m) 116/175 tested (2 survived, 0 timed out)
Mutation testing 69% (elapsed: ~4m, remaining: ~2m) 121/175 tested (2 survived, 0 timed out)
Mutation testing 70% (elapsed: ~5m, remaining: ~2m) 124/175 tested (2 survived, 0 timed out)
Mutation testing 73% (elapsed: ~5m, remaining: ~1m) 129/175 tested (2 survived, 0 timed out)
Mutation testing 76% (elapsed: ~5m, remaining: ~1m) 134/175 tested (2 survived, 0 timed out)
Mutation testing 77% (elapsed: ~5m, remaining: ~1m) 136/175 tested (2 survived, 0 timed out)
Mutation testing 80% (elapsed: ~5m, remaining: ~1m) 141/175 tested (2 survived, 0 timed out)
Mutation testing 83% (elapsed: ~5m, remaining: ~1m) 146/175 tested (2 survived, 0 timed out)
Mutation testing 85% (elapsed: ~6m, remaining: ~1m) 149/175 tested (2 survived, 0 timed out)
Mutation testing 88% (elapsed: ~6m, remaining: <1m) 154/175 tested (2 survived, 0 timed out)
Mutation testing 90% (elapsed: ~6m, remaining: <1m) 159/175 tested (2 survived, 0 timed out)
Mutation testing 92% (elapsed: ~6m, remaining: <1m) 162/175 tested (2 survived, 0 timed out)
Mutation testing 94% (elapsed: ~6m, remaining: <1m) 166/175 tested (2 survived, 0 timed out)
Mutation testing 97% (elapsed: ~6m, remaining: <1m) 171/175 tested (2 survived, 0 timed out)

All tests
  ✓ All tests (killed 173)

[Survived] Regex
scripts/lib/brief-shape.mjs:128:20
-       const marker = /^([-*+]|\d+[.)])\s+(.*)$/.exec(text);
+       const marker = /^([-*+]|\d+[.)])\s+(.*)/.exec(text);

[Survived] Regex
scripts/lib/brief-shape.mjs:128:20
-       const marker = /^([-*+]|\d+[.)])\s+(.*)$/.exec(text);
+       const marker = /^([-*+]|\d+[.)])\s(.*)$/.exec(text);

Ran 1.00 tests per mutant on average.
-----------------------|------------------|----------|-----------|------------|----------|----------|
                       | % Mutation score |          |           |            |          |          |
File                   |  total | covered | # killed | # timeout | # survived | # no cov | # errors |
-----------------------|--------|---------|----------|-----------|------------|----------|----------|
All files              |  98.86 |   98.86 |      173 |         0 |          2 |        0 |        0 |
 brief-shape.mjs       |  98.73 |   98.73 |      155 |         0 |          2 |        0 |        0 |
 vault-write-guard.mjs | 100.00 |  100.00 |       18 |         0 |          0 |        0 |        0 |
-----------------------|--------|---------|----------|-----------|------------|----------|----------|
[32m22:22:29 (38929) INFO MutationTestExecutor[39m Done in 7 minutes and 6 seconds.
[32m22:22:29 (38929) INFO Sandbox[39m Resetting your original files from .stryker-tmp/backup-L0eJ11.
