12:35:52 (66604) INFO ProjectReader Found 2 of 600 file(s) to be mutated.
12:35:52 (66604) INFO Instrumenter Instrumented 2 source file(s) with 130 mutant(s)
12:35:52 (66604) INFO ConcurrencyTokenProvider Creating 5 test runner process(es).
12:35:52 (66604) INFO Sandbox In place mode is enabled, Stryker will be overriding YOUR files. Find your backup at: .stryker-tmp/backup-a8bOfW
12:35:52 (66604) INFO BroadcastReporter Detected that current console does not support the "progress" reporter, downgrading to "progress-append-only" reporter
12:35:52 (66604) INFO DryRunExecutor Starting initial test run (command test runner with "off" coverage analysis). This may take a while.
12:35:54 (66604) INFO DryRunExecutor Initial test run succeeded. Ran 1 tests in 1 second (net 1521 ms, overhead 1 ms).

All tests
  ✓ All tests (killed 111)

[Survived] Regex
scripts/lib/note-refresh.mjs:16:24
-   const FRONTMATTER_RE = /^(---\r?\n)([\s\S]*?)(\r?\n---\r?\n?)([\s\S]*)$/;
+   const FRONTMATTER_RE = /^(---\r?\n)([\s\S]*?)(\r?\n---\r?\n?)([\s\S]*)/;

[Survived] ObjectLiteral
scripts/refresh-note.mjs:28:32
-   export const realRefreshDeps = {
-     cwd: () => process.cwd(),
-     today: () => new Date().toISOString().slice(0, 10),
-     readInput: () => readFileSync(0, "utf8"),
-     exists: (p) => existsSync(p),
-     readFile: (p) => readFileSync(p, "utf8"),
-     writeFile: (p, content) => {
-       mkdirSync(dirname(p), { recursive: true });
-       writeFileSync(p, content);
-     },
-     log: (...a) => console.log(...a),
-     error: (...a) => console.error(...a),
-   };
+   export const realRefreshDeps = {};

[Survived] ArrowFunction
scripts/refresh-note.mjs:29:8
-     cwd: () => process.cwd(),
+     cwd: () => undefined,

[Survived] ArrowFunction
scripts/refresh-note.mjs:30:10
-     today: () => new Date().toISOString().slice(0, 10),
+     today: () => undefined,

[Survived] MethodExpression
scripts/refresh-note.mjs:30:16
-     today: () => new Date().toISOString().slice(0, 10),
+     today: () => new Date().toISOString(),

[Survived] ArrowFunction
scripts/refresh-note.mjs:31:14
-     readInput: () => readFileSync(0, "utf8"),
+     readInput: () => undefined,

[Survived] StringLiteral
scripts/refresh-note.mjs:31:36
-     readInput: () => readFileSync(0, "utf8"),
+     readInput: () => readFileSync(0, ""),

[Survived] ArrowFunction
scripts/refresh-note.mjs:32:11
-     exists: (p) => existsSync(p),
+     exists: () => undefined,

[Survived] ArrowFunction
scripts/refresh-note.mjs:33:13
-     readFile: (p) => readFileSync(p, "utf8"),
+     readFile: () => undefined,

[Survived] StringLiteral
scripts/refresh-note.mjs:33:36
-     readFile: (p) => readFileSync(p, "utf8"),
+     readFile: (p) => readFileSync(p, ""),

[Survived] BlockStatement
scripts/refresh-note.mjs:34:30
-     writeFile: (p, content) => {
-       mkdirSync(dirname(p), { recursive: true });
-       writeFileSync(p, content);
-     },
+     writeFile: (p, content) => {},

[Survived] ObjectLiteral
scripts/refresh-note.mjs:35:27
-       mkdirSync(dirname(p), { recursive: true });
+       mkdirSync(dirname(p), {});

[Survived] BooleanLiteral
scripts/refresh-note.mjs:35:40
-       mkdirSync(dirname(p), { recursive: true });
+       mkdirSync(dirname(p), { recursive: false });

[Survived] ArrowFunction
scripts/refresh-note.mjs:38:8
-     log: (...a) => console.log(...a),
+     log: () => undefined,

[Survived] ArrowFunction
scripts/refresh-note.mjs:39:10
-     error: (...a) => console.error(...a),
+     error: () => undefined,

[Survived] ConditionalExpression
scripts/refresh-note.mjs:98:5
-   if (isEntrypoint(import.meta.url, process.argv[1])) {
+   if (false) {

[Survived] BlockStatement
scripts/refresh-note.mjs:98:53
-   if (isEntrypoint(import.meta.url, process.argv[1])) {
-     process.exit(runRefresh(process.argv.slice(2)));
-   }
+   if (isEntrypoint(import.meta.url, process.argv[1])) {}

[Survived] MethodExpression
scripts/refresh-note.mjs:99:27
-     process.exit(runRefresh(process.argv.slice(2)));
+     process.exit(runRefresh(process.argv));

Ran 0.99 tests per mutant on average.
-------------------|------------------|----------|-----------|------------|----------|----------|
                   | % Mutation score |          |           |            |          |          |
File               |  total | covered | # killed | # timeout | # survived | # no cov | # errors |
-------------------|--------|---------|----------|-----------|------------|----------|----------|
All files          |  86.15 |   86.15 |      111 |         1 |         18 |        0 |        0 |
 lib               |  98.68 |   98.68 |       75 |         0 |          1 |        0 |        0 |
  note-refresh.mjs |  98.68 |   98.68 |       75 |         0 |          1 |        0 |        0 |
 refresh-note.mjs  |  68.52 |   68.52 |       36 |         1 |         17 |        0 |        0 |
-------------------|--------|---------|----------|-----------|------------|----------|----------|
12:39:04 (66604) INFO MutationTestExecutor Done in 3 minutes and 11 seconds.
12:39:04 (66604) INFO Sandbox Resetting your original files from .stryker-tmp/backup-a8bOfW.
