[32m01:10:37 (56220) INFO ProjectReader[39m Found 2 of 1001 file(s) to be mutated.
[32m01:10:37 (56220) INFO Instrumenter[39m Instrumented 2 source file(s) with 19 mutant(s)
[32m01:10:37 (56220) INFO ConcurrencyTokenProvider[39m Creating 5 test runner process(es).
[32m01:10:37 (56220) INFO Sandbox[39m In place mode is enabled, Stryker will be overriding YOUR files. Find your backup at: .stryker-tmp/backup-gCix2q
[32m01:10:37 (56220) INFO BroadcastReporter[39m Detected that current console does not support the "progress" reporter, downgrading to "progress-append-only" reporter
[32m01:10:37 (56220) INFO DryRunExecutor[39m Starting initial test run (command test runner with "off" coverage analysis). This may take a while.
[32m01:10:49 (56220) INFO DryRunExecutor[39m Initial test run succeeded. Ran 1 tests in 12 seconds (net 12058 ms, overhead 0 ms).
Mutation testing 0% (elapsed: <1m, remaining: n/a) 0/19 tested (0 survived, 0 timed out)
Mutation testing 0% (elapsed: <1m, remaining: n/a) 0/19 tested (0 survived, 0 timed out)
Mutation testing 0% (elapsed: <1m, remaining: n/a) 0/19 tested (0 survived, 0 timed out)
Mutation testing 0% (elapsed: <1m, remaining: n/a) 0/19 tested (0 survived, 0 timed out)
Mutation testing 0% (elapsed: <1m, remaining: n/a) 0/19 tested (0 survived, 0 timed out)
Mutation testing 26% (elapsed: ~1m, remaining: ~2m) 5/19 tested (0 survived, 0 timed out)
Mutation testing 26% (elapsed: ~1m, remaining: ~3m) 5/19 tested (0 survived, 0 timed out)
Mutation testing 26% (elapsed: ~1m, remaining: ~3m) 5/19 tested (0 survived, 0 timed out)
Mutation testing 26% (elapsed: ~1m, remaining: ~4m) 5/19 tested (0 survived, 0 timed out)
Mutation testing 26% (elapsed: ~1m, remaining: ~4m) 5/19 tested (0 survived, 0 timed out)
Mutation testing 26% (elapsed: ~1m, remaining: ~5m) 5/19 tested (0 survived, 0 timed out)
Mutation testing 52% (elapsed: ~2m, remaining: ~1m) 10/19 tested (0 survived, 0 timed out)
Mutation testing 52% (elapsed: ~2m, remaining: ~1m) 10/19 tested (0 survived, 0 timed out)
Mutation testing 52% (elapsed: ~2m, remaining: ~2m) 10/19 tested (0 survived, 0 timed out)
Mutation testing 52% (elapsed: ~2m, remaining: ~2m) 10/19 tested (0 survived, 0 timed out)
Mutation testing 52% (elapsed: ~2m, remaining: ~2m) 10/19 tested (0 survived, 0 timed out)
Mutation testing 52% (elapsed: ~2m, remaining: ~2m) 10/19 tested (0 survived, 0 timed out)
Mutation testing 78% (elapsed: ~3m, remaining: <1m) 15/19 tested (0 survived, 0 timed out)
Mutation testing 78% (elapsed: ~3m, remaining: <1m) 15/19 tested (0 survived, 0 timed out)
Mutation testing 78% (elapsed: ~3m, remaining: <1m) 15/19 tested (0 survived, 0 timed out)
Mutation testing 78% (elapsed: ~3m, remaining: <1m) 15/19 tested (0 survived, 0 timed out)

All tests
  [92m✓[39m [90mAll tests[39m (killed 19)

Ran 1.00 tests per mutant on average.
--------------------|------------------|----------|-----------|------------|----------|----------|
                    | % Mutation score |          |           |            |          |          |
File                |  total | covered | # killed | # timeout | # survived | # no cov | # errors |
--------------------|--------|---------|----------|-----------|------------|----------|----------|
All files           |[32m 100.00 [39m|[32m  100.00 [39m|       19 |         0 |          0 |        0 |        0 |
 lib                |[32m 100.00 [39m|[32m  100.00 [39m|       14 |         0 |          0 |        0 |        0 |
  filed-note.mjs    |[32m 100.00 [39m|[32m  100.00 [39m|       14 |         0 |          0 |        0 |        0 |
 file-back-note.mjs |[32m 100.00 [39m|[32m  100.00 [39m|        5 |         0 |          0 |        0 |        0 |
--------------------|--------|---------|----------|-----------|------------|----------|----------|
[32m01:14:23 (56220) INFO MutationTestExecutor[39m Done in 3 minutes and 45 seconds.
[32m01:14:23 (56220) INFO Sandbox[39m Resetting your original files from .stryker-tmp/backup-gCix2q.
