[32m21:55:53 (25925) INFO ProjectReader[39m Found 3 of 832 file(s) to be mutated.
[32m21:55:53 (25925) INFO Instrumenter[39m Instrumented 3 source file(s) with 41 mutant(s)
[32m21:55:53 (25925) INFO ConcurrencyTokenProvider[39m Creating 5 test runner process(es).
[32m21:55:53 (25925) INFO Sandbox[39m In place mode is enabled, Stryker will be overriding YOUR files. Find your backup at: .stryker-tmp/backup-iYcdho
[32m21:55:53 (25925) INFO BroadcastReporter[39m Detected that current console does not support the "progress" reporter, downgrading to "progress-append-only" reporter
[32m21:55:53 (25925) INFO DryRunExecutor[39m Starting initial test run (command test runner with "off" coverage analysis). This may take a while.
[32m21:55:56 (25925) INFO DryRunExecutor[39m Initial test run succeeded. Ran 1 tests in 2 seconds (net 2596 ms, overhead 0 ms).
Mutation testing 0% (elapsed: <1m, remaining: n/a) 0/41 tested (0 survived, 0 timed out)
Mutation testing 12% (elapsed: <1m, remaining: ~2m) 5/41 tested (0 survived, 0 timed out)
Mutation testing 24% (elapsed: <1m, remaining: ~1m) 10/41 tested (0 survived, 0 timed out)
Mutation testing 36% (elapsed: <1m, remaining: ~1m) 15/41 tested (0 survived, 0 timed out)
Mutation testing 39% (elapsed: <1m, remaining: ~1m) 16/41 tested (0 survived, 0 timed out)
Mutation testing 51% (elapsed: ~1m, remaining: <1m) 21/41 tested (0 survived, 0 timed out)
Mutation testing 63% (elapsed: ~1m, remaining: <1m) 26/41 tested (0 survived, 0 timed out)
Mutation testing 75% (elapsed: ~1m, remaining: <1m) 31/41 tested (0 survived, 0 timed out)
Mutation testing 82% (elapsed: ~1m, remaining: <1m) 34/41 tested (0 survived, 0 timed out)
Mutation testing 92% (elapsed: ~1m, remaining: <1m) 38/41 tested (0 survived, 0 timed out)

All tests
  ✓ All tests (killed 41)

Ran 1.00 tests per mutant on average.
----------------------|------------------|----------|-----------|------------|----------|----------|
                      | % Mutation score |          |           |            |          |          |
File                  |  total | covered | # killed | # timeout | # survived | # no cov | # errors |
----------------------|--------|---------|----------|-----------|------------|----------|----------|
All files             | 100.00 |  100.00 |       41 |         0 |          0 |        0 |        0 |
 lib                  | 100.00 |  100.00 |       11 |         0 |          0 |        0 |        0 |
  engine-heal-fs.mjs  | 100.00 |  100.00 |        4 |         0 |          0 |        0 |        0 |
  reconcile-brain.mjs | 100.00 |  100.00 |        7 |         0 |          0 |        0 |        0 |
 update-engine.mjs    | 100.00 |  100.00 |       30 |         0 |          0 |        0 |        0 |
----------------------|--------|---------|----------|-----------|------------|----------|----------|
[32m21:57:36 (25925) INFO MutationTestExecutor[39m Done in 1 minute and 43 seconds.
[32m21:57:36 (25925) INFO Sandbox[39m Resetting your original files from .stryker-tmp/backup-iYcdho.
