[32m01:38:53 (71535) INFO ProjectReader[39m Found 5 of 971 file(s) to be mutated.
[32m01:38:53 (71535) INFO Instrumenter[39m Instrumented 5 source file(s) with 406 mutant(s)
[32m01:38:53 (71535) INFO ConcurrencyTokenProvider[39m Creating 5 test runner process(es).
[32m01:38:53 (71535) INFO Sandbox[39m In place mode is enabled, Stryker will be overriding YOUR files. Find your backup at: .stryker-tmp/backup-tjx08O
[32m01:38:53 (71535) INFO BroadcastReporter[39m Detected that current console does not support the "progress" reporter, downgrading to "progress-append-only" reporter
[32m01:38:53 (71535) INFO DryRunExecutor[39m Starting initial test run (command test runner with "off" coverage analysis). This may take a while.
[32m01:39:05 (71535) INFO DryRunExecutor[39m Initial test run succeeded. Ran 1 tests in 11 seconds (net 11318 ms, overhead 0 ms).
Mutation testing 0% (elapsed: <1m, remaining: n/a) 0/406 tested (0 survived, 0 timed out)
Mutation testing 0% (elapsed: <1m, remaining: n/a) 0/406 tested (0 survived, 0 timed out)
Mutation testing 0% (elapsed: <1m, remaining: n/a) 0/406 tested (0 survived, 0 timed out)
Mutation testing 0% (elapsed: <1m, remaining: n/a) 0/406 tested (0 survived, 0 timed out)
Mutation testing 0% (elapsed: <1m, remaining: ~5h 37m) 1/406 tested (0 survived, 0 timed out)
Mutation testing 1% (elapsed: ~1m, remaining: ~1h 20m) 5/406 tested (0 survived, 0 timed out)
Mutation testing 1% (elapsed: ~1m, remaining: ~1h 33m) 5/406 tested (0 survived, 0 timed out)
Mutation testing 1% (elapsed: ~1m, remaining: ~1h 46m) 5/406 tested (0 survived, 0 timed out)
Mutation testing 1% (elapsed: ~1m, remaining: ~2h 0m) 5/406 tested (0 survived, 0 timed out)
Mutation testing 2% (elapsed: ~1m, remaining: ~1h 6m) 10/406 tested (0 survived, 0 timed out)
Mutation testing 2% (elapsed: ~1m, remaining: ~1h 12m) 10/406 tested (0 survived, 0 timed out)
Mutation testing 2% (elapsed: ~2m, remaining: ~1h 19m) 10/406 tested (0 survived, 0 timed out)
Mutation testing 2% (elapsed: ~2m, remaining: ~1h 25m) 10/406 tested (0 survived, 0 timed out)
Mutation testing 3% (elapsed: ~2m, remaining: ~1h 10m) 13/406 tested (0 survived, 0 timed out)
Mutation testing 3% (elapsed: ~2m, remaining: ~1h 5m) 15/406 tested (0 survived, 0 timed out)
Mutation testing 3% (elapsed: ~2m, remaining: ~1h 9m) 15/406 tested (0 survived, 0 timed out)
Mutation testing 3% (elapsed: ~2m, remaining: ~1h 13m) 15/406 tested (0 survived, 0 timed out)
Mutation testing 3% (elapsed: ~3m, remaining: ~1h 18m) 15/406 tested (0 survived, 0 timed out)
Mutation testing 4% (elapsed: ~3m, remaining: ~1h 1m) 20/406 tested (0 survived, 0 timed out)
Mutation testing 4% (elapsed: ~3m, remaining: ~1h 4m) 20/406 tested (0 survived, 0 timed out)
Mutation testing 4% (elapsed: ~3m, remaining: ~1h 7m) 20/406 tested (0 survived, 0 timed out)
Mutation testing 4% (elapsed: ~3m, remaining: ~1h 10m) 20/406 tested (0 survived, 0 timed out)
Mutation testing 5% (elapsed: ~3m, remaining: ~1h 1m) 24/406 tested (0 survived, 0 timed out)
Mutation testing 5% (elapsed: ~4m, remaining: ~1h 3m) 24/406 tested (0 survived, 0 timed out)
Mutation testing 5% (elapsed: ~4m, remaining: ~1h 6m) 24/406 tested (0 survived, 0 timed out)
Mutation testing 6% (elapsed: ~4m, remaining: ~1h 0m) 27/406 tested (0 survived, 1 timed out)
Mutation testing 7% (elapsed: ~4m, remaining: ~58m) 29/406 tested (0 survived, 1 timed out)
Mutation testing 7% (elapsed: ~4m, remaining: ~1h 0m) 29/406 tested (0 survived, 1 timed out)
Mutation testing 7% (elapsed: ~4m, remaining: ~1h 2m) 29/406 tested (0 survived, 1 timed out)
Mutation testing 7% (elapsed: ~5m, remaining: ~1h 2m) 30/406 tested (0 survived, 1 timed out)
Mutation testing 8% (elapsed: ~5m, remaining: ~56m) 34/406 tested (0 survived, 1 timed out)
Mutation testing 8% (elapsed: ~5m, remaining: ~58m) 34/406 tested (0 survived, 1 timed out)
Mutation testing 8% (elapsed: ~5m, remaining: ~1h 0m) 34/406 tested (0 survived, 1 timed out)
Mutation testing 8% (elapsed: ~5m, remaining: ~1h 0m) 35/406 tested (0 survived, 1 timed out)
Mutation testing 9% (elapsed: ~5m, remaining: ~56m) 38/406 tested (0 survived, 1 timed out)
Mutation testing 9% (elapsed: ~6m, remaining: ~58m) 38/406 tested (0 survived, 1 timed out)
Mutation testing 9% (elapsed: ~6m, remaining: ~59m) 38/406 tested (0 survived, 1 timed out)
Mutation testing 10% (elapsed: ~6m, remaining: ~54m) 42/406 tested (0 survived, 1 timed out)
Mutation testing 10% (elapsed: ~6m, remaining: ~54m) 43/406 tested (0 survived, 2 timed out)
Mutation testing 10% (elapsed: ~6m, remaining: ~56m) 43/406 tested (0 survived, 2 timed out)
Mutation testing 10% (elapsed: ~6m, remaining: ~57m) 43/406 tested (0 survived, 2 timed out)
Mutation testing 10% (elapsed: ~7m, remaining: ~57m) 44/406 tested (0 survived, 2 timed out)
Mutation testing 11% (elapsed: ~7m, remaining: ~53m) 48/406 tested (0 survived, 2 timed out)
Mutation testing 11% (elapsed: ~7m, remaining: ~54m) 48/406 tested (0 survived, 2 timed out)
Mutation testing 11% (elapsed: ~7m, remaining: ~55m) 48/406 tested (0 survived, 2 timed out)
Mutation testing 12% (elapsed: ~7m, remaining: ~55m) 49/406 tested (0 survived, 2 timed out)
Mutation testing 13% (elapsed: ~7m, remaining: ~52m) 53/406 tested (0 survived, 2 timed out)
Mutation testing 13% (elapsed: ~8m, remaining: ~53m) 53/406 tested (0 survived, 2 timed out)
Mutation testing 13% (elapsed: ~8m, remaining: ~54m) 53/406 tested (0 survived, 2 timed out)
Mutation testing 13% (elapsed: ~8m, remaining: ~54m) 54/406 tested (0 survived, 2 timed out)
Mutation testing 13% (elapsed: ~8m, remaining: ~55m) 54/406 tested (0 survived, 2 timed out)
Mutation testing 14% (elapsed: ~8m, remaining: ~50m) 59/406 tested (0 survived, 2 timed out)
Mutation testing 14% (elapsed: ~8m, remaining: ~51m) 59/406 tested (0 survived, 2 timed out)
Mutation testing 14% (elapsed: ~9m, remaining: ~52m) 59/406 tested (0 survived, 2 timed out)
Mutation testing 14% (elapsed: ~9m, remaining: ~53m) 59/406 tested (0 survived, 2 timed out)
Mutation testing 14% (elapsed: ~9m, remaining: ~54m) 59/406 tested (0 survived, 2 timed out)
Mutation testing 15% (elapsed: ~9m, remaining: ~50m) 64/406 tested (1 survived, 2 timed out)
Mutation testing 15% (elapsed: ~9m, remaining: ~51m) 64/406 tested (1 survived, 2 timed out)
Mutation testing 15% (elapsed: ~9m, remaining: ~52m) 64/406 tested (1 survived, 2 timed out)
Mutation testing 15% (elapsed: ~10m, remaining: ~53m) 64/406 tested (1 survived, 2 timed out)
Mutation testing 15% (elapsed: ~10m, remaining: ~54m) 64/406 tested (1 survived, 2 timed out)
Mutation testing 16% (elapsed: ~10m, remaining: ~50m) 69/406 tested (1 survived, 2 timed out)
Mutation testing 16% (elapsed: ~10m, remaining: ~51m) 69/406 tested (1 survived, 2 timed out)
Mutation testing 16% (elapsed: ~10m, remaining: ~52m) 69/406 tested (1 survived, 2 timed out)
Mutation testing 16% (elapsed: ~10m, remaining: ~52m) 69/406 tested (1 survived, 2 timed out)
Mutation testing 17% (elapsed: ~11m, remaining: ~51m) 72/406 tested (1 survived, 2 timed out)
Mutation testing 18% (elapsed: ~11m, remaining: ~50m) 74/406 tested (1 survived, 2 timed out)
Mutation testing 18% (elapsed: ~11m, remaining: ~50m) 74/406 tested (1 survived, 2 timed out)
Mutation testing 18% (elapsed: ~11m, remaining: ~51m) 74/406 tested (1 survived, 2 timed out)
Mutation testing 18% (elapsed: ~11m, remaining: ~52m) 74/406 tested (1 survived, 2 timed out)
Mutation testing 19% (elapsed: ~11m, remaining: ~48m) 79/406 tested (1 survived, 2 timed out)
Mutation testing 19% (elapsed: ~12m, remaining: ~49m) 79/406 tested (1 survived, 2 timed out)
Mutation testing 19% (elapsed: ~12m, remaining: ~50m) 79/406 tested (1 survived, 2 timed out)
Mutation testing 19% (elapsed: ~12m, remaining: ~51m) 79/406 tested (1 survived, 2 timed out)
Mutation testing 19% (elapsed: ~12m, remaining: ~51m) 79/406 tested (1 survived, 2 timed out)
Mutation testing 20% (elapsed: ~12m, remaining: ~48m) 84/406 tested (1 survived, 2 timed out)
Mutation testing 20% (elapsed: ~12m, remaining: ~49m) 84/406 tested (1 survived, 2 timed out)
Mutation testing 20% (elapsed: ~13m, remaining: ~49m) 84/406 tested (1 survived, 2 timed out)
Mutation testing 20% (elapsed: ~13m, remaining: ~50m) 84/406 tested (1 survived, 2 timed out)
Mutation testing 20% (elapsed: ~13m, remaining: ~51m) 84/406 tested (1 survived, 2 timed out)
Mutation testing 21% (elapsed: ~13m, remaining: ~48m) 89/406 tested (1 survived, 2 timed out)
Mutation testing 21% (elapsed: ~13m, remaining: ~48m) 89/406 tested (1 survived, 2 timed out)
Mutation testing 21% (elapsed: ~13m, remaining: ~49m) 89/406 tested (1 survived, 2 timed out)
Mutation testing 21% (elapsed: ~14m, remaining: ~49m) 89/406 tested (1 survived, 2 timed out)
Mutation testing 21% (elapsed: ~14m, remaining: ~50m) 89/406 tested (1 survived, 2 timed out)
Mutation testing 23% (elapsed: ~14m, remaining: ~47m) 94/406 tested (1 survived, 2 timed out)
Mutation testing 23% (elapsed: ~14m, remaining: ~48m) 94/406 tested (1 survived, 2 timed out)
Mutation testing 23% (elapsed: ~14m, remaining: ~48m) 94/406 tested (1 survived, 2 timed out)
Mutation testing 23% (elapsed: ~14m, remaining: ~49m) 94/406 tested (1 survived, 2 timed out)
Mutation testing 23% (elapsed: ~15m, remaining: ~47m) 97/406 tested (1 survived, 2 timed out)
Mutation testing 24% (elapsed: ~15m, remaining: ~47m) 99/406 tested (1 survived, 2 timed out)
Mutation testing 24% (elapsed: ~15m, remaining: ~47m) 99/406 tested (1 survived, 2 timed out)
Mutation testing 24% (elapsed: ~15m, remaining: ~48m) 99/406 tested (1 survived, 2 timed out)
Mutation testing 24% (elapsed: ~15m, remaining: ~48m) 99/406 tested (1 survived, 2 timed out)
Mutation testing 25% (elapsed: ~15m, remaining: ~45m) 104/406 tested (1 survived, 2 timed out)
Mutation testing 25% (elapsed: ~16m, remaining: ~46m) 104/406 tested (1 survived, 2 timed out)
Mutation testing 25% (elapsed: ~16m, remaining: ~46m) 104/406 tested (1 survived, 2 timed out)
Mutation testing 25% (elapsed: ~16m, remaining: ~47m) 104/406 tested (1 survived, 2 timed out)
Mutation testing 25% (elapsed: ~16m, remaining: ~47m) 104/406 tested (1 survived, 2 timed out)
Mutation testing 26% (elapsed: ~16m, remaining: ~45m) 109/406 tested (1 survived, 2 timed out)
Mutation testing 26% (elapsed: ~16m, remaining: ~45m) 109/406 tested (1 survived, 2 timed out)
Mutation testing 26% (elapsed: ~17m, remaining: ~46m) 109/406 tested (1 survived, 2 timed out)
Mutation testing 26% (elapsed: ~17m, remaining: ~46m) 109/406 tested (1 survived, 2 timed out)
Mutation testing 26% (elapsed: ~17m, remaining: ~47m) 109/406 tested (1 survived, 2 timed out)
Mutation testing 28% (elapsed: ~17m, remaining: ~44m) 114/406 tested (1 survived, 2 timed out)
Mutation testing 28% (elapsed: ~17m, remaining: ~45m) 114/406 tested (1 survived, 2 timed out)
Mutation testing 28% (elapsed: ~17m, remaining: ~45m) 114/406 tested (1 survived, 2 timed out)
Mutation testing 28% (elapsed: ~18m, remaining: ~46m) 114/406 tested (1 survived, 2 timed out)
Mutation testing 28% (elapsed: ~18m, remaining: ~46m) 114/406 tested (1 survived, 2 timed out)
Mutation testing 29% (elapsed: ~18m, remaining: ~44m) 119/406 tested (1 survived, 2 timed out)
Mutation testing 29% (elapsed: ~18m, remaining: ~44m) 119/406 tested (1 survived, 2 timed out)
Mutation testing 29% (elapsed: ~18m, remaining: ~45m) 119/406 tested (1 survived, 2 timed out)
Mutation testing 29% (elapsed: ~18m, remaining: ~45m) 119/406 tested (1 survived, 2 timed out)
Mutation testing 29% (elapsed: ~19m, remaining: ~44m) 121/406 tested (1 survived, 2 timed out)
Mutation testing 30% (elapsed: ~19m, remaining: ~43m) 124/406 tested (3 survived, 2 timed out)
Mutation testing 30% (elapsed: ~19m, remaining: ~43m) 124/406 tested (3 survived, 2 timed out)
Mutation testing 30% (elapsed: ~19m, remaining: ~44m) 124/406 tested (3 survived, 2 timed out)
Mutation testing 30% (elapsed: ~19m, remaining: ~44m) 124/406 tested (3 survived, 2 timed out)
Mutation testing 31% (elapsed: ~19m, remaining: ~42m) 129/406 tested (3 survived, 2 timed out)
Mutation testing 31% (elapsed: ~20m, remaining: ~42m) 129/406 tested (3 survived, 2 timed out)
Mutation testing 31% (elapsed: ~20m, remaining: ~43m) 129/406 tested (3 survived, 2 timed out)
Mutation testing 31% (elapsed: ~20m, remaining: ~43m) 129/406 tested (3 survived, 2 timed out)
Mutation testing 32% (elapsed: ~20m, remaining: ~43m) 130/406 tested (3 survived, 2 timed out)
Mutation testing 33% (elapsed: ~20m, remaining: ~41m) 134/406 tested (3 survived, 2 timed out)
Mutation testing 33% (elapsed: ~20m, remaining: ~42m) 134/406 tested (3 survived, 2 timed out)
Mutation testing 33% (elapsed: ~21m, remaining: ~42m) 134/406 tested (3 survived, 2 timed out)
Mutation testing 33% (elapsed: ~21m, remaining: ~42m) 134/406 tested (3 survived, 2 timed out)
Mutation testing 34% (elapsed: ~21m, remaining: ~40m) 139/406 tested (3 survived, 2 timed out)
Mutation testing 34% (elapsed: ~21m, remaining: ~41m) 139/406 tested (3 survived, 2 timed out)
Mutation testing 34% (elapsed: ~21m, remaining: ~41m) 139/406 tested (3 survived, 2 timed out)
Mutation testing 34% (elapsed: ~21m, remaining: ~41m) 139/406 tested (3 survived, 2 timed out)
Mutation testing 34% (elapsed: ~22m, remaining: ~41m) 140/406 tested (3 survived, 2 timed out)
Mutation testing 35% (elapsed: ~22m, remaining: ~40m) 144/406 tested (3 survived, 2 timed out)
Mutation testing 35% (elapsed: ~22m, remaining: ~40m) 144/406 tested (3 survived, 2 timed out)
Mutation testing 35% (elapsed: ~22m, remaining: ~40m) 144/406 tested (3 survived, 2 timed out)
Mutation testing 35% (elapsed: ~22m, remaining: ~40m) 145/406 tested (3 survived, 2 timed out)
Mutation testing 36% (elapsed: ~22m, remaining: ~39m) 149/406 tested (3 survived, 2 timed out)
Mutation testing 36% (elapsed: ~23m, remaining: ~39m) 149/406 tested (3 survived, 2 timed out)
Mutation testing 36% (elapsed: ~23m, remaining: ~39m) 149/406 tested (3 survived, 2 timed out)
Mutation testing 36% (elapsed: ~23m, remaining: ~40m) 149/406 tested (3 survived, 2 timed out)
Mutation testing 36% (elapsed: ~23m, remaining: ~40m) 150/406 tested (3 survived, 2 timed out)
Mutation testing 37% (elapsed: ~23m, remaining: ~38m) 154/406 tested (3 survived, 2 timed out)
Mutation testing 37% (elapsed: ~23m, remaining: ~39m) 154/406 tested (3 survived, 2 timed out)
Mutation testing 37% (elapsed: ~24m, remaining: ~39m) 154/406 tested (3 survived, 2 timed out)
Mutation testing 38% (elapsed: ~24m, remaining: ~39m) 155/406 tested (3 survived, 2 timed out)
Mutation testing 39% (elapsed: ~24m, remaining: ~37m) 159/406 tested (3 survived, 2 timed out)
Mutation testing 39% (elapsed: ~24m, remaining: ~38m) 159/406 tested (3 survived, 2 timed out)
Mutation testing 39% (elapsed: ~24m, remaining: ~38m) 159/406 tested (3 survived, 2 timed out)
Mutation testing 39% (elapsed: ~24m, remaining: ~38m) 159/406 tested (3 survived, 2 timed out)
Mutation testing 39% (elapsed: ~25m, remaining: ~38m) 160/406 tested (3 survived, 2 timed out)
Mutation testing 40% (elapsed: ~25m, remaining: ~37m) 164/406 tested (4 survived, 2 timed out)
Mutation testing 40% (elapsed: ~25m, remaining: ~37m) 164/406 tested (4 survived, 2 timed out)
Mutation testing 40% (elapsed: ~25m, remaining: ~37m) 164/406 tested (4 survived, 2 timed out)
Mutation testing 40% (elapsed: ~25m, remaining: ~37m) 165/406 tested (4 survived, 2 timed out)
Mutation testing 40% (elapsed: ~25m, remaining: ~37m) 166/406 tested (4 survived, 2 timed out)
Mutation testing 41% (elapsed: ~26m, remaining: ~36m) 170/406 tested (4 survived, 2 timed out)
Mutation testing 41% (elapsed: ~26m, remaining: ~36m) 170/406 tested (4 survived, 2 timed out)
Mutation testing 41% (elapsed: ~26m, remaining: ~36m) 170/406 tested (4 survived, 2 timed out)
Mutation testing 41% (elapsed: ~26m, remaining: ~36m) 170/406 tested (4 survived, 2 timed out)
Mutation testing 43% (elapsed: ~26m, remaining: ~35m) 175/406 tested (5 survived, 2 timed out)
Mutation testing 43% (elapsed: ~26m, remaining: ~35m) 175/406 tested (5 survived, 2 timed out)
Mutation testing 43% (elapsed: ~27m, remaining: ~35m) 175/406 tested (5 survived, 2 timed out)
Mutation testing 43% (elapsed: ~27m, remaining: ~35m) 175/406 tested (5 survived, 2 timed out)
Mutation testing 44% (elapsed: ~27m, remaining: ~34m) 180/406 tested (5 survived, 2 timed out)
Mutation testing 44% (elapsed: ~27m, remaining: ~34m) 180/406 tested (5 survived, 2 timed out)
Mutation testing 44% (elapsed: ~27m, remaining: ~34m) 180/406 tested (5 survived, 2 timed out)
Mutation testing 44% (elapsed: ~27m, remaining: ~34m) 180/406 tested (5 survived, 2 timed out)
Mutation testing 44% (elapsed: ~28m, remaining: ~35m) 180/406 tested (5 survived, 2 timed out)
Mutation testing 45% (elapsed: ~28m, remaining: ~33m) 185/406 tested (5 survived, 2 timed out)
Mutation testing 45% (elapsed: ~28m, remaining: ~33m) 185/406 tested (5 survived, 2 timed out)
Mutation testing 45% (elapsed: ~28m, remaining: ~34m) 185/406 tested (5 survived, 2 timed out)
Mutation testing 45% (elapsed: ~28m, remaining: ~34m) 185/406 tested (5 survived, 2 timed out)
Mutation testing 46% (elapsed: ~28m, remaining: ~32m) 190/406 tested (5 survived, 2 timed out)
Mutation testing 46% (elapsed: ~29m, remaining: ~32m) 190/406 tested (5 survived, 2 timed out)
Mutation testing 46% (elapsed: ~29m, remaining: ~33m) 190/406 tested (5 survived, 2 timed out)
Mutation testing 46% (elapsed: ~29m, remaining: ~33m) 190/406 tested (5 survived, 2 timed out)
Mutation testing 47% (elapsed: ~29m, remaining: ~32m) 192/406 tested (5 survived, 2 timed out)
Mutation testing 48% (elapsed: ~29m, remaining: ~32m) 195/406 tested (5 survived, 2 timed out)
Mutation testing 48% (elapsed: ~29m, remaining: ~32m) 195/406 tested (5 survived, 2 timed out)
Mutation testing 48% (elapsed: ~30m, remaining: ~32m) 195/406 tested (5 survived, 2 timed out)
Mutation testing 48% (elapsed: ~30m, remaining: ~32m) 196/406 tested (5 survived, 2 timed out)
Mutation testing 49% (elapsed: ~30m, remaining: ~31m) 200/406 tested (5 survived, 2 timed out)
Mutation testing 49% (elapsed: ~30m, remaining: ~31m) 200/406 tested (5 survived, 2 timed out)
Mutation testing 49% (elapsed: ~30m, remaining: ~31m) 200/406 tested (5 survived, 2 timed out)
Mutation testing 49% (elapsed: ~30m, remaining: ~31m) 200/406 tested (5 survived, 2 timed out)
Mutation testing 50% (elapsed: ~31m, remaining: ~30m) 205/406 tested (5 survived, 2 timed out)
Mutation testing 50% (elapsed: ~31m, remaining: ~30m) 205/406 tested (5 survived, 2 timed out)
Mutation testing 50% (elapsed: ~31m, remaining: ~30m) 205/406 tested (5 survived, 2 timed out)
Mutation testing 50% (elapsed: ~31m, remaining: ~30m) 205/406 tested (5 survived, 2 timed out)
Mutation testing 50% (elapsed: ~31m, remaining: ~30m) 206/406 tested (6 survived, 2 timed out)
Mutation testing 51% (elapsed: ~31m, remaining: ~29m) 210/406 tested (6 survived, 2 timed out)
Mutation testing 51% (elapsed: ~32m, remaining: ~29m) 210/406 tested (6 survived, 2 timed out)
Mutation testing 51% (elapsed: ~32m, remaining: ~30m) 210/406 tested (6 survived, 2 timed out)
Mutation testing 51% (elapsed: ~32m, remaining: ~29m) 211/406 tested (6 survived, 2 timed out)
Mutation testing 52% (elapsed: ~32m, remaining: ~28m) 215/406 tested (6 survived, 2 timed out)
Mutation testing 52% (elapsed: ~32m, remaining: ~29m) 215/406 tested (6 survived, 2 timed out)
Mutation testing 52% (elapsed: ~32m, remaining: ~29m) 215/406 tested (6 survived, 2 timed out)
Mutation testing 52% (elapsed: ~33m, remaining: ~29m) 215/406 tested (6 survived, 2 timed out)
Mutation testing 53% (elapsed: ~33m, remaining: ~29m) 216/406 tested (6 survived, 2 timed out)
Mutation testing 54% (elapsed: ~33m, remaining: ~28m) 220/406 tested (6 survived, 2 timed out)
Mutation testing 54% (elapsed: ~33m, remaining: ~28m) 220/406 tested (6 survived, 2 timed out)
Mutation testing 54% (elapsed: ~33m, remaining: ~28m) 220/406 tested (6 survived, 2 timed out)
Mutation testing 54% (elapsed: ~33m, remaining: ~28m) 221/406 tested (6 survived, 2 timed out)
Mutation testing 55% (elapsed: ~34m, remaining: ~27m) 225/406 tested (6 survived, 2 timed out)
Mutation testing 55% (elapsed: ~34m, remaining: ~27m) 225/406 tested (6 survived, 2 timed out)
Mutation testing 55% (elapsed: ~34m, remaining: ~27m) 225/406 tested (6 survived, 2 timed out)
Mutation testing 55% (elapsed: ~34m, remaining: ~27m) 226/406 tested (6 survived, 2 timed out)
Mutation testing 55% (elapsed: ~34m, remaining: ~27m) 227/406 tested (6 survived, 2 timed out)
Mutation testing 56% (elapsed: ~34m, remaining: ~26m) 230/406 tested (6 survived, 2 timed out)
Mutation testing 56% (elapsed: ~35m, remaining: ~26m) 231/406 tested (6 survived, 2 timed out)
Mutation testing 56% (elapsed: ~35m, remaining: ~26m) 231/406 tested (6 survived, 2 timed out)
Mutation testing 56% (elapsed: ~35m, remaining: ~26m) 231/406 tested (6 survived, 2 timed out)
Mutation testing 57% (elapsed: ~35m, remaining: ~25m) 235/406 tested (6 survived, 2 timed out)
Mutation testing 58% (elapsed: ~35m, remaining: ~25m) 236/406 tested (6 survived, 2 timed out)
Mutation testing 58% (elapsed: ~35m, remaining: ~25m) 236/406 tested (6 survived, 2 timed out)
Mutation testing 58% (elapsed: ~36m, remaining: ~25m) 236/406 tested (6 survived, 2 timed out)
Mutation testing 59% (elapsed: ~36m, remaining: ~25m) 240/406 tested (6 survived, 2 timed out)
Mutation testing 59% (elapsed: ~36m, remaining: ~24m) 241/406 tested (6 survived, 2 timed out)
Mutation testing 59% (elapsed: ~36m, remaining: ~24m) 241/406 tested (6 survived, 2 timed out)
Mutation testing 59% (elapsed: ~36m, remaining: ~25m) 241/406 tested (6 survived, 2 timed out)
Mutation testing 59% (elapsed: ~36m, remaining: ~24m) 242/406 tested (6 survived, 2 timed out)
Mutation testing 60% (elapsed: ~37m, remaining: ~24m) 246/406 tested (6 survived, 2 timed out)
Mutation testing 60% (elapsed: ~37m, remaining: ~24m) 246/406 tested (6 survived, 2 timed out)
Mutation testing 60% (elapsed: ~37m, remaining: ~24m) 246/406 tested (6 survived, 2 timed out)
Mutation testing 60% (elapsed: ~37m, remaining: ~24m) 246/406 tested (6 survived, 2 timed out)
Mutation testing 61% (elapsed: ~37m, remaining: ~23m) 248/406 tested (6 survived, 2 timed out)
Mutation testing 61% (elapsed: ~37m, remaining: ~23m) 251/406 tested (6 survived, 2 timed out)
Mutation testing 61% (elapsed: ~38m, remaining: ~23m) 251/406 tested (6 survived, 2 timed out)
Mutation testing 61% (elapsed: ~38m, remaining: ~23m) 251/406 tested (6 survived, 2 timed out)
Mutation testing 62% (elapsed: ~38m, remaining: ~23m) 252/406 tested (6 survived, 2 timed out)
Mutation testing 63% (elapsed: ~38m, remaining: ~22m) 256/406 tested (6 survived, 2 timed out)
Mutation testing 63% (elapsed: ~38m, remaining: ~22m) 256/406 tested (6 survived, 2 timed out)
Mutation testing 63% (elapsed: ~38m, remaining: ~22m) 256/406 tested (6 survived, 2 timed out)
Mutation testing 63% (elapsed: ~39m, remaining: ~22m) 257/406 tested (6 survived, 2 timed out)
Mutation testing 64% (elapsed: ~39m, remaining: ~21m) 261/406 tested (6 survived, 2 timed out)
Mutation testing 64% (elapsed: ~39m, remaining: ~21m) 261/406 tested (6 survived, 2 timed out)
Mutation testing 64% (elapsed: ~39m, remaining: ~21m) 261/406 tested (6 survived, 2 timed out)
Mutation testing 64% (elapsed: ~39m, remaining: ~21m) 262/406 tested (6 survived, 2 timed out)
Mutation testing 64% (elapsed: ~39m, remaining: ~21m) 262/406 tested (6 survived, 2 timed out)
Mutation testing 65% (elapsed: ~40m, remaining: ~21m) 266/406 tested (6 survived, 2 timed out)
Mutation testing 65% (elapsed: ~40m, remaining: ~21m) 266/406 tested (6 survived, 2 timed out)
Mutation testing 65% (elapsed: ~40m, remaining: ~20m) 267/406 tested (6 survived, 2 timed out)
Mutation testing 65% (elapsed: ~40m, remaining: ~21m) 267/406 tested (6 survived, 2 timed out)
Mutation testing 66% (elapsed: ~40m, remaining: ~20m) 271/406 tested (6 survived, 2 timed out)
Mutation testing 66% (elapsed: ~40m, remaining: ~20m) 272/406 tested (6 survived, 2 timed out)
Mutation testing 66% (elapsed: ~41m, remaining: ~20m) 272/406 tested (6 survived, 2 timed out)
Mutation testing 66% (elapsed: ~41m, remaining: ~20m) 272/406 tested (6 survived, 2 timed out)
Mutation testing 66% (elapsed: ~41m, remaining: ~20m) 272/406 tested (6 survived, 2 timed out)
Mutation testing 68% (elapsed: ~41m, remaining: ~19m) 277/406 tested (6 survived, 2 timed out)
Mutation testing 68% (elapsed: ~41m, remaining: ~19m) 277/406 tested (6 survived, 2 timed out)
Mutation testing 68% (elapsed: ~41m, remaining: ~19m) 277/406 tested (6 survived, 2 timed out)
Mutation testing 68% (elapsed: ~42m, remaining: ~19m) 277/406 tested (6 survived, 2 timed out)
Mutation testing 68% (elapsed: ~42m, remaining: ~19m) 277/406 tested (6 survived, 2 timed out)
Mutation testing 69% (elapsed: ~42m, remaining: ~18m) 282/406 tested (6 survived, 2 timed out)
Mutation testing 69% (elapsed: ~42m, remaining: ~18m) 282/406 tested (6 survived, 2 timed out)
Mutation testing 69% (elapsed: ~42m, remaining: ~18m) 282/406 tested (6 survived, 2 timed out)
Mutation testing 69% (elapsed: ~42m, remaining: ~18m) 282/406 tested (6 survived, 2 timed out)
Mutation testing 70% (elapsed: ~43m, remaining: ~17m) 287/406 tested (6 survived, 2 timed out)
Mutation testing 70% (elapsed: ~43m, remaining: ~17m) 287/406 tested (6 survived, 2 timed out)
Mutation testing 70% (elapsed: ~43m, remaining: ~17m) 287/406 tested (6 survived, 2 timed out)
Mutation testing 70% (elapsed: ~43m, remaining: ~18m) 287/406 tested (6 survived, 2 timed out)
Mutation testing 70% (elapsed: ~43m, remaining: ~18m) 287/406 tested (6 survived, 2 timed out)
Mutation testing 71% (elapsed: ~43m, remaining: ~17m) 292/406 tested (6 survived, 2 timed out)
Mutation testing 71% (elapsed: ~44m, remaining: ~17m) 292/406 tested (6 survived, 2 timed out)
Mutation testing 71% (elapsed: ~44m, remaining: ~17m) 292/406 tested (6 survived, 2 timed out)
Mutation testing 71% (elapsed: ~44m, remaining: ~17m) 292/406 tested (6 survived, 2 timed out)
Mutation testing 72% (elapsed: ~44m, remaining: ~16m) 295/406 tested (6 survived, 2 timed out)
Mutation testing 73% (elapsed: ~44m, remaining: ~16m) 297/406 tested (6 survived, 2 timed out)
Mutation testing 73% (elapsed: ~44m, remaining: ~16m) 297/406 tested (6 survived, 2 timed out)
Mutation testing 73% (elapsed: ~45m, remaining: ~16m) 297/406 tested (6 survived, 2 timed out)
Mutation testing 73% (elapsed: ~45m, remaining: ~16m) 297/406 tested (6 survived, 2 timed out)
Mutation testing 74% (elapsed: ~45m, remaining: ~15m) 302/406 tested (6 survived, 2 timed out)
Mutation testing 74% (elapsed: ~45m, remaining: ~15m) 302/406 tested (6 survived, 2 timed out)
Mutation testing 74% (elapsed: ~45m, remaining: ~15m) 302/406 tested (6 survived, 2 timed out)
Mutation testing 74% (elapsed: ~45m, remaining: ~15m) 302/406 tested (6 survived, 2 timed out)
Mutation testing 74% (elapsed: ~46m, remaining: ~15m) 302/406 tested (6 survived, 2 timed out)
Mutation testing 75% (elapsed: ~46m, remaining: ~14m) 307/406 tested (6 survived, 2 timed out)
Mutation testing 75% (elapsed: ~46m, remaining: ~14m) 307/406 tested (6 survived, 2 timed out)
Mutation testing 75% (elapsed: ~46m, remaining: ~14m) 307/406 tested (6 survived, 2 timed out)
Mutation testing 75% (elapsed: ~46m, remaining: ~15m) 307/406 tested (6 survived, 2 timed out)
Mutation testing 76% (elapsed: ~46m, remaining: ~14m) 309/406 tested (6 survived, 2 timed out)
Mutation testing 76% (elapsed: ~47m, remaining: ~14m) 312/406 tested (6 survived, 2 timed out)
Mutation testing 76% (elapsed: ~47m, remaining: ~14m) 312/406 tested (6 survived, 2 timed out)
Mutation testing 76% (elapsed: ~47m, remaining: ~14m) 312/406 tested (6 survived, 2 timed out)
Mutation testing 76% (elapsed: ~47m, remaining: ~14m) 312/406 tested (6 survived, 2 timed out)
Mutation testing 78% (elapsed: ~47m, remaining: ~13m) 317/406 tested (6 survived, 2 timed out)
Mutation testing 78% (elapsed: ~47m, remaining: ~13m) 317/406 tested (6 survived, 2 timed out)
Mutation testing 78% (elapsed: ~48m, remaining: ~13m) 317/406 tested (6 survived, 2 timed out)
Mutation testing 78% (elapsed: ~48m, remaining: ~13m) 317/406 tested (6 survived, 2 timed out)
Mutation testing 78% (elapsed: ~48m, remaining: ~13m) 317/406 tested (6 survived, 2 timed out)
Mutation testing 79% (elapsed: ~48m, remaining: ~12m) 322/406 tested (6 survived, 2 timed out)
Mutation testing 79% (elapsed: ~48m, remaining: ~12m) 322/406 tested (6 survived, 2 timed out)
Mutation testing 79% (elapsed: ~48m, remaining: ~12m) 322/406 tested (6 survived, 2 timed out)
Mutation testing 79% (elapsed: ~49m, remaining: ~12m) 322/406 tested (6 survived, 2 timed out)
Mutation testing 80% (elapsed: ~49m, remaining: ~11m) 327/406 tested (6 survived, 2 timed out)
Mutation testing 80% (elapsed: ~49m, remaining: ~11m) 327/406 tested (6 survived, 2 timed out)
Mutation testing 80% (elapsed: ~49m, remaining: ~11m) 327/406 tested (6 survived, 2 timed out)
Mutation testing 80% (elapsed: ~49m, remaining: ~11m) 327/406 tested (6 survived, 2 timed out)
Mutation testing 80% (elapsed: ~49m, remaining: ~11m) 328/406 tested (6 survived, 2 timed out)
Mutation testing 81% (elapsed: ~50m, remaining: ~11m) 332/406 tested (6 survived, 2 timed out)
Mutation testing 81% (elapsed: ~50m, remaining: ~11m) 332/406 tested (6 survived, 2 timed out)
Mutation testing 81% (elapsed: ~50m, remaining: ~11m) 332/406 tested (6 survived, 2 timed out)
Mutation testing 81% (elapsed: ~50m, remaining: ~11m) 332/406 tested (6 survived, 2 timed out)
Mutation testing 82% (elapsed: ~50m, remaining: ~10m) 336/406 tested (6 survived, 2 timed out)
Mutation testing 83% (elapsed: ~50m, remaining: ~10m) 337/406 tested (6 survived, 2 timed out)
Mutation testing 83% (elapsed: ~51m, remaining: ~10m) 337/406 tested (6 survived, 2 timed out)
Mutation testing 83% (elapsed: ~51m, remaining: ~10m) 337/406 tested (6 survived, 2 timed out)
Mutation testing 83% (elapsed: ~51m, remaining: ~10m) 338/406 tested (6 survived, 2 timed out)
Mutation testing 84% (elapsed: ~51m, remaining: ~9m) 342/406 tested (6 survived, 2 timed out)
Mutation testing 84% (elapsed: ~51m, remaining: ~9m) 342/406 tested (6 survived, 2 timed out)
Mutation testing 84% (elapsed: ~51m, remaining: ~9m) 342/406 tested (6 survived, 2 timed out)
Mutation testing 84% (elapsed: ~52m, remaining: ~9m) 343/406 tested (6 survived, 2 timed out)
Mutation testing 85% (elapsed: ~52m, remaining: ~8m) 347/406 tested (6 survived, 2 timed out)
Mutation testing 85% (elapsed: ~52m, remaining: ~8m) 347/406 tested (6 survived, 2 timed out)
Mutation testing 85% (elapsed: ~52m, remaining: ~8m) 347/406 tested (6 survived, 2 timed out)
Mutation testing 85% (elapsed: ~52m, remaining: ~8m) 347/406 tested (6 survived, 2 timed out)
Mutation testing 85% (elapsed: ~52m, remaining: ~8m) 348/406 tested (6 survived, 2 timed out)
Mutation testing 86% (elapsed: ~53m, remaining: ~8m) 352/406 tested (6 survived, 2 timed out)
Mutation testing 86% (elapsed: ~53m, remaining: ~8m) 352/406 tested (6 survived, 2 timed out)
Mutation testing 86% (elapsed: ~53m, remaining: ~8m) 352/406 tested (6 survived, 2 timed out)
Mutation testing 86% (elapsed: ~53m, remaining: ~8m) 353/406 tested (6 survived, 2 timed out)
Mutation testing 87% (elapsed: ~53m, remaining: ~7m) 357/406 tested (6 survived, 2 timed out)
Mutation testing 87% (elapsed: ~53m, remaining: ~7m) 357/406 tested (6 survived, 2 timed out)
Mutation testing 87% (elapsed: ~54m, remaining: ~7m) 357/406 tested (6 survived, 2 timed out)
Mutation testing 88% (elapsed: ~54m, remaining: ~7m) 358/406 tested (6 survived, 2 timed out)
Mutation testing 88% (elapsed: ~54m, remaining: ~7m) 358/406 tested (6 survived, 2 timed out)
Mutation testing 89% (elapsed: ~54m, remaining: ~6m) 362/406 tested (6 survived, 2 timed out)
Mutation testing 89% (elapsed: ~54m, remaining: ~6m) 363/406 tested (6 survived, 2 timed out)
Mutation testing 89% (elapsed: ~54m, remaining: ~6m) 363/406 tested (6 survived, 2 timed out)
Mutation testing 89% (elapsed: ~55m, remaining: ~6m) 363/406 tested (6 survived, 2 timed out)
Mutation testing 90% (elapsed: ~55m, remaining: ~5m) 367/406 tested (6 survived, 2 timed out)
Mutation testing 90% (elapsed: ~55m, remaining: ~5m) 368/406 tested (6 survived, 2 timed out)
Mutation testing 90% (elapsed: ~55m, remaining: ~5m) 368/406 tested (6 survived, 2 timed out)
Mutation testing 90% (elapsed: ~55m, remaining: ~5m) 368/406 tested (6 survived, 2 timed out)
Mutation testing 90% (elapsed: ~55m, remaining: ~5m) 368/406 tested (6 survived, 2 timed out)
Mutation testing 91% (elapsed: ~56m, remaining: ~4m) 373/406 tested (6 survived, 2 timed out)
Mutation testing 91% (elapsed: ~56m, remaining: ~4m) 373/406 tested (6 survived, 2 timed out)
Mutation testing 91% (elapsed: ~56m, remaining: ~4m) 373/406 tested (6 survived, 2 timed out)
Mutation testing 91% (elapsed: ~56m, remaining: ~5m) 373/406 tested (6 survived, 2 timed out)
Mutation testing 91% (elapsed: ~56m, remaining: ~5m) 373/406 tested (6 survived, 2 timed out)
Mutation testing 93% (elapsed: ~56m, remaining: ~4m) 378/406 tested (6 survived, 2 timed out)
Mutation testing 93% (elapsed: ~57m, remaining: ~4m) 378/406 tested (6 survived, 2 timed out)
Mutation testing 93% (elapsed: ~57m, remaining: ~4m) 378/406 tested (6 survived, 2 timed out)
Mutation testing 93% (elapsed: ~57m, remaining: ~4m) 378/406 tested (6 survived, 2 timed out)
Mutation testing 94% (elapsed: ~57m, remaining: ~3m) 383/406 tested (6 survived, 2 timed out)
Mutation testing 94% (elapsed: ~57m, remaining: ~3m) 383/406 tested (6 survived, 2 timed out)
Mutation testing 94% (elapsed: ~57m, remaining: ~3m) 383/406 tested (6 survived, 2 timed out)
Mutation testing 94% (elapsed: ~58m, remaining: ~3m) 383/406 tested (6 survived, 2 timed out)
Mutation testing 94% (elapsed: ~58m, remaining: ~3m) 383/406 tested (6 survived, 2 timed out)
Mutation testing 95% (elapsed: ~58m, remaining: ~2m) 388/406 tested (7 survived, 2 timed out)
Mutation testing 95% (elapsed: ~58m, remaining: ~2m) 388/406 tested (7 survived, 2 timed out)
Mutation testing 95% (elapsed: ~58m, remaining: ~2m) 388/406 tested (7 survived, 2 timed out)
Mutation testing 95% (elapsed: ~58m, remaining: ~2m) 388/406 tested (7 survived, 2 timed out)
Mutation testing 96% (elapsed: ~59m, remaining: ~1m) 393/406 tested (7 survived, 2 timed out)
Mutation testing 96% (elapsed: ~59m, remaining: ~1m) 393/406 tested (7 survived, 2 timed out)
Mutation testing 96% (elapsed: ~59m, remaining: ~1m) 393/406 tested (7 survived, 2 timed out)
Mutation testing 96% (elapsed: ~59m, remaining: ~1m) 393/406 tested (7 survived, 2 timed out)
Mutation testing 97% (elapsed: ~59m, remaining: ~1m) 394/406 tested (7 survived, 2 timed out)
Mutation testing 98% (elapsed: ~59m, remaining: ~1m) 398/406 tested (7 survived, 2 timed out)
Mutation testing 98% (elapsed: ~1h 0m, remaining: ~1m) 398/406 tested (7 survived, 2 timed out)
Mutation testing 98% (elapsed: ~1h 0m, remaining: ~1m) 398/406 tested (7 survived, 2 timed out)
Mutation testing 98% (elapsed: ~1h 0m, remaining: ~1m) 398/406 tested (7 survived, 2 timed out)
Mutation testing 99% (elapsed: ~1h 0m, remaining: <1m) 403/406 tested (8 survived, 2 timed out)
Mutation testing 99% (elapsed: ~1h 0m, remaining: <1m) 403/406 tested (8 survived, 2 timed out)
Mutation testing 99% (elapsed: ~1h 0m, remaining: <1m) 403/406 tested (8 survived, 2 timed out)

All tests
  ✓ All tests (killed 396)

[Survived] ArrayDeclaration
scripts/dated-note-path.mjs:86:13
-       notes = [];
+       notes = ["Stryker was here"];

[Survived] StringLiteral
scripts/file-back-note.mjs:83:58
-         { existsSync, readFileSync: (p) => readFileSync(p, "utf-8") },
+         { existsSync, readFileSync: (p) => readFileSync(p, "") },

[Survived] StringLiteral
scripts/file-back-note.mjs:86:36
-     readInput: () => readFileSync(0, "utf8"),
+     readInput: () => readFileSync(0, ""),

[Survived] ArrayDeclaration
scripts/file-back-note.mjs:156:21
-     let heldSources = [];
+     let heldSources = ["Stryker was here"];

[Survived] BlockStatement
scripts/file-back-note.mjs:162:11
-     } catch {
-       heldSources = [];
-     }
+     } catch {}

[Survived] Regex
scripts/file-back-note.mjs:182:57
-         const firstName = String(spec.title).trim().split(/\s+/)[0];
+         const firstName = String(spec.title).trim().split(/\s/)[0];

[Survived] StringLiteral
scripts/session-authors.mjs:88:36
-         if (!log.ok) throw new Error("no git history");
+         if (!log.ok) throw new Error("");

[Survived] BlockStatement
scripts/session-authors.mjs:98:15
-         } catch {
-           return false; // never announced, or unreadable → say it (at worst, twice).
-         }
+         } catch {}

Ran 1.00 tests per mutant on average.
----------------------|------------------|----------|-----------|------------|----------|----------|
                      | % Mutation score |          |           |            |          |          |
File                  |  total | covered | # killed | # timeout | # survived | # no cov | # errors |
----------------------|--------|---------|----------|-----------|------------|----------|----------|
All files             |  98.03 |   98.03 |      396 |         2 |          8 |        0 |        0 |
 lib                  | 100.00 |  100.00 |      140 |         0 |          0 |        0 |        0 |
  brain-author.mjs    | 100.00 |  100.00 |       93 |         0 |          0 |        0 |        0 |
  dated-note-path.mjs | 100.00 |  100.00 |       47 |         0 |          0 |        0 |        0 |
 dated-note-path.mjs  |  98.75 |   98.75 |       77 |         2 |          1 |        0 |        0 |
 file-back-note.mjs   |  96.50 |   96.50 |      138 |         0 |          5 |        0 |        0 |
 session-authors.mjs  |  95.35 |   95.35 |       41 |         0 |          2 |        0 |        0 |
----------------------|--------|---------|----------|-----------|------------|----------|----------|
[32m02:39:58 (71535) INFO MutationTestExecutor[39m Done in 61 minutes and 4 seconds.
[32m02:39:58 (71535) INFO Sandbox[39m Resetting your original files from .stryker-tmp/backup-tjx08O.
