[32m23:19:12 (56852) INFO ProjectReader[39m Found 2 of 1000 file(s) to be mutated.
[32m23:19:12 (56852) INFO Instrumenter[39m Instrumented 2 source file(s) with 446 mutant(s)
[32m23:19:12 (56852) INFO ConcurrencyTokenProvider[39m Creating 5 test runner process(es).
[32m23:19:12 (56852) INFO Sandbox[39m In place mode is enabled, Stryker will be overriding YOUR files. Find your backup at: .stryker-tmp/backup-QYN0aQ
[32m23:19:12 (56852) INFO BroadcastReporter[39m Detected that current console does not support the "progress" reporter, downgrading to "progress-append-only" reporter
[32m23:19:12 (56852) INFO DryRunExecutor[39m Starting initial test run (command test runner with "off" coverage analysis). This may take a while.
[32m23:19:24 (56852) INFO DryRunExecutor[39m Initial test run succeeded. Ran 1 tests in 11 seconds (net 11898 ms, overhead 0 ms).
Mutation testing 0% (elapsed: <1m, remaining: n/a) 0/446 tested (0 survived, 0 timed out)
Mutation testing 0% (elapsed: <1m, remaining: n/a) 0/446 tested (0 survived, 0 timed out)
Mutation testing 0% (elapsed: <1m, remaining: n/a) 0/446 tested (0 survived, 0 timed out)
Mutation testing 0% (elapsed: <1m, remaining: n/a) 0/446 tested (0 survived, 0 timed out)
Mutation testing 0% (elapsed: <1m, remaining: n/a) 0/446 tested (0 survived, 0 timed out)
Mutation testing 1% (elapsed: ~1m, remaining: ~1h 28m) 5/446 tested (0 survived, 0 timed out)
Mutation testing 1% (elapsed: ~1m, remaining: ~1h 42m) 5/446 tested (0 survived, 0 timed out)
Mutation testing 1% (elapsed: ~1m, remaining: ~1h 57m) 5/446 tested (0 survived, 0 timed out)
Mutation testing 1% (elapsed: ~1m, remaining: ~2h 12m) 5/446 tested (0 survived, 0 timed out)
Mutation testing 1% (elapsed: ~1m, remaining: ~2h 27m) 5/446 tested (0 survived, 0 timed out)
Mutation testing 2% (elapsed: ~1m, remaining: ~1h 19m) 10/446 tested (0 survived, 0 timed out)
Mutation testing 2% (elapsed: ~2m, remaining: ~1h 27m) 10/446 tested (0 survived, 0 timed out)
Mutation testing 2% (elapsed: ~2m, remaining: ~1h 34m) 10/446 tested (0 survived, 0 timed out)
Mutation testing 2% (elapsed: ~2m, remaining: ~1h 41m) 10/446 tested (0 survived, 0 timed out)
Mutation testing 3% (elapsed: ~2m, remaining: ~1h 17m) 14/446 tested (0 survived, 0 timed out)
Mutation testing 3% (elapsed: ~2m, remaining: ~1h 16m) 15/446 tested (0 survived, 0 timed out)
Mutation testing 3% (elapsed: ~2m, remaining: ~1h 21m) 15/446 tested (0 survived, 0 timed out)
Mutation testing 3% (elapsed: ~3m, remaining: ~1h 26m) 15/446 tested (0 survived, 0 timed out)
Mutation testing 3% (elapsed: ~3m, remaining: ~1h 30m) 15/446 tested (0 survived, 0 timed out)
Mutation testing 4% (elapsed: ~3m, remaining: ~1h 11m) 20/446 tested (1 survived, 0 timed out)
Mutation testing 4% (elapsed: ~3m, remaining: ~1h 14m) 20/446 tested (1 survived, 0 timed out)
Mutation testing 4% (elapsed: ~3m, remaining: ~1h 18m) 20/446 tested (1 survived, 0 timed out)
Mutation testing 4% (elapsed: ~3m, remaining: ~1h 21m) 20/446 tested (1 survived, 0 timed out)
Mutation testing 4% (elapsed: ~4m, remaining: ~1h 25m) 20/446 tested (1 survived, 0 timed out)
Mutation testing 5% (elapsed: ~4m, remaining: ~1h 10m) 25/446 tested (1 survived, 0 timed out)
Mutation testing 5% (elapsed: ~4m, remaining: ~1h 12m) 25/446 tested (1 survived, 0 timed out)
Mutation testing 5% (elapsed: ~4m, remaining: ~1h 15m) 25/446 tested (1 survived, 0 timed out)
Mutation testing 5% (elapsed: ~4m, remaining: ~1h 18m) 25/446 tested (1 survived, 0 timed out)
Mutation testing 6% (elapsed: ~4m, remaining: ~1h 15m) 27/446 tested (1 survived, 0 timed out)
Mutation testing 6% (elapsed: ~5m, remaining: ~1h 9m) 30/446 tested (1 survived, 0 timed out)
Mutation testing 6% (elapsed: ~5m, remaining: ~1h 11m) 30/446 tested (1 survived, 0 timed out)
Mutation testing 6% (elapsed: ~5m, remaining: ~1h 13m) 30/446 tested (1 survived, 0 timed out)
Mutation testing 6% (elapsed: ~5m, remaining: ~1h 13m) 31/446 tested (1 survived, 0 timed out)
Mutation testing 7% (elapsed: ~5m, remaining: ~1h 6m) 35/446 tested (1 survived, 0 timed out)
Mutation testing 7% (elapsed: ~5m, remaining: ~1h 8m) 35/446 tested (1 survived, 0 timed out)
Mutation testing 7% (elapsed: ~6m, remaining: ~1h 10m) 35/446 tested (1 survived, 0 timed out)
Mutation testing 8% (elapsed: ~6m, remaining: ~1h 10m) 36/446 tested (1 survived, 0 timed out)
Mutation testing 8% (elapsed: ~6m, remaining: ~1h 4m) 40/446 tested (1 survived, 0 timed out)
Mutation testing 8% (elapsed: ~6m, remaining: ~1h 5m) 40/446 tested (1 survived, 0 timed out)
Mutation testing 8% (elapsed: ~6m, remaining: ~1h 7m) 40/446 tested (1 survived, 0 timed out)
Mutation testing 8% (elapsed: ~6m, remaining: ~1h 9m) 40/446 tested (1 survived, 0 timed out)
Mutation testing 9% (elapsed: ~7m, remaining: ~1h 7m) 42/446 tested (1 survived, 0 timed out)
Mutation testing 10% (elapsed: ~7m, remaining: ~1h 3m) 45/446 tested (1 survived, 0 timed out)
Mutation testing 10% (elapsed: ~7m, remaining: ~1h 5m) 45/446 tested (1 survived, 0 timed out)
Mutation testing 10% (elapsed: ~7m, remaining: ~1h 6m) 45/446 tested (1 survived, 0 timed out)
Mutation testing 10% (elapsed: ~7m, remaining: ~1h 5m) 47/446 tested (1 survived, 0 timed out)
Mutation testing 11% (elapsed: ~7m, remaining: ~1h 2m) 50/446 tested (1 survived, 0 timed out)
Mutation testing 11% (elapsed: ~8m, remaining: ~1h 3m) 50/446 tested (1 survived, 0 timed out)
Mutation testing 11% (elapsed: ~8m, remaining: ~1h 4m) 50/446 tested (1 survived, 0 timed out)
Mutation testing 11% (elapsed: ~8m, remaining: ~1h 4m) 51/446 tested (1 survived, 0 timed out)
Mutation testing 12% (elapsed: ~8m, remaining: ~1h 0m) 55/446 tested (1 survived, 0 timed out)
Mutation testing 12% (elapsed: ~8m, remaining: ~1h 1m) 55/446 tested (1 survived, 0 timed out)
Mutation testing 12% (elapsed: ~8m, remaining: ~1h 2m) 55/446 tested (1 survived, 0 timed out)
Mutation testing 12% (elapsed: ~9m, remaining: ~1h 2m) 56/446 tested (1 survived, 0 timed out)
Mutation testing 13% (elapsed: ~9m, remaining: ~58m) 60/446 tested (1 survived, 0 timed out)
Mutation testing 13% (elapsed: ~9m, remaining: ~1h 0m) 60/446 tested (1 survived, 0 timed out)
Mutation testing 13% (elapsed: ~9m, remaining: ~1h 1m) 60/446 tested (1 survived, 0 timed out)
Mutation testing 13% (elapsed: ~9m, remaining: ~1h 1m) 61/446 tested (1 survived, 0 timed out)
Mutation testing 14% (elapsed: ~9m, remaining: ~57m) 65/446 tested (1 survived, 0 timed out)
Mutation testing 14% (elapsed: ~10m, remaining: ~58m) 65/446 tested (1 survived, 0 timed out)
Mutation testing 14% (elapsed: ~10m, remaining: ~59m) 65/446 tested (1 survived, 0 timed out)
Mutation testing 14% (elapsed: ~10m, remaining: ~59m) 66/446 tested (1 survived, 0 timed out)
Mutation testing 15% (elapsed: ~10m, remaining: ~56m) 70/446 tested (1 survived, 0 timed out)
Mutation testing 15% (elapsed: ~10m, remaining: ~57m) 70/446 tested (1 survived, 0 timed out)
Mutation testing 15% (elapsed: ~10m, remaining: ~58m) 70/446 tested (1 survived, 0 timed out)
Mutation testing 15% (elapsed: ~11m, remaining: ~59m) 70/446 tested (1 survived, 0 timed out)
Mutation testing 15% (elapsed: ~11m, remaining: ~58m) 71/446 tested (1 survived, 0 timed out)
Mutation testing 16% (elapsed: ~11m, remaining: ~56m) 75/446 tested (1 survived, 0 timed out)
Mutation testing 16% (elapsed: ~11m, remaining: ~56m) 75/446 tested (1 survived, 0 timed out)
Mutation testing 16% (elapsed: ~11m, remaining: ~57m) 75/446 tested (1 survived, 0 timed out)
Mutation testing 17% (elapsed: ~11m, remaining: ~57m) 76/446 tested (1 survived, 0 timed out)
Mutation testing 17% (elapsed: ~12m, remaining: ~54m) 80/446 tested (1 survived, 0 timed out)
Mutation testing 17% (elapsed: ~12m, remaining: ~55m) 80/446 tested (1 survived, 0 timed out)
Mutation testing 17% (elapsed: ~12m, remaining: ~56m) 80/446 tested (1 survived, 0 timed out)
Mutation testing 18% (elapsed: ~12m, remaining: ~56m) 81/446 tested (1 survived, 0 timed out)
Mutation testing 19% (elapsed: ~12m, remaining: ~53m) 85/446 tested (1 survived, 0 timed out)
Mutation testing 19% (elapsed: ~12m, remaining: ~54m) 85/446 tested (1 survived, 0 timed out)
Mutation testing 19% (elapsed: ~13m, remaining: ~55m) 85/446 tested (1 survived, 0 timed out)
Mutation testing 19% (elapsed: ~13m, remaining: ~55m) 85/446 tested (1 survived, 0 timed out)
Mutation testing 19% (elapsed: ~13m, remaining: ~55m) 86/446 tested (1 survived, 0 timed out)
Mutation testing 20% (elapsed: ~13m, remaining: ~53m) 90/446 tested (1 survived, 0 timed out)
Mutation testing 20% (elapsed: ~13m, remaining: ~54m) 90/446 tested (1 survived, 0 timed out)
Mutation testing 20% (elapsed: ~13m, remaining: ~54m) 90/446 tested (1 survived, 0 timed out)
Mutation testing 20% (elapsed: ~14m, remaining: ~54m) 91/446 tested (1 survived, 0 timed out)
Mutation testing 20% (elapsed: ~14m, remaining: ~53m) 93/446 tested (1 survived, 0 timed out)
Mutation testing 21% (elapsed: ~14m, remaining: ~52m) 95/446 tested (1 survived, 0 timed out)
Mutation testing 21% (elapsed: ~14m, remaining: ~53m) 95/446 tested (1 survived, 0 timed out)
Mutation testing 21% (elapsed: ~14m, remaining: ~53m) 96/446 tested (1 survived, 0 timed out)
Mutation testing 21% (elapsed: ~14m, remaining: ~53m) 97/446 tested (1 survived, 0 timed out)
Mutation testing 22% (elapsed: ~15m, remaining: ~51m) 100/446 tested (1 survived, 0 timed out)
Mutation testing 22% (elapsed: ~15m, remaining: ~52m) 100/446 tested (1 survived, 0 timed out)
Mutation testing 22% (elapsed: ~15m, remaining: ~52m) 101/446 tested (1 survived, 0 timed out)
Mutation testing 22% (elapsed: ~15m, remaining: ~52m) 102/446 tested (1 survived, 0 timed out)
Mutation testing 23% (elapsed: ~15m, remaining: ~50m) 105/446 tested (1 survived, 0 timed out)
Mutation testing 23% (elapsed: ~15m, remaining: ~50m) 106/446 tested (1 survived, 0 timed out)
Mutation testing 23% (elapsed: ~16m, remaining: ~51m) 106/446 tested (1 survived, 0 timed out)
Mutation testing 23% (elapsed: ~16m, remaining: ~51m) 107/446 tested (1 survived, 0 timed out)
Mutation testing 24% (elapsed: ~16m, remaining: ~49m) 110/446 tested (1 survived, 0 timed out)
Mutation testing 24% (elapsed: ~16m, remaining: ~49m) 111/446 tested (1 survived, 0 timed out)
Mutation testing 24% (elapsed: ~16m, remaining: ~50m) 111/446 tested (1 survived, 0 timed out)
Mutation testing 25% (elapsed: ~16m, remaining: ~50m) 112/446 tested (1 survived, 0 timed out)
Mutation testing 26% (elapsed: ~17m, remaining: ~48m) 116/446 tested (1 survived, 0 timed out)
Mutation testing 26% (elapsed: ~17m, remaining: ~48m) 116/446 tested (1 survived, 0 timed out)
Mutation testing 26% (elapsed: ~17m, remaining: ~49m) 116/446 tested (1 survived, 0 timed out)
Mutation testing 26% (elapsed: ~17m, remaining: ~49m) 116/446 tested (1 survived, 0 timed out)
Mutation testing 26% (elapsed: ~17m, remaining: ~49m) 117/446 tested (1 survived, 0 timed out)
Mutation testing 27% (elapsed: ~17m, remaining: ~47m) 121/446 tested (1 survived, 0 timed out)
Mutation testing 27% (elapsed: ~18m, remaining: ~48m) 121/446 tested (1 survived, 0 timed out)
Mutation testing 27% (elapsed: ~18m, remaining: ~48m) 121/446 tested (1 survived, 0 timed out)
Mutation testing 27% (elapsed: ~18m, remaining: ~49m) 121/446 tested (1 survived, 0 timed out)
Mutation testing 27% (elapsed: ~18m, remaining: ~49m) 122/446 tested (1 survived, 0 timed out)
Mutation testing 28% (elapsed: ~18m, remaining: ~47m) 126/446 tested (2 survived, 0 timed out)
Mutation testing 28% (elapsed: ~18m, remaining: ~47m) 126/446 tested (2 survived, 0 timed out)
Mutation testing 28% (elapsed: ~19m, remaining: ~48m) 126/446 tested (2 survived, 0 timed out)
Mutation testing 28% (elapsed: ~19m, remaining: ~48m) 127/446 tested (2 survived, 0 timed out)
Mutation testing 29% (elapsed: ~19m, remaining: ~46m) 131/446 tested (2 survived, 0 timed out)
Mutation testing 29% (elapsed: ~19m, remaining: ~46m) 131/446 tested (2 survived, 0 timed out)
Mutation testing 29% (elapsed: ~19m, remaining: ~47m) 131/446 tested (2 survived, 0 timed out)
Mutation testing 29% (elapsed: ~19m, remaining: ~47m) 132/446 tested (2 survived, 0 timed out)
Mutation testing 29% (elapsed: ~20m, remaining: ~47m) 133/446 tested (2 survived, 0 timed out)
Mutation testing 30% (elapsed: ~20m, remaining: ~45m) 136/446 tested (2 survived, 0 timed out)
Mutation testing 30% (elapsed: ~20m, remaining: ~45m) 137/446 tested (2 survived, 0 timed out)
Mutation testing 30% (elapsed: ~20m, remaining: ~46m) 137/446 tested (2 survived, 0 timed out)
Mutation testing 30% (elapsed: ~20m, remaining: ~46m) 138/446 tested (2 survived, 0 timed out)
Mutation testing 31% (elapsed: ~20m, remaining: ~44m) 142/446 tested (2 survived, 0 timed out)
Mutation testing 31% (elapsed: ~21m, remaining: ~44m) 142/446 tested (2 survived, 0 timed out)
Mutation testing 31% (elapsed: ~21m, remaining: ~45m) 142/446 tested (2 survived, 0 timed out)
Mutation testing 32% (elapsed: ~21m, remaining: ~45m) 143/446 tested (2 survived, 0 timed out)
Mutation testing 32% (elapsed: ~21m, remaining: ~44m) 146/446 tested (3 survived, 0 timed out)
Mutation testing 32% (elapsed: ~21m, remaining: ~44m) 147/446 tested (3 survived, 0 timed out)
Mutation testing 32% (elapsed: ~21m, remaining: ~44m) 147/446 tested (3 survived, 0 timed out)
Mutation testing 32% (elapsed: ~22m, remaining: ~44m) 147/446 tested (3 survived, 0 timed out)
Mutation testing 33% (elapsed: ~22m, remaining: ~44m) 148/446 tested (3 survived, 0 timed out)
Mutation testing 34% (elapsed: ~22m, remaining: ~43m) 152/446 tested (3 survived, 0 timed out)
Mutation testing 34% (elapsed: ~22m, remaining: ~43m) 152/446 tested (3 survived, 0 timed out)
Mutation testing 34% (elapsed: ~22m, remaining: ~43m) 152/446 tested (3 survived, 0 timed out)
Mutation testing 34% (elapsed: ~22m, remaining: ~43m) 153/446 tested (3 survived, 0 timed out)
Mutation testing 35% (elapsed: ~23m, remaining: ~42m) 157/446 tested (3 survived, 0 timed out)
Mutation testing 35% (elapsed: ~23m, remaining: ~42m) 157/446 tested (3 survived, 0 timed out)
Mutation testing 35% (elapsed: ~23m, remaining: ~42m) 157/446 tested (3 survived, 0 timed out)
Mutation testing 35% (elapsed: ~23m, remaining: ~42m) 158/446 tested (3 survived, 0 timed out)
Mutation testing 36% (elapsed: ~23m, remaining: ~41m) 162/446 tested (3 survived, 0 timed out)
Mutation testing 36% (elapsed: ~23m, remaining: ~41m) 162/446 tested (3 survived, 0 timed out)
Mutation testing 36% (elapsed: ~24m, remaining: ~42m) 162/446 tested (3 survived, 0 timed out)
Mutation testing 36% (elapsed: ~24m, remaining: ~42m) 162/446 tested (3 survived, 0 timed out)
Mutation testing 36% (elapsed: ~24m, remaining: ~42m) 163/446 tested (3 survived, 0 timed out)
Mutation testing 37% (elapsed: ~24m, remaining: ~40m) 167/446 tested (3 survived, 0 timed out)
Mutation testing 37% (elapsed: ~24m, remaining: ~41m) 167/446 tested (3 survived, 0 timed out)
Mutation testing 37% (elapsed: ~24m, remaining: ~41m) 167/446 tested (3 survived, 0 timed out)
Mutation testing 37% (elapsed: ~25m, remaining: ~41m) 168/446 tested (3 survived, 0 timed out)
Mutation testing 38% (elapsed: ~25m, remaining: ~40m) 172/446 tested (3 survived, 0 timed out)
Mutation testing 38% (elapsed: ~25m, remaining: ~40m) 172/446 tested (3 survived, 0 timed out)
Mutation testing 38% (elapsed: ~25m, remaining: ~40m) 172/446 tested (3 survived, 0 timed out)
Mutation testing 38% (elapsed: ~25m, remaining: ~40m) 173/446 tested (4 survived, 0 timed out)
Mutation testing 39% (elapsed: ~25m, remaining: ~40m) 174/446 tested (4 survived, 0 timed out)
Mutation testing 39% (elapsed: ~26m, remaining: ~39m) 177/446 tested (4 survived, 0 timed out)
Mutation testing 39% (elapsed: ~26m, remaining: ~39m) 177/446 tested (4 survived, 0 timed out)
Mutation testing 39% (elapsed: ~26m, remaining: ~39m) 178/446 tested (4 survived, 0 timed out)
Mutation testing 40% (elapsed: ~26m, remaining: ~39m) 179/446 tested (4 survived, 0 timed out)
Mutation testing 40% (elapsed: ~26m, remaining: ~38m) 182/446 tested (4 survived, 0 timed out)
Mutation testing 40% (elapsed: ~26m, remaining: ~38m) 182/446 tested (4 survived, 0 timed out)
Mutation testing 41% (elapsed: ~27m, remaining: ~38m) 183/446 tested (4 survived, 0 timed out)
Mutation testing 41% (elapsed: ~27m, remaining: ~39m) 183/446 tested (4 survived, 0 timed out)
Mutation testing 41% (elapsed: ~27m, remaining: ~38m) 185/446 tested (4 survived, 0 timed out)
Mutation testing 42% (elapsed: ~27m, remaining: ~37m) 188/446 tested (4 survived, 0 timed out)
Mutation testing 42% (elapsed: ~27m, remaining: ~37m) 188/446 tested (4 survived, 0 timed out)
Mutation testing 42% (elapsed: ~27m, remaining: ~38m) 188/446 tested (4 survived, 0 timed out)
Mutation testing 42% (elapsed: ~28m, remaining: ~38m) 189/446 tested (4 survived, 0 timed out)
Mutation testing 43% (elapsed: ~28m, remaining: ~36m) 193/446 tested (4 survived, 0 timed out)
Mutation testing 43% (elapsed: ~28m, remaining: ~37m) 193/446 tested (4 survived, 0 timed out)
Mutation testing 43% (elapsed: ~28m, remaining: ~37m) 193/446 tested (4 survived, 0 timed out)
Mutation testing 43% (elapsed: ~28m, remaining: ~37m) 194/446 tested (4 survived, 0 timed out)
Mutation testing 44% (elapsed: ~28m, remaining: ~36m) 198/446 tested (4 survived, 0 timed out)
Mutation testing 44% (elapsed: ~29m, remaining: ~36m) 198/446 tested (4 survived, 0 timed out)
Mutation testing 44% (elapsed: ~29m, remaining: ~36m) 198/446 tested (4 survived, 0 timed out)
Mutation testing 44% (elapsed: ~29m, remaining: ~36m) 199/446 tested (4 survived, 0 timed out)
Mutation testing 45% (elapsed: ~29m, remaining: ~35m) 202/446 tested (4 survived, 0 timed out)
Mutation testing 45% (elapsed: ~29m, remaining: ~35m) 203/446 tested (4 survived, 0 timed out)
Mutation testing 45% (elapsed: ~29m, remaining: ~35m) 203/446 tested (4 survived, 0 timed out)
Mutation testing 45% (elapsed: ~30m, remaining: ~35m) 203/446 tested (4 survived, 0 timed out)
Mutation testing 45% (elapsed: ~30m, remaining: ~35m) 204/446 tested (4 survived, 0 timed out)
Mutation testing 46% (elapsed: ~30m, remaining: ~34m) 208/446 tested (4 survived, 0 timed out)
Mutation testing 46% (elapsed: ~30m, remaining: ~34m) 208/446 tested (4 survived, 0 timed out)
Mutation testing 46% (elapsed: ~30m, remaining: ~35m) 208/446 tested (4 survived, 0 timed out)
Mutation testing 46% (elapsed: ~30m, remaining: ~34m) 209/446 tested (4 survived, 0 timed out)
Mutation testing 47% (elapsed: ~31m, remaining: ~33m) 213/446 tested (4 survived, 0 timed out)
Mutation testing 47% (elapsed: ~31m, remaining: ~34m) 213/446 tested (4 survived, 0 timed out)
Mutation testing 47% (elapsed: ~31m, remaining: ~34m) 213/446 tested (4 survived, 0 timed out)
Mutation testing 47% (elapsed: ~31m, remaining: ~34m) 214/446 tested (4 survived, 0 timed out)
Mutation testing 48% (elapsed: ~31m, remaining: ~33m) 218/446 tested (4 survived, 0 timed out)
Mutation testing 48% (elapsed: ~31m, remaining: ~33m) 218/446 tested (4 survived, 0 timed out)
Mutation testing 48% (elapsed: ~32m, remaining: ~33m) 218/446 tested (4 survived, 0 timed out)
Mutation testing 49% (elapsed: ~32m, remaining: ~33m) 219/446 tested (4 survived, 0 timed out)
Mutation testing 49% (elapsed: ~32m, remaining: ~32m) 221/446 tested (4 survived, 0 timed out)
Mutation testing 50% (elapsed: ~32m, remaining: ~32m) 223/446 tested (4 survived, 0 timed out)
Mutation testing 50% (elapsed: ~32m, remaining: ~32m) 224/446 tested (4 survived, 0 timed out)
Mutation testing 50% (elapsed: ~32m, remaining: ~32m) 224/446 tested (4 survived, 0 timed out)
Mutation testing 50% (elapsed: ~33m, remaining: ~32m) 226/446 tested (4 survived, 0 timed out)
Mutation testing 51% (elapsed: ~33m, remaining: ~31m) 228/446 tested (4 survived, 0 timed out)
Mutation testing 51% (elapsed: ~33m, remaining: ~31m) 229/446 tested (4 survived, 0 timed out)
Mutation testing 51% (elapsed: ~33m, remaining: ~31m) 229/446 tested (4 survived, 0 timed out)
Mutation testing 52% (elapsed: ~33m, remaining: ~31m) 232/446 tested (4 survived, 0 timed out)
Mutation testing 52% (elapsed: ~33m, remaining: ~30m) 233/446 tested (4 survived, 0 timed out)
Mutation testing 52% (elapsed: ~34m, remaining: ~30m) 234/446 tested (4 survived, 0 timed out)
Mutation testing 52% (elapsed: ~34m, remaining: ~30m) 234/446 tested (4 survived, 0 timed out)
Mutation testing 52% (elapsed: ~34m, remaining: ~30m) 236/446 tested (4 survived, 0 timed out)
Mutation testing 53% (elapsed: ~34m, remaining: ~29m) 239/446 tested (4 survived, 0 timed out)
Mutation testing 53% (elapsed: ~34m, remaining: ~30m) 239/446 tested (4 survived, 0 timed out)
Mutation testing 53% (elapsed: ~34m, remaining: ~30m) 239/446 tested (4 survived, 0 timed out)
Mutation testing 53% (elapsed: ~35m, remaining: ~30m) 239/446 tested (4 survived, 0 timed out)
Mutation testing 54% (elapsed: ~35m, remaining: ~29m) 244/446 tested (4 survived, 0 timed out)
Mutation testing 54% (elapsed: ~35m, remaining: ~29m) 244/446 tested (4 survived, 0 timed out)
Mutation testing 54% (elapsed: ~35m, remaining: ~29m) 244/446 tested (4 survived, 0 timed out)
Mutation testing 54% (elapsed: ~35m, remaining: ~29m) 244/446 tested (4 survived, 0 timed out)
Mutation testing 55% (elapsed: ~35m, remaining: ~28m) 249/446 tested (4 survived, 0 timed out)
Mutation testing 55% (elapsed: ~36m, remaining: ~28m) 249/446 tested (4 survived, 0 timed out)
Mutation testing 55% (elapsed: ~36m, remaining: ~28m) 249/446 tested (4 survived, 0 timed out)
Mutation testing 55% (elapsed: ~36m, remaining: ~28m) 249/446 tested (4 survived, 0 timed out)
Mutation testing 56% (elapsed: ~36m, remaining: ~27m) 253/446 tested (5 survived, 0 timed out)
Mutation testing 56% (elapsed: ~36m, remaining: ~27m) 254/446 tested (5 survived, 0 timed out)
Mutation testing 56% (elapsed: ~36m, remaining: ~27m) 254/446 tested (5 survived, 0 timed out)
Mutation testing 56% (elapsed: ~37m, remaining: ~27m) 254/446 tested (5 survived, 0 timed out)
Mutation testing 56% (elapsed: ~37m, remaining: ~28m) 254/446 tested (5 survived, 0 timed out)
Mutation testing 56% (elapsed: ~37m, remaining: ~28m) 254/446 tested (5 survived, 0 timed out)
Mutation testing 58% (elapsed: ~37m, remaining: ~27m) 259/446 tested (5 survived, 0 timed out)
Mutation testing 58% (elapsed: ~37m, remaining: ~27m) 259/446 tested (5 survived, 0 timed out)
Mutation testing 58% (elapsed: ~37m, remaining: ~27m) 259/446 tested (5 survived, 0 timed out)
Mutation testing 58% (elapsed: ~38m, remaining: ~27m) 259/446 tested (5 survived, 0 timed out)
Mutation testing 58% (elapsed: ~38m, remaining: ~27m) 259/446 tested (5 survived, 0 timed out)
Mutation testing 59% (elapsed: ~38m, remaining: ~26m) 264/446 tested (5 survived, 0 timed out)
Mutation testing 59% (elapsed: ~38m, remaining: ~26m) 264/446 tested (5 survived, 0 timed out)
Mutation testing 59% (elapsed: ~38m, remaining: ~26m) 264/446 tested (5 survived, 0 timed out)
Mutation testing 59% (elapsed: ~38m, remaining: ~26m) 264/446 tested (5 survived, 0 timed out)
Mutation testing 59% (elapsed: ~39m, remaining: ~26m) 264/446 tested (5 survived, 0 timed out)
Mutation testing 60% (elapsed: ~39m, remaining: ~25m) 269/446 tested (5 survived, 0 timed out)
Mutation testing 60% (elapsed: ~39m, remaining: ~25m) 269/446 tested (5 survived, 0 timed out)
Mutation testing 60% (elapsed: ~39m, remaining: ~26m) 269/446 tested (5 survived, 0 timed out)
Mutation testing 60% (elapsed: ~39m, remaining: ~26m) 269/446 tested (5 survived, 0 timed out)
Mutation testing 60% (elapsed: ~39m, remaining: ~26m) 269/446 tested (5 survived, 0 timed out)
Mutation testing 61% (elapsed: ~40m, remaining: ~25m) 274/446 tested (5 survived, 0 timed out)
Mutation testing 61% (elapsed: ~40m, remaining: ~25m) 274/446 tested (5 survived, 0 timed out)
Mutation testing 61% (elapsed: ~40m, remaining: ~25m) 274/446 tested (5 survived, 0 timed out)
Mutation testing 61% (elapsed: ~40m, remaining: ~25m) 274/446 tested (5 survived, 0 timed out)
Mutation testing 61% (elapsed: ~40m, remaining: ~25m) 274/446 tested (5 survived, 0 timed out)
Mutation testing 62% (elapsed: ~40m, remaining: ~24m) 279/446 tested (5 survived, 0 timed out)
Mutation testing 62% (elapsed: ~41m, remaining: ~24m) 279/446 tested (5 survived, 0 timed out)
Mutation testing 62% (elapsed: ~41m, remaining: ~24m) 279/446 tested (5 survived, 0 timed out)
Mutation testing 62% (elapsed: ~41m, remaining: ~24m) 279/446 tested (5 survived, 0 timed out)
Mutation testing 63% (elapsed: ~41m, remaining: ~24m) 281/446 tested (5 survived, 0 timed out)
Mutation testing 63% (elapsed: ~41m, remaining: ~23m) 284/446 tested (5 survived, 0 timed out)
Mutation testing 63% (elapsed: ~41m, remaining: ~23m) 284/446 tested (5 survived, 0 timed out)
Mutation testing 63% (elapsed: ~42m, remaining: ~23m) 284/446 tested (5 survived, 0 timed out)
Mutation testing 63% (elapsed: ~42m, remaining: ~24m) 284/446 tested (5 survived, 0 timed out)
Mutation testing 64% (elapsed: ~42m, remaining: ~23m) 286/446 tested (5 survived, 0 timed out)
Mutation testing 64% (elapsed: ~42m, remaining: ~23m) 289/446 tested (5 survived, 0 timed out)
Mutation testing 64% (elapsed: ~42m, remaining: ~23m) 289/446 tested (5 survived, 0 timed out)
Mutation testing 64% (elapsed: ~42m, remaining: ~23m) 289/446 tested (5 survived, 0 timed out)
Mutation testing 65% (elapsed: ~43m, remaining: ~22m) 291/446 tested (5 survived, 0 timed out)
Mutation testing 65% (elapsed: ~43m, remaining: ~23m) 291/446 tested (5 survived, 0 timed out)
Mutation testing 65% (elapsed: ~43m, remaining: ~22m) 294/446 tested (5 survived, 0 timed out)
Mutation testing 65% (elapsed: ~43m, remaining: ~22m) 294/446 tested (5 survived, 0 timed out)
Mutation testing 65% (elapsed: ~43m, remaining: ~22m) 294/446 tested (5 survived, 0 timed out)
Mutation testing 66% (elapsed: ~43m, remaining: ~22m) 296/446 tested (5 survived, 0 timed out)
Mutation testing 67% (elapsed: ~44m, remaining: ~21m) 299/446 tested (5 survived, 0 timed out)
Mutation testing 67% (elapsed: ~44m, remaining: ~21m) 299/446 tested (5 survived, 0 timed out)
Mutation testing 67% (elapsed: ~44m, remaining: ~21m) 299/446 tested (5 survived, 0 timed out)
Mutation testing 67% (elapsed: ~44m, remaining: ~21m) 301/446 tested (5 survived, 0 timed out)
Mutation testing 67% (elapsed: ~44m, remaining: ~21m) 302/446 tested (5 survived, 0 timed out)
Mutation testing 68% (elapsed: ~44m, remaining: ~20m) 304/446 tested (5 survived, 0 timed out)
Mutation testing 68% (elapsed: ~45m, remaining: ~21m) 304/446 tested (5 survived, 0 timed out)
Mutation testing 68% (elapsed: ~45m, remaining: ~20m) 306/446 tested (5 survived, 0 timed out)
Mutation testing 68% (elapsed: ~45m, remaining: ~20m) 306/446 tested (5 survived, 0 timed out)
Mutation testing 69% (elapsed: ~45m, remaining: ~20m) 309/446 tested (5 survived, 0 timed out)
Mutation testing 69% (elapsed: ~45m, remaining: ~20m) 309/446 tested (5 survived, 0 timed out)
Mutation testing 69% (elapsed: ~45m, remaining: ~19m) 311/446 tested (5 survived, 0 timed out)
Mutation testing 69% (elapsed: ~46m, remaining: ~19m) 311/446 tested (5 survived, 0 timed out)
Mutation testing 70% (elapsed: ~46m, remaining: ~19m) 314/446 tested (5 survived, 0 timed out)
Mutation testing 70% (elapsed: ~46m, remaining: ~19m) 314/446 tested (5 survived, 0 timed out)
Mutation testing 70% (elapsed: ~46m, remaining: ~19m) 316/446 tested (5 survived, 0 timed out)
Mutation testing 70% (elapsed: ~46m, remaining: ~19m) 316/446 tested (5 survived, 0 timed out)
Mutation testing 71% (elapsed: ~46m, remaining: ~18m) 319/446 tested (5 survived, 0 timed out)
Mutation testing 71% (elapsed: ~47m, remaining: ~18m) 319/446 tested (5 survived, 0 timed out)
Mutation testing 71% (elapsed: ~47m, remaining: ~18m) 321/446 tested (5 survived, 0 timed out)
Mutation testing 71% (elapsed: ~47m, remaining: ~18m) 321/446 tested (5 survived, 0 timed out)
Mutation testing 72% (elapsed: ~47m, remaining: ~17m) 324/446 tested (5 survived, 0 timed out)
Mutation testing 72% (elapsed: ~47m, remaining: ~17m) 324/446 tested (5 survived, 0 timed out)
Mutation testing 73% (elapsed: ~47m, remaining: ~17m) 326/446 tested (5 survived, 0 timed out)
Mutation testing 73% (elapsed: ~48m, remaining: ~17m) 326/446 tested (5 survived, 0 timed out)
Mutation testing 73% (elapsed: ~48m, remaining: ~17m) 329/446 tested (6 survived, 0 timed out)
Mutation testing 73% (elapsed: ~48m, remaining: ~17m) 329/446 tested (6 survived, 0 timed out)
Mutation testing 74% (elapsed: ~48m, remaining: ~16m) 331/446 tested (6 survived, 0 timed out)
Mutation testing 74% (elapsed: ~48m, remaining: ~16m) 331/446 tested (6 survived, 0 timed out)
Mutation testing 74% (elapsed: ~48m, remaining: ~16m) 334/446 tested (6 survived, 0 timed out)
Mutation testing 74% (elapsed: ~49m, remaining: ~16m) 334/446 tested (6 survived, 0 timed out)
Mutation testing 74% (elapsed: ~49m, remaining: ~16m) 334/446 tested (6 survived, 0 timed out)
Mutation testing 75% (elapsed: ~49m, remaining: ~16m) 336/446 tested (6 survived, 0 timed out)
Mutation testing 76% (elapsed: ~49m, remaining: ~15m) 339/446 tested (6 survived, 0 timed out)
Mutation testing 76% (elapsed: ~49m, remaining: ~15m) 339/446 tested (6 survived, 0 timed out)
Mutation testing 76% (elapsed: ~49m, remaining: ~15m) 339/446 tested (6 survived, 0 timed out)
Mutation testing 76% (elapsed: ~50m, remaining: ~15m) 341/446 tested (6 survived, 0 timed out)
Mutation testing 77% (elapsed: ~50m, remaining: ~14m) 344/446 tested (6 survived, 0 timed out)
Mutation testing 77% (elapsed: ~50m, remaining: ~14m) 344/446 tested (6 survived, 0 timed out)
Mutation testing 77% (elapsed: ~50m, remaining: ~14m) 344/446 tested (6 survived, 0 timed out)
Mutation testing 77% (elapsed: ~50m, remaining: ~14m) 346/446 tested (6 survived, 0 timed out)
Mutation testing 78% (elapsed: ~50m, remaining: ~14m) 349/446 tested (6 survived, 0 timed out)
Mutation testing 78% (elapsed: ~51m, remaining: ~14m) 349/446 tested (6 survived, 0 timed out)
Mutation testing 78% (elapsed: ~51m, remaining: ~14m) 349/446 tested (6 survived, 0 timed out)
Mutation testing 78% (elapsed: ~51m, remaining: ~13m) 351/446 tested (6 survived, 0 timed out)
Mutation testing 79% (elapsed: ~51m, remaining: ~13m) 354/446 tested (6 survived, 0 timed out)
Mutation testing 79% (elapsed: ~51m, remaining: ~13m) 354/446 tested (6 survived, 0 timed out)
Mutation testing 79% (elapsed: ~51m, remaining: ~13m) 354/446 tested (6 survived, 0 timed out)
Mutation testing 79% (elapsed: ~52m, remaining: ~13m) 356/446 tested (6 survived, 0 timed out)
Mutation testing 80% (elapsed: ~52m, remaining: ~12m) 359/446 tested (6 survived, 0 timed out)
Mutation testing 80% (elapsed: ~52m, remaining: ~12m) 359/446 tested (6 survived, 0 timed out)
Mutation testing 80% (elapsed: ~52m, remaining: ~12m) 359/446 tested (6 survived, 0 timed out)
Mutation testing 80% (elapsed: ~52m, remaining: ~12m) 361/446 tested (6 survived, 0 timed out)
Mutation testing 80% (elapsed: ~52m, remaining: ~12m) 361/446 tested (6 survived, 0 timed out)
Mutation testing 81% (elapsed: ~53m, remaining: ~11m) 364/446 tested (6 survived, 0 timed out)
Mutation testing 81% (elapsed: ~53m, remaining: ~11m) 364/446 tested (6 survived, 0 timed out)
Mutation testing 82% (elapsed: ~53m, remaining: ~11m) 366/446 tested (6 survived, 0 timed out)
Mutation testing 82% (elapsed: ~53m, remaining: ~11m) 366/446 tested (6 survived, 0 timed out)
Mutation testing 82% (elapsed: ~53m, remaining: ~11m) 369/446 tested (6 survived, 0 timed out)
Mutation testing 82% (elapsed: ~53m, remaining: ~11m) 369/446 tested (6 survived, 0 timed out)
Mutation testing 82% (elapsed: ~54m, remaining: ~11m) 369/446 tested (6 survived, 0 timed out)
Mutation testing 82% (elapsed: ~54m, remaining: ~11m) 370/446 tested (7 survived, 0 timed out)
Mutation testing 83% (elapsed: ~54m, remaining: ~10m) 371/446 tested (7 survived, 0 timed out)
Mutation testing 83% (elapsed: ~54m, remaining: ~10m) 374/446 tested (7 survived, 0 timed out)
Mutation testing 83% (elapsed: ~54m, remaining: ~10m) 374/446 tested (7 survived, 0 timed out)
Mutation testing 83% (elapsed: ~54m, remaining: ~10m) 374/446 tested (7 survived, 0 timed out)
Mutation testing 84% (elapsed: ~55m, remaining: ~10m) 376/446 tested (7 survived, 0 timed out)
Mutation testing 84% (elapsed: ~55m, remaining: ~10m) 376/446 tested (7 survived, 0 timed out)
Mutation testing 84% (elapsed: ~55m, remaining: ~9m) 379/446 tested (7 survived, 0 timed out)
Mutation testing 84% (elapsed: ~55m, remaining: ~9m) 379/446 tested (7 survived, 0 timed out)
Mutation testing 84% (elapsed: ~55m, remaining: ~9m) 379/446 tested (7 survived, 0 timed out)
Mutation testing 85% (elapsed: ~55m, remaining: ~9m) 381/446 tested (7 survived, 0 timed out)
Mutation testing 85% (elapsed: ~56m, remaining: ~9m) 381/446 tested (7 survived, 0 timed out)
Mutation testing 86% (elapsed: ~56m, remaining: ~9m) 384/446 tested (7 survived, 0 timed out)
Mutation testing 86% (elapsed: ~56m, remaining: ~9m) 384/446 tested (7 survived, 0 timed out)
Mutation testing 86% (elapsed: ~56m, remaining: ~9m) 384/446 tested (7 survived, 0 timed out)
Mutation testing 86% (elapsed: ~56m, remaining: ~9m) 384/446 tested (7 survived, 0 timed out)
Mutation testing 86% (elapsed: ~56m, remaining: ~8m) 386/446 tested (7 survived, 0 timed out)
Mutation testing 86% (elapsed: ~57m, remaining: ~8m) 386/446 tested (7 survived, 0 timed out)
Mutation testing 87% (elapsed: ~57m, remaining: ~8m) 389/446 tested (7 survived, 0 timed out)
Mutation testing 87% (elapsed: ~57m, remaining: ~8m) 389/446 tested (7 survived, 0 timed out)
Mutation testing 87% (elapsed: ~57m, remaining: ~8m) 389/446 tested (7 survived, 0 timed out)
Mutation testing 87% (elapsed: ~57m, remaining: ~8m) 391/446 tested (7 survived, 0 timed out)
Mutation testing 87% (elapsed: ~57m, remaining: ~8m) 391/446 tested (7 survived, 0 timed out)
Mutation testing 88% (elapsed: ~58m, remaining: ~7m) 394/446 tested (7 survived, 0 timed out)
Mutation testing 88% (elapsed: ~58m, remaining: ~7m) 394/446 tested (7 survived, 0 timed out)
Mutation testing 88% (elapsed: ~58m, remaining: ~7m) 394/446 tested (7 survived, 0 timed out)
Mutation testing 88% (elapsed: ~58m, remaining: ~7m) 396/446 tested (7 survived, 0 timed out)
Mutation testing 88% (elapsed: ~58m, remaining: ~7m) 396/446 tested (7 survived, 0 timed out)
Mutation testing 89% (elapsed: ~58m, remaining: ~6m) 399/446 tested (10 survived, 0 timed out)
Mutation testing 89% (elapsed: ~59m, remaining: ~6m) 399/446 tested (10 survived, 0 timed out)
Mutation testing 89% (elapsed: ~59m, remaining: ~6m) 399/446 tested (10 survived, 0 timed out)
Mutation testing 89% (elapsed: ~59m, remaining: ~6m) 399/446 tested (10 survived, 0 timed out)
Mutation testing 89% (elapsed: ~59m, remaining: ~6m) 401/446 tested (10 survived, 0 timed out)
Mutation testing 90% (elapsed: ~59m, remaining: ~6m) 404/446 tested (10 survived, 0 timed out)
Mutation testing 90% (elapsed: ~59m, remaining: ~6m) 404/446 tested (10 survived, 0 timed out)
Mutation testing 90% (elapsed: ~1h 0m, remaining: ~6m) 404/446 tested (10 survived, 0 timed out)
Mutation testing 90% (elapsed: ~1h 0m, remaining: ~6m) 404/446 tested (10 survived, 0 timed out)
Mutation testing 91% (elapsed: ~1h 0m, remaining: ~5m) 406/446 tested (10 survived, 0 timed out)
Mutation testing 91% (elapsed: ~1h 0m, remaining: ~5m) 407/446 tested (10 survived, 0 timed out)
Mutation testing 91% (elapsed: ~1h 0m, remaining: ~5m) 409/446 tested (10 survived, 0 timed out)
Mutation testing 91% (elapsed: ~1h 0m, remaining: ~5m) 409/446 tested (10 survived, 0 timed out)
Mutation testing 91% (elapsed: ~1h 1m, remaining: ~5m) 409/446 tested (10 survived, 0 timed out)
Mutation testing 92% (elapsed: ~1h 1m, remaining: ~5m) 411/446 tested (10 survived, 0 timed out)
Mutation testing 92% (elapsed: ~1h 1m, remaining: ~5m) 411/446 tested (10 survived, 0 timed out)
Mutation testing 92% (elapsed: ~1h 1m, remaining: ~4m) 414/446 tested (10 survived, 0 timed out)
Mutation testing 92% (elapsed: ~1h 1m, remaining: ~4m) 414/446 tested (10 survived, 0 timed out)
Mutation testing 92% (elapsed: ~1h 1m, remaining: ~4m) 414/446 tested (10 survived, 0 timed out)
Mutation testing 92% (elapsed: ~1h 2m, remaining: ~4m) 414/446 tested (10 survived, 0 timed out)
Mutation testing 93% (elapsed: ~1h 2m, remaining: ~4m) 416/446 tested (10 survived, 0 timed out)
Mutation testing 93% (elapsed: ~1h 2m, remaining: ~4m) 419/446 tested (10 survived, 0 timed out)
Mutation testing 93% (elapsed: ~1h 2m, remaining: ~4m) 419/446 tested (10 survived, 0 timed out)
Mutation testing 93% (elapsed: ~1h 2m, remaining: ~4m) 419/446 tested (10 survived, 0 timed out)
Mutation testing 93% (elapsed: ~1h 2m, remaining: ~4m) 419/446 tested (10 survived, 0 timed out)
Mutation testing 94% (elapsed: ~1h 3m, remaining: ~3m) 421/446 tested (10 survived, 0 timed out)
Mutation testing 94% (elapsed: ~1h 3m, remaining: ~3m) 421/446 tested (10 survived, 0 timed out)
Mutation testing 95% (elapsed: ~1h 3m, remaining: ~3m) 424/446 tested (10 survived, 0 timed out)
Mutation testing 95% (elapsed: ~1h 3m, remaining: ~3m) 424/446 tested (10 survived, 0 timed out)
Mutation testing 95% (elapsed: ~1h 3m, remaining: ~3m) 424/446 tested (10 survived, 0 timed out)
Mutation testing 95% (elapsed: ~1h 3m, remaining: ~2m) 426/446 tested (10 survived, 0 timed out)
Mutation testing 95% (elapsed: ~1h 4m, remaining: ~3m) 426/446 tested (10 survived, 0 timed out)
Mutation testing 96% (elapsed: ~1h 4m, remaining: ~2m) 429/446 tested (10 survived, 0 timed out)
Mutation testing 96% (elapsed: ~1h 4m, remaining: ~2m) 429/446 tested (10 survived, 0 timed out)
Mutation testing 96% (elapsed: ~1h 4m, remaining: ~2m) 429/446 tested (10 survived, 0 timed out)
Mutation testing 96% (elapsed: ~1h 4m, remaining: ~2m) 429/446 tested (10 survived, 0 timed out)
Mutation testing 96% (elapsed: ~1h 4m, remaining: ~2m) 431/446 tested (10 survived, 0 timed out)
Mutation testing 96% (elapsed: ~1h 5m, remaining: ~2m) 431/446 tested (10 survived, 0 timed out)
Mutation testing 97% (elapsed: ~1h 5m, remaining: ~1m) 434/446 tested (10 survived, 0 timed out)
Mutation testing 97% (elapsed: ~1h 5m, remaining: ~1m) 434/446 tested (10 survived, 0 timed out)
Mutation testing 97% (elapsed: ~1h 5m, remaining: ~1m) 434/446 tested (10 survived, 0 timed out)
Mutation testing 97% (elapsed: ~1h 5m, remaining: ~1m) 436/446 tested (10 survived, 0 timed out)
Mutation testing 97% (elapsed: ~1h 5m, remaining: ~1m) 436/446 tested (10 survived, 0 timed out)
Mutation testing 98% (elapsed: ~1h 6m, remaining: ~1m) 439/446 tested (10 survived, 0 timed out)
Mutation testing 98% (elapsed: ~1h 6m, remaining: ~1m) 439/446 tested (10 survived, 0 timed out)
Mutation testing 98% (elapsed: ~1h 6m, remaining: ~1m) 439/446 tested (10 survived, 0 timed out)
Mutation testing 98% (elapsed: ~1h 6m, remaining: <1m) 441/446 tested (10 survived, 0 timed out)
Mutation testing 98% (elapsed: ~1h 6m, remaining: <1m) 441/446 tested (10 survived, 0 timed out)
Mutation testing 99% (elapsed: ~1h 6m, remaining: <1m) 444/446 tested (10 survived, 0 timed out)

All tests
  [92m✓[39m [90mAll tests[39m (killed 436)

[Survived] ArrayDeclaration
[36mscripts/lib/author-identities.mjs[39m:[33m52[39m:[33m89[39m
[31m-   const entrySlugs = (entry) => [entry?.name, ...(Array.isArray(entry?.aka) ? entry.aka : [])].map(nameSlug);[39m
[32m+   const entrySlugs = (entry) => [entry?.name, ...(Array.isArray(entry?.aka) ? entry.aka : ["Stryker was here"])].map(nameSlug);[39m

[Survived] OptionalChaining
[36mscripts/lib/author-identities.mjs[39m:[33m194[39m:[33m47[39m
[31m-   const endorsersOf = (entry) => (Array.isArray(entry?.confirmedBy) ? entry.confirmedBy : []);[39m
[32m+   const endorsersOf = (entry) => (Array.isArray(entry.confirmedBy) ? entry.confirmedBy : []);[39m

[Survived] ArrayDeclaration
[36mscripts/lib/author-identities.mjs[39m:[33m228[39m:[33m76[39m
[31m-     const identities = Array.isArray(state?.identities) ? state.identities : [];[39m
[32m+     const identities = Array.isArray(state?.identities) ? state.identities : ["Stryker was here"];[39m

[Survived] ArrayDeclaration
[36mscripts/lib/author-identities.mjs[39m:[33m262[39m:[33m57[39m
[31m-       const aka = Array.isArray(entry?.aka) ? entry.aka : [];[39m
[32m+       const aka = Array.isArray(entry?.aka) ? entry.aka : ["Stryker was here"];[39m

[Survived] ArrayDeclaration
[36mscripts/lib/brain-author.mjs[39m:[33m70[39m:[33m56[39m
[31m-       const aka = Array.isArray(entry.aka) ? entry.aka : [];[39m
[32m+       const aka = Array.isArray(entry.aka) ? entry.aka : ["Stryker was here"];[39m

[Survived] ArrayDeclaration
[36mscripts/lib/brain-author.mjs[39m:[33m172[39m:[33m43[39m
[31m-       (Array.isArray(distinct) ? distinct : []).map((name) => (typeof name === "string" ? slugSafe(name) : null)),[39m
[32m+       (Array.isArray(distinct) ? distinct : ["Stryker was here"]).map((name) => (typeof name === "string" ? slugSafe(name) : null)),[39m

[Survived] ArrayDeclaration
[36mscripts/lib/brain-author.mjs[39m:[33m231[39m:[33m56[39m
[31m-   export function fusionElsewhereQuestion({ identities = [], me } = {}) {[39m
[32m+   export function fusionElsewhereQuestion({ identities = ["Stryker was here"], me } = {}) {[39m

[Survived] OptionalChaining
[36mscripts/lib/brain-author.mjs[39m:[33m255[39m:[33m16[39m
[31m-     const raw = [entry?.name, ...(Array.isArray(entry?.aka) ? entry.aka : [])];[39m
[32m+     const raw = [entry.name, ...(Array.isArray(entry?.aka) ? entry.aka : [])];[39m

[Survived] OptionalChaining
[36mscripts/lib/brain-author.mjs[39m:[33m255[39m:[33m47[39m
[31m-     const raw = [entry?.name, ...(Array.isArray(entry?.aka) ? entry.aka : [])];[39m
[32m+     const raw = [entry?.name, ...(Array.isArray(entry.aka) ? entry.aka : [])];[39m

[Survived] ArrayDeclaration
[36mscripts/lib/brain-author.mjs[39m:[33m255[39m:[33m73[39m
[31m-     const raw = [entry?.name, ...(Array.isArray(entry?.aka) ? entry.aka : [])];[39m
[32m+     const raw = [entry?.name, ...(Array.isArray(entry?.aka) ? entry.aka : ["Stryker was here"])];[39m

Ran 1.00 tests per mutant on average.
-----------------------|------------------|----------|-----------|------------|----------|----------|
                       | % Mutation score |          |           |            |          |          |
File                   |  total | covered | # killed | # timeout | # survived | # no cov | # errors |
-----------------------|--------|---------|----------|-----------|------------|----------|----------|
All files              |[32m  97.76 [39m|[32m   97.76 [39m|      436 |         0 |         10 |        0 |        0 |
 author-identities.mjs |[32m  98.11 [39m|[32m   98.11 [39m|      208 |         0 |          4 |        0 |        0 |
 brain-author.mjs      |[32m  97.44 [39m|[32m   97.44 [39m|      228 |         0 |          6 |        0 |        0 |
-----------------------|--------|---------|----------|-----------|------------|----------|----------|
[32m00:26:22 (56852) INFO MutationTestExecutor[39m Done in 67 minutes and 9 seconds.
[32m00:26:22 (56852) INFO Sandbox[39m Resetting your original files from .stryker-tmp/backup-QYN0aQ.
