[32m21:40:35 (30816) INFO ProjectReader[39m Found 1 of 831 file(s) to be mutated.
[32m21:40:35 (30816) INFO Instrumenter[39m Instrumented 1 source file(s) with 42 mutant(s)
[32m21:40:35 (30816) INFO ConcurrencyTokenProvider[39m Creating 5 test runner process(es).
[32m21:40:35 (30816) INFO Sandbox[39m In place mode is enabled, Stryker will be overriding YOUR files. Find your backup at: .stryker-tmp/backup-v1zUC1
[32m21:40:35 (30816) INFO BroadcastReporter[39m Detected that current console does not support the "progress" reporter, downgrading to "progress-append-only" reporter
[32m21:40:35 (30816) INFO DryRunExecutor[39m Starting initial test run (command test runner with "off" coverage analysis). This may take a while.
[32m21:40:38 (30816) INFO DryRunExecutor[39m Initial test run succeeded. Ran 1 tests in 2 seconds (net 2459 ms, overhead 0 ms).
Mutation testing 0% (elapsed: <1m, remaining: n/a) 0/42 tested (0 survived, 0 timed out)
Mutation testing 11% (elapsed: <1m, remaining: ~2m) 5/42 tested (0 survived, 0 timed out)
Mutation testing 23% (elapsed: <1m, remaining: ~1m) 10/42 tested (0 survived, 0 timed out)
Mutation testing 23% (elapsed: <1m, remaining: ~2m) 10/42 tested (0 survived, 0 timed out)
Mutation testing 35% (elapsed: <1m, remaining: ~1m) 15/42 tested (0 survived, 0 timed out)
Mutation testing 47% (elapsed: ~1m, remaining: ~1m) 20/42 tested (0 survived, 0 timed out)
Mutation testing 59% (elapsed: ~1m, remaining: <1m) 25/42 tested (0 survived, 0 timed out)
Mutation testing 64% (elapsed: ~1m, remaining: <1m) 27/42 tested (0 survived, 0 timed out)
Mutation testing 73% (elapsed: ~1m, remaining: <1m) 31/42 tested (0 survived, 0 timed out)
Mutation testing 88% (elapsed: ~1m, remaining: <1m) 37/42 tested (0 survived, 0 timed out)

All tests
  ✓ All tests (killed 42)

Ran 1.00 tests per mutant on average.
---------------------------|------------------|----------|-----------|------------|----------|----------|
                           | % Mutation score |          |           |            |          |          |
File                       |  total | covered | # killed | # timeout | # survived | # no cov | # errors |
---------------------------|--------|---------|----------|-----------|------------|----------|----------|
All files                  | 100.00 |  100.00 |       42 |         0 |          0 |        0 |        0 |
 engine-ancestor-fetch.mjs | 100.00 |  100.00 |       42 |         0 |          0 |        0 |        0 |
---------------------------|--------|---------|----------|-----------|------------|----------|----------|
[32m21:42:24 (30816) INFO MutationTestExecutor[39m Done in 1 minute and 49 seconds.
[32m21:42:24 (30816) INFO Sandbox[39m Resetting your original files from .stryker-tmp/backup-v1zUC1.
