[32m08:11:33 (23935) INFO ProjectReader[39m Found 1 of 796 file(s) to be mutated.
[32m08:11:33 (23935) INFO Instrumenter[39m Instrumented 1 source file(s) with 46 mutant(s)
[32m08:11:33 (23935) INFO ConcurrencyTokenProvider[39m Creating 5 test runner process(es).
[32m08:11:33 (23935) INFO Sandbox[39m In place mode is enabled, Stryker will be overriding YOUR files. Find your backup at: .stryker-tmp/backup-Qhps2i
[32m08:11:33 (23935) INFO BroadcastReporter[39m Detected that current console does not support the "progress" reporter, downgrading to "progress-append-only" reporter
[32m08:11:33 (23935) INFO DryRunExecutor[39m Starting initial test run (command test runner with "off" coverage analysis). This may take a while.
[32m08:11:35 (23935) INFO DryRunExecutor[39m Initial test run succeeded. Ran 1 tests in 2 seconds (net 2254 ms, overhead 0 ms).
Mutation testing 0% (elapsed: <1m, remaining: n/a) 0/46 tested (0 survived, 0 timed out)
Mutation testing 10% (elapsed: <1m, remaining: ~2m) 5/46 tested (0 survived, 0 timed out)
Mutation testing 21% (elapsed: <1m, remaining: ~1m) 10/46 tested (0 survived, 0 timed out)
Mutation testing 32% (elapsed: <1m, remaining: ~1m) 15/46 tested (0 survived, 0 timed out)
Mutation testing 43% (elapsed: <1m, remaining: ~1m) 20/46 tested (0 survived, 0 timed out)
Mutation testing 54% (elapsed: ~1m, remaining: <1m) 25/46 tested (0 survived, 0 timed out)
Mutation testing 65% (elapsed: ~1m, remaining: <1m) 30/46 tested (0 survived, 0 timed out)
Mutation testing 76% (elapsed: ~1m, remaining: <1m) 35/46 tested (0 survived, 0 timed out)
Mutation testing 86% (elapsed: ~1m, remaining: <1m) 40/46 tested (0 survived, 0 timed out)

All tests
  ✓ All tests (killed 46)

Ran 1.00 tests per mutant on average.
-----------------------------|------------------|----------|-----------|------------|----------|----------|
                             | % Mutation score |          |           |            |          |          |
File                         |  total | covered | # killed | # timeout | # survived | # no cov | # errors |
-----------------------------|--------|---------|----------|-----------|------------|----------|----------|
All files                    | 100.00 |  100.00 |       46 |         0 |          0 |        0 |        0 |
 engine-divergence-nudge.mjs | 100.00 |  100.00 |       46 |         0 |          0 |        0 |        0 |
-----------------------------|--------|---------|----------|-----------|------------|----------|----------|
[32m08:13:12 (23935) INFO MutationTestExecutor[39m Done in 1 minute and 39 seconds.
[32m08:13:12 (23935) INFO Sandbox[39m Resetting your original files from .stryker-tmp/backup-Qhps2i.
