[32m11:14:29 (35848) INFO ProjectReader[39m Found 1 of 878 file(s) to be mutated.
[32m11:14:29 (35848) INFO Instrumenter[39m Instrumented 1 source file(s) with 4 mutant(s)
[32m11:14:29 (35848) INFO ConcurrencyTokenProvider[39m Creating 5 test runner process(es).
[32m11:14:29 (35848) INFO Sandbox[39m In place mode is enabled, Stryker will be overriding YOUR files. Find your backup at: .stryker-tmp/backup-UzeIwY
[32m11:14:29 (35848) INFO BroadcastReporter[39m Detected that current console does not support the "progress" reporter, downgrading to "progress-append-only" reporter
[32m11:14:29 (35848) INFO DryRunExecutor[39m Starting initial test run (command test runner with "off" coverage analysis). This may take a while.
[32m11:14:33 (35848) INFO DryRunExecutor[39m Initial test run succeeded. Ran 1 tests in 4 seconds (net 4289 ms, overhead 1 ms).
Mutation testing 0% (elapsed: <1m, remaining: n/a) 0/4 tested (0 survived, 0 timed out)

All tests
  ✓ All tests (killed 4)

Ran 1.00 tests per mutant on average.
------------------------------|------------------|----------|-----------|------------|----------|----------|
                              | % Mutation score |          |           |            |          |          |
File                          |  total | covered | # killed | # timeout | # survived | # no cov | # errors |
------------------------------|--------|---------|----------|-----------|------------|----------|----------|
All files                     | 100.00 |  100.00 |        4 |         0 |          0 |        0 |        0 |
 engine-fingerprint-table.mjs | 100.00 |  100.00 |        4 |         0 |          0 |        0 |        0 |
------------------------------|--------|---------|----------|-----------|------------|----------|----------|
[32m11:14:51 (35848) INFO MutationTestExecutor[39m Done in 21 seconds.
[32m11:14:51 (35848) INFO Sandbox[39m Resetting your original files from .stryker-tmp/backup-UzeIwY.
