[32m00:17:32 (33298) INFO ProjectReader[39m Found 1 of 1087 file(s) to be mutated.
[32m00:17:32 (33298) INFO Instrumenter[39m Instrumented 1 source file(s) with 106 mutant(s)
[32m00:17:32 (33298) INFO ConcurrencyTokenProvider[39m Creating 5 test runner process(es).
[32m00:17:32 (33298) INFO Sandbox[39m In place mode is enabled, Stryker will be overriding YOUR files. Find your backup at: .stryker-tmp/backup-CbQegY
[32m00:17:32 (33298) INFO BroadcastReporter[39m Detected that current console does not support the "progress" reporter, downgrading to "progress-append-only" reporter
[32m00:17:32 (33298) INFO DryRunExecutor[39m Starting initial test run (command test runner with "off" coverage analysis). This may take a while.
[32m00:17:32 (33298) INFO DryRunExecutor[39m Initial test run succeeded. Ran 1 tests in 0 seconds (net 142 ms, overhead 0 ms).

All tests
  ✓ All tests (killed 104)

[Survived] StringLiteral
scripts/lib/owner-facing.mjs:131:41
-     const prose = text.replace(PATH_LIKE, " ");
+     const prose = text.replace(PATH_LIKE, "");

[Survived] ConditionalExpression
scripts/lib/owner-facing.mjs:176:7
-     if (typeof text !== "string") return [];
+     if (false) return [];

Ran 1.00 tests per mutant on average.
------------------|------------------|----------|-----------|------------|----------|----------|
                  | % Mutation score |          |           |            |          |          |
File              |  total | covered | # killed | # timeout | # survived | # no cov | # errors |
------------------|--------|---------|----------|-----------|------------|----------|----------|
All files         |  98.11 |   98.11 |      104 |         0 |          2 |        0 |        0 |
 owner-facing.mjs |  98.11 |   98.11 |      104 |         0 |          2 |        0 |        0 |
------------------|--------|---------|----------|-----------|------------|----------|----------|
[32m00:17:41 (33298) INFO MutationTestExecutor[39m Done in 9 seconds.
[32m00:17:41 (33298) INFO Sandbox[39m Resetting your original files from .stryker-tmp/backup-CbQegY.
