[32m20:46:42 (25248) INFO ProjectReader[39m Found 1 of 820 file(s) to be mutated.
[32m20:46:42 (25248) INFO Instrumenter[39m Instrumented 1 source file(s) with 38 mutant(s)
[32m20:46:42 (25248) INFO ConcurrencyTokenProvider[39m Creating 5 test runner process(es).
[32m20:46:42 (25248) INFO Sandbox[39m In place mode is enabled, Stryker will be overriding YOUR files. Find your backup at: .stryker-tmp/backup-T4Ctbq
[32m20:46:42 (25248) INFO BroadcastReporter[39m Detected that current console does not support the "progress" reporter, downgrading to "progress-append-only" reporter
[32m20:46:42 (25248) INFO DryRunExecutor[39m Starting initial test run (command test runner with "off" coverage analysis). This may take a while.
[32m20:46:44 (25248) INFO DryRunExecutor[39m Initial test run succeeded. Ran 1 tests in 2 seconds (net 2437 ms, overhead 1 ms).
Mutation testing 0% (elapsed: <1m, remaining: n/a) 0/38 tested (0 survived, 0 timed out)
Mutation testing 13% (elapsed: <1m, remaining: ~2m) 5/38 tested (1 survived, 0 timed out)
Mutation testing 26% (elapsed: <1m, remaining: ~1m) 10/38 tested (1 survived, 0 timed out)
Mutation testing 39% (elapsed: <1m, remaining: ~1m) 15/38 tested (1 survived, 0 timed out)
Mutation testing 39% (elapsed: <1m, remaining: ~1m) 15/38 tested (1 survived, 0 timed out)
Mutation testing 52% (elapsed: ~1m, remaining: <1m) 20/38 tested (1 survived, 0 timed out)
Mutation testing 65% (elapsed: ~1m, remaining: <1m) 25/38 tested (2 survived, 0 timed out)
Mutation testing 78% (elapsed: ~1m, remaining: <1m) 30/38 tested (2 survived, 0 timed out)
Mutation testing 86% (elapsed: ~1m, remaining: <1m) 33/38 tested (2 survived, 0 timed out)

All tests
  ✓ All tests (killed 36)

[Survived] Regex
scripts/lib/engine-fingerprint-table.mjs:31:19
-   const LOCALIZED = /^templates\/([^/]+)\/(.+)$/;
+   const LOCALIZED = /^templates\/([^/]+)\/(.+)/;

[Survived] EqualityOperator
scripts/lib/engine-fingerprint-table.mjs:61:24
-   const cmp = (a, b) => (a < b ? -1 : 1);
+   const cmp = (a, b) => (a <= b ? -1 : 1);

Ran 1.00 tests per mutant on average.
------------------------------|------------------|----------|-----------|------------|----------|----------|
                              | % Mutation score |          |           |            |          |          |
File                          |  total | covered | # killed | # timeout | # survived | # no cov | # errors |
------------------------------|--------|---------|----------|-----------|------------|----------|----------|
All files                     |  94.74 |   94.74 |       36 |         0 |          2 |        0 |        0 |
 engine-fingerprint-table.mjs |  94.74 |   94.74 |       36 |         0 |          2 |        0 |        0 |
------------------------------|--------|---------|----------|-----------|------------|----------|----------|
[32m20:48:21 (25248) INFO MutationTestExecutor[39m Done in 1 minute and 39 seconds.
[32m20:48:21 (25248) INFO Sandbox[39m Resetting your original files from .stryker-tmp/backup-T4Ctbq.
