[32m08:30:51 (81510) INFO ProjectReader[39m Found 1 of 797 file(s) to be mutated.
[32m08:30:51 (81510) INFO Instrumenter[39m Instrumented 1 source file(s) with 42 mutant(s)
[32m08:30:51 (81510) INFO ConcurrencyTokenProvider[39m Creating 5 test runner process(es).
[32m08:30:51 (81510) INFO Sandbox[39m In place mode is enabled, Stryker will be overriding YOUR files. Find your backup at: .stryker-tmp/backup-gRGuAL
[32m08:30:51 (81510) INFO BroadcastReporter[39m Detected that current console does not support the "progress" reporter, downgrading to "progress-append-only" reporter
[32m08:30:51 (81510) INFO DryRunExecutor[39m Starting initial test run (command test runner with "off" coverage analysis). This may take a while.
[32m08:30:53 (81510) INFO DryRunExecutor[39m Initial test run succeeded. Ran 1 tests in 2 seconds (net 2207 ms, overhead 0 ms).
Mutation testing 9% (elapsed: <1m, remaining: ~1m) 4/42 tested (0 survived, 0 timed out)
Mutation testing 21% (elapsed: <1m, remaining: ~1m) 9/42 tested (0 survived, 0 timed out)
Mutation testing 30% (elapsed: <1m, remaining: ~1m) 13/42 tested (0 survived, 0 timed out)
Mutation testing 40% (elapsed: <1m, remaining: <1m) 17/42 tested (0 survived, 0 timed out)
Mutation testing 50% (elapsed: <1m, remaining: <1m) 21/42 tested (0 survived, 0 timed out)
Mutation testing 64% (elapsed: ~1m, remaining: <1m) 27/42 tested (0 survived, 0 timed out)
Mutation testing 76% (elapsed: ~1m, remaining: <1m) 32/42 tested (0 survived, 0 timed out)
Mutation testing 85% (elapsed: ~1m, remaining: <1m) 36/42 tested (0 survived, 0 timed out)

All tests
  ✓ All tests (killed 42)

Ran 1.00 tests per mutant on average.
----------------|------------------|----------|-----------|------------|----------|----------|
                | % Mutation score |          |           |            |          |          |
File            |  total | covered | # killed | # timeout | # survived | # no cov | # errors |
----------------|--------|---------|----------|-----------|------------|----------|----------|
All files       | 100.00 |  100.00 |       42 |         0 |          0 |        0 |        0 |
 glob-match.mjs | 100.00 |  100.00 |       42 |         0 |          0 |        0 |        0 |
----------------|--------|---------|----------|-----------|------------|----------|----------|
[32m08:32:18 (81510) INFO MutationTestExecutor[39m Done in 1 minute and 26 seconds.
[32m08:32:18 (81510) INFO Sandbox[39m Resetting your original files from .stryker-tmp/backup-gRGuAL.
