[32m19:54:30 (27102) INFO ProjectReader[39m Found 1 of 753 file(s) to be mutated.
[32m19:54:30 (27102) INFO Instrumenter[39m Instrumented 1 source file(s) with 10 mutant(s)
[32m19:54:30 (27102) INFO ConcurrencyTokenProvider[39m Creating 5 test runner process(es).
[32m19:54:30 (27102) INFO Sandbox[39m In place mode is enabled, Stryker will be overriding YOUR files. Find your backup at: .stryker-tmp/backup-8b786q
[32m19:54:30 (27102) INFO BroadcastReporter[39m Detected that current console does not support the "progress" reporter, downgrading to "progress-append-only" reporter
[32m19:54:30 (27102) INFO DryRunExecutor[39m Starting initial test run (command test runner with "off" coverage analysis). This may take a while.
[32m19:54:32 (27102) INFO DryRunExecutor[39m Initial test run succeeded. Ran 1 tests in 2 seconds (net 2190 ms, overhead 0 ms).
Mutation testing 0% (elapsed: <1m, remaining: n/a) 0/10 tested (0 survived, 0 timed out)
Mutation testing 50% (elapsed: <1m, remaining: <1m) 5/10 tested (2 survived, 0 timed out)

All tests
  ✓ All tests (killed 7)

[Survived] StringLiteral
scripts/lint-vault.mjs:21:43
-   const toPosix = (p) => p.split("\\").join("/");
+   const toPosix = (p) => p.split("\\").join("");

[Survived] ArrowFunction
scripts/lint-vault.mjs:25:8
-     cwd: () => process.cwd(),
+     cwd: () => undefined,

[Survived] ArrowFunction
scripts/lint-vault.mjs:28:10
-     error: (...a) => console.error(...a),
+     error: () => undefined,

Ran 1.00 tests per mutant on average.
----------------|------------------|----------|-----------|------------|----------|----------|
                | % Mutation score |          |           |            |          |          |
File            |  total | covered | # killed | # timeout | # survived | # no cov | # errors |
----------------|--------|---------|----------|-----------|------------|----------|----------|
All files       |  70.00 |   70.00 |        7 |         0 |          3 |        0 |        0 |
 lint-vault.mjs |  70.00 |   70.00 |        7 |         0 |          3 |        0 |        0 |
----------------|--------|---------|----------|-----------|------------|----------|----------|
[32m19:54:53 (27102) INFO MutationTestExecutor[39m Done in 22 seconds.
[32m19:54:53 (27102) INFO Sandbox[39m Resetting your original files from .stryker-tmp/backup-8b786q.
