[32m09:41:39 (49638) INFO ProjectReader[39m Found 1 of 875 file(s) to be mutated.
[32m09:41:39 (49638) INFO Instrumenter[39m Instrumented 1 source file(s) with 27 mutant(s)
[32m09:41:39 (49638) INFO ConcurrencyTokenProvider[39m Creating 5 test runner process(es).
[32m09:41:40 (49638) INFO Sandbox[39m In place mode is enabled, Stryker will be overriding YOUR files. Find your backup at: .stryker-tmp/backup-OQUHFb
[32m09:41:40 (49638) INFO BroadcastReporter[39m Detected that current console does not support the "progress" reporter, downgrading to "progress-append-only" reporter
[32m09:41:40 (49638) INFO DryRunExecutor[39m Starting initial test run (command test runner with "off" coverage analysis). This may take a while.
[32m09:41:43 (49638) INFO DryRunExecutor[39m Initial test run succeeded. Ran 1 tests in 3 seconds (net 3604 ms, overhead 0 ms).
Mutation testing 0% (elapsed: <1m, remaining: n/a) 0/27 tested (0 survived, 0 timed out)
Mutation testing 0% (elapsed: <1m, remaining: n/a) 0/27 tested (0 survived, 0 timed out)
Mutation testing 18% (elapsed: <1m, remaining: ~2m) 5/27 tested (1 survived, 0 timed out)
Mutation testing 18% (elapsed: <1m, remaining: ~2m) 5/27 tested (1 survived, 0 timed out)
Mutation testing 37% (elapsed: <1m, remaining: ~1m) 10/27 tested (1 survived, 0 timed out)
Mutation testing 37% (elapsed: ~1m, remaining: ~1m) 10/27 tested (1 survived, 0 timed out)
Mutation testing 55% (elapsed: ~1m, remaining: <1m) 15/27 tested (1 survived, 0 timed out)
Mutation testing 55% (elapsed: ~1m, remaining: ~1m) 15/27 tested (1 survived, 0 timed out)
Mutation testing 74% (elapsed: ~1m, remaining: <1m) 20/27 tested (2 survived, 0 timed out)
Mutation testing 74% (elapsed: ~1m, remaining: <1m) 20/27 tested (2 survived, 0 timed out)
Mutation testing 92% (elapsed: ~1m, remaining: <1m) 25/27 tested (2 survived, 0 timed out)

All tests
  ✓ All tests (killed 25)

[Survived] Regex
scripts/lib/tracked-files.mjs:36:20
-   const EOL_FIELDS = /^(i\/\S+)\s+(w\/\S+)\s+attr\/(.*)$/;
+   const EOL_FIELDS = /^(i\/\S+)\s+(w\/\S+)\s+attr\/(.*)/;

[Survived] EqualityOperator
scripts/lib/tracked-files.mjs:44:9
-       if (tab < 0) continue;
+       if (tab <= 0) continue;

Ran 1.00 tests per mutant on average.
-------------------|------------------|----------|-----------|------------|----------|----------|
                   | % Mutation score |          |           |            |          |          |
File               |  total | covered | # killed | # timeout | # survived | # no cov | # errors |
-------------------|--------|---------|----------|-----------|------------|----------|----------|
All files          |  92.59 |   92.59 |       25 |         0 |          2 |        0 |        0 |
 tracked-files.mjs |  92.59 |   92.59 |       25 |         0 |          2 |        0 |        0 |
-------------------|--------|---------|----------|-----------|------------|----------|----------|
[32m09:43:38 (49638) INFO MutationTestExecutor[39m Done in 1 minute and 58 seconds.
[32m09:43:38 (49638) INFO Sandbox[39m Resetting your original files from .stryker-tmp/backup-OQUHFb.
