[32m21:28:56 (57353) INFO ProjectReader[39m Found 1 of 828 file(s) to be mutated.
[32m21:28:56 (57353) INFO Instrumenter[39m Instrumented 1 source file(s) with 33 mutant(s)
[32m21:28:56 (57353) INFO ConcurrencyTokenProvider[39m Creating 5 test runner process(es).
[32m21:28:56 (57353) INFO Sandbox[39m In place mode is enabled, Stryker will be overriding YOUR files. Find your backup at: .stryker-tmp/backup-KTg1tP
[32m21:28:56 (57353) INFO BroadcastReporter[39m Detected that current console does not support the "progress" reporter, downgrading to "progress-append-only" reporter
[32m21:28:56 (57353) INFO DryRunExecutor[39m Starting initial test run (command test runner with "off" coverage analysis). This may take a while.
[32m21:28:59 (57353) INFO DryRunExecutor[39m Initial test run succeeded. Ran 1 tests in 2 seconds (net 2409 ms, overhead 1 ms).
Mutation testing 0% (elapsed: <1m, remaining: n/a) 0/33 tested (0 survived, 0 timed out)
Mutation testing 15% (elapsed: <1m, remaining: ~1m) 5/33 tested (0 survived, 0 timed out)
Mutation testing 30% (elapsed: <1m, remaining: ~1m) 10/33 tested (0 survived, 0 timed out)
Mutation testing 30% (elapsed: <1m, remaining: ~1m) 10/33 tested (0 survived, 0 timed out)
Mutation testing 45% (elapsed: <1m, remaining: ~1m) 15/33 tested (1 survived, 0 timed out)
Mutation testing 60% (elapsed: ~1m, remaining: <1m) 20/33 tested (1 survived, 0 timed out)
Mutation testing 75% (elapsed: ~1m, remaining: <1m) 25/33 tested (1 survived, 0 timed out)
Mutation testing 75% (elapsed: ~1m, remaining: <1m) 25/33 tested (1 survived, 0 timed out)

All tests
  ✓ All tests (killed 31)

[Survived] ConditionalExpression
scripts/lib/engine-ancestor.mjs:45:11
-         if (!recorded) return null;
+         if (false) return null;

[Survived] EqualityOperator
scripts/lib/engine-ancestor.mjs:68:22
-       .sort((a, b) => (a.rel < b.rel ? -1 : 1));
+       .sort((a, b) => (a.rel <= b.rel ? -1 : 1));

Ran 1.00 tests per mutant on average.
---------------------|------------------|----------|-----------|------------|----------|----------|
                     | % Mutation score |          |           |            |          |          |
File                 |  total | covered | # killed | # timeout | # survived | # no cov | # errors |
---------------------|--------|---------|----------|-----------|------------|----------|----------|
All files            |  93.94 |   93.94 |       31 |         0 |          2 |        0 |        0 |
 engine-ancestor.mjs |  93.94 |   93.94 |       31 |         0 |          2 |        0 |        0 |
---------------------|--------|---------|----------|-----------|------------|----------|----------|
[32m21:30:27 (57353) INFO MutationTestExecutor[39m Done in 1 minute and 31 seconds.
[32m21:30:27 (57353) INFO Sandbox[39m Resetting your original files from .stryker-tmp/backup-KTg1tP.
