[32m23:37:55 (43323) INFO ProjectReader[39m Found 1 of 885 file(s) to be mutated.
[32m23:37:55 (43323) INFO Instrumenter[39m Instrumented 1 source file(s) with 39 mutant(s)
[32m23:37:55 (43323) INFO ConcurrencyTokenProvider[39m Creating 5 test runner process(es).
[32m23:37:55 (43323) INFO Sandbox[39m In place mode is enabled, Stryker will be overriding YOUR files. Find your backup at: .stryker-tmp/backup-RHMdWt
[32m23:37:55 (43323) INFO BroadcastReporter[39m Detected that current console does not support the "progress" reporter, downgrading to "progress-append-only" reporter
[32m23:37:55 (43323) INFO DryRunExecutor[39m Starting initial test run (command test runner with "off" coverage analysis). This may take a while.
[32m23:37:59 (43323) INFO DryRunExecutor[39m Initial test run succeeded. Ran 1 tests in 3 seconds (net 3942 ms, overhead 1 ms).
Mutation testing 0% (elapsed: <1m, remaining: n/a) 0/39 tested (0 survived, 0 timed out)
Mutation testing 0% (elapsed: <1m, remaining: n/a) 0/39 tested (0 survived, 0 timed out)
Mutation testing 12% (elapsed: <1m, remaining: ~3m) 5/39 tested (1 survived, 0 timed out)
Mutation testing 12% (elapsed: <1m, remaining: ~4m) 5/39 tested (1 survived, 0 timed out)
Mutation testing 25% (elapsed: <1m, remaining: ~2m) 10/39 tested (1 survived, 0 timed out)
Mutation testing 25% (elapsed: ~1m, remaining: ~2m) 10/39 tested (1 survived, 0 timed out)
Mutation testing 35% (elapsed: ~1m, remaining: ~2m) 14/39 tested (1 survived, 0 timed out)
Mutation testing 38% (elapsed: ~1m, remaining: ~2m) 15/39 tested (1 survived, 0 timed out)
Mutation testing 38% (elapsed: ~1m, remaining: ~2m) 15/39 tested (1 survived, 0 timed out)
Mutation testing 51% (elapsed: ~1m, remaining: ~1m) 20/39 tested (1 survived, 0 timed out)
Mutation testing 51% (elapsed: ~1m, remaining: ~1m) 20/39 tested (1 survived, 0 timed out)
Mutation testing 64% (elapsed: ~2m, remaining: ~1m) 25/39 tested (1 survived, 0 timed out)
Mutation testing 64% (elapsed: ~2m, remaining: ~1m) 25/39 tested (1 survived, 0 timed out)
Mutation testing 76% (elapsed: ~2m, remaining: <1m) 30/39 tested (1 survived, 0 timed out)
Mutation testing 76% (elapsed: ~2m, remaining: <1m) 30/39 tested (1 survived, 0 timed out)
Mutation testing 76% (elapsed: ~2m, remaining: <1m) 30/39 tested (1 survived, 0 timed out)
Mutation testing 89% (elapsed: ~2m, remaining: <1m) 35/39 tested (1 survived, 0 timed out)
Mutation testing 92% (elapsed: ~3m, remaining: <1m) 36/39 tested (1 survived, 0 timed out)

All tests
  ✓ All tests (killed 38)

[Survived] StringLiteral
scripts/lib/ignore-base-settings.mjs:31:3
-     "# The engine's copy of settings.json (same reason as the line above: absolute paths" +
+     "" +

Ran 1.00 tests per mutant on average.
--------------------------|------------------|----------|-----------|------------|----------|----------|
                          | % Mutation score |          |           |            |          |          |
File                      |  total | covered | # killed | # timeout | # survived | # no cov | # errors |
--------------------------|--------|---------|----------|-----------|------------|----------|----------|
All files                 |  97.44 |   97.44 |       38 |         0 |          1 |        0 |        0 |
 ignore-base-settings.mjs |  97.44 |   97.44 |       38 |         0 |          1 |        0 |        0 |
--------------------------|--------|---------|----------|-----------|------------|----------|----------|
[32m23:40:59 (43323) INFO MutationTestExecutor[39m Done in 3 minutes and 4 seconds.
[32m23:40:59 (43323) INFO Sandbox[39m Resetting your original files from .stryker-tmp/backup-RHMdWt.
