[32m08:55:18 (9651) INFO ProjectReader[39m Found 1 of 870 file(s) to be mutated.
[32m08:55:18 (9651) INFO Instrumenter[39m Instrumented 1 source file(s) with 30 mutant(s)
[32m08:55:18 (9651) INFO ConcurrencyTokenProvider[39m Creating 5 test runner process(es).
[32m08:55:18 (9651) INFO Sandbox[39m In place mode is enabled, Stryker will be overriding YOUR files. Find your backup at: .stryker-tmp/backup-6aqblG
[32m08:55:18 (9651) INFO BroadcastReporter[39m Detected that current console does not support the "progress" reporter, downgrading to "progress-append-only" reporter
[32m08:55:18 (9651) INFO DryRunExecutor[39m Starting initial test run (command test runner with "off" coverage analysis). This may take a while.
[32m08:55:21 (9651) INFO DryRunExecutor[39m Initial test run succeeded. Ran 1 tests in 3 seconds (net 3487 ms, overhead 0 ms).
Mutation testing 0% (elapsed: <1m, remaining: n/a) 0/30 tested (0 survived, 0 timed out)
Mutation testing 16% (elapsed: <1m, remaining: ~1m) 5/30 tested (0 survived, 0 timed out)
Mutation testing 16% (elapsed: <1m, remaining: ~2m) 5/30 tested (0 survived, 0 timed out)
Mutation testing 33% (elapsed: <1m, remaining: ~1m) 10/30 tested (0 survived, 0 timed out)
Mutation testing 36% (elapsed: <1m, remaining: ~1m) 11/30 tested (0 survived, 0 timed out)
Mutation testing 53% (elapsed: ~1m, remaining: <1m) 16/30 tested (1 survived, 0 timed out)
Mutation testing 56% (elapsed: ~1m, remaining: <1m) 17/30 tested (1 survived, 0 timed out)
Mutation testing 73% (elapsed: ~1m, remaining: <1m) 22/30 tested (1 survived, 0 timed out)
Mutation testing 83% (elapsed: ~1m, remaining: <1m) 25/30 tested (1 survived, 0 timed out)

All tests
  ✓ All tests (killed 29)

[Survived] ConditionalExpression
scripts/lib/engine-ancestor-fetch.mjs:82:11
-         if (!shown.ok) continue;
+         if (false) continue;

Ran 1.00 tests per mutant on average.
---------------------------|------------------|----------|-----------|------------|----------|----------|
                           | % Mutation score |          |           |            |          |          |
File                       |  total | covered | # killed | # timeout | # survived | # no cov | # errors |
---------------------------|--------|---------|----------|-----------|------------|----------|----------|
All files                  |  96.67 |   96.67 |       29 |         0 |          1 |        0 |        0 |
 engine-ancestor-fetch.mjs |  96.67 |   96.67 |       29 |         0 |          1 |        0 |        0 |
---------------------------|--------|---------|----------|-----------|------------|----------|----------|
[32m08:57:01 (9651) INFO MutationTestExecutor[39m Done in 1 minute and 43 seconds.
[32m08:57:01 (9651) INFO Sandbox[39m Resetting your original files from .stryker-tmp/backup-6aqblG.
