[32m00:20:10 (57069) INFO ProjectReader[39m Found 1 of 1092 file(s) to be mutated.
[32m00:20:10 (57069) INFO Instrumenter[39m Instrumented 1 source file(s) with 28 mutant(s)
[32m00:20:10 (57069) INFO ConcurrencyTokenProvider[39m Creating 5 test runner process(es).
[32m00:20:10 (57069) INFO Sandbox[39m In place mode is enabled, Stryker will be overriding YOUR files. Find your backup at: .stryker-tmp/backup-ulYNFh
[32m00:20:10 (57069) INFO BroadcastReporter[39m Detected that current console does not support the "progress" reporter, downgrading to "progress-append-only" reporter
[32m00:20:10 (57069) INFO DryRunExecutor[39m Starting initial test run (command test runner with "off" coverage analysis). This may take a while.
[32m00:20:11 (57069) INFO DryRunExecutor[39m Initial test run succeeded. Ran 1 tests in 1 second (net 1669 ms, overhead 0 ms).
Mutation testing 53% (elapsed: <1m, remaining: <1m) 15/28 tested (0 survived, 0 timed out)

All tests
  ✓ All tests (killed 28)

Ran 1.00 tests per mutant on average.
---------------|------------------|----------|-----------|------------|----------|----------|
               | % Mutation score |          |           |            |          |          |
File           |  total | covered | # killed | # timeout | # survived | # no cov | # errors |
---------------|--------|---------|----------|-----------|------------|----------|----------|
All files      | 100.00 |  100.00 |       28 |         0 |          0 |        0 |        0 |
 wiki-lint.mjs | 100.00 |  100.00 |       28 |         0 |          0 |        0 |        0 |
---------------|--------|---------|----------|-----------|------------|----------|----------|
[32m00:20:28 (57069) INFO MutationTestExecutor[39m Done in 18 seconds.
[32m00:20:28 (57069) INFO Sandbox[39m Resetting your original files from .stryker-tmp/backup-ulYNFh.
