[32m09:58:18 (15294) INFO ProjectReader[39m Found 1 of 901 file(s) to be mutated.
[32m09:58:18 (15294) INFO Instrumenter[39m Instrumented 1 source file(s) with 22 mutant(s)
[32m09:58:18 (15294) INFO ConcurrencyTokenProvider[39m Creating 5 test runner process(es).
[32m09:58:19 (15294) INFO Sandbox[39m In place mode is enabled, Stryker will be overriding YOUR files. Find your backup at: .stryker-tmp/backup-XlxB5k
[32m09:58:19 (15294) INFO BroadcastReporter[39m Detected that current console does not support the "progress" reporter, downgrading to "progress-append-only" reporter
[32m09:58:19 (15294) INFO DryRunExecutor[39m Starting initial test run (command test runner with "off" coverage analysis). This may take a while.
[32m09:58:22 (15294) INFO DryRunExecutor[39m Initial test run succeeded. Ran 1 tests in 3 seconds (net 3653 ms, overhead 0 ms).
Mutation testing 0% (elapsed: <1m, remaining: n/a) 0/22 tested (0 survived, 0 timed out)
Mutation testing 0% (elapsed: <1m, remaining: n/a) 0/22 tested (0 survived, 0 timed out)
Mutation testing 22% (elapsed: <1m, remaining: ~1m) 5/22 tested (1 survived, 0 timed out)
Mutation testing 22% (elapsed: <1m, remaining: ~2m) 5/22 tested (1 survived, 0 timed out)
Mutation testing 45% (elapsed: <1m, remaining: ~1m) 10/22 tested (1 survived, 0 timed out)
Mutation testing 45% (elapsed: ~1m, remaining: ~1m) 10/22 tested (1 survived, 0 timed out)
Mutation testing 68% (elapsed: ~1m, remaining: <1m) 15/22 tested (1 survived, 0 timed out)
Mutation testing 68% (elapsed: ~1m, remaining: <1m) 15/22 tested (1 survived, 0 timed out)
Mutation testing 90% (elapsed: ~1m, remaining: <1m) 20/22 tested (1 survived, 0 timed out)

All tests
  ✓ All tests (killed 21)

[Survived] Regex
scripts/lib/engine-script-coupling.mjs:27:22
-   const IS_SPECIFIER = /(?:^|[^\w$])(?:from|import\()$/;
+   const IS_SPECIFIER = /(?:^|[^\w$])(?:from|import\()/;

Ran 1.00 tests per mutant on average.
----------------------------|------------------|----------|-----------|------------|----------|----------|
                            | % Mutation score |          |           |            |          |          |
File                        |  total | covered | # killed | # timeout | # survived | # no cov | # errors |
----------------------------|--------|---------|----------|-----------|------------|----------|----------|
All files                   |  95.45 |   95.45 |       21 |         0 |          1 |        0 |        0 |
 engine-script-coupling.mjs |  95.45 |   95.45 |       21 |         0 |          1 |        0 |        0 |
----------------------------|--------|---------|----------|-----------|------------|----------|----------|
[32m09:59:59 (15294) INFO MutationTestExecutor[39m Done in 1 minute and 40 seconds.
[32m09:59:59 (15294) INFO Sandbox[39m Resetting your original files from .stryker-tmp/backup-XlxB5k.
