[32m08:33:20 (54031) INFO ProjectReader[39m Found 1 of 1031 file(s) to be mutated.
[32m08:33:20 (54031) INFO Instrumenter[39m Instrumented 1 source file(s) with 13 mutant(s)
[32m08:33:20 (54031) INFO ConcurrencyTokenProvider[39m Creating 5 test runner process(es).
[32m08:33:20 (54031) INFO Sandbox[39m In place mode is enabled, Stryker will be overriding YOUR files. Find your backup at: .stryker-tmp/backup-VCuIpP
[32m08:33:20 (54031) INFO BroadcastReporter[39m Detected that current console does not support the "progress" reporter, downgrading to "progress-append-only" reporter
[32m08:33:20 (54031) INFO DryRunExecutor[39m Starting initial test run (command test runner with "off" coverage analysis). This may take a while.
[32m08:33:22 (54031) INFO DryRunExecutor[39m Initial test run succeeded. Ran 1 tests in 1 second (net 1613 ms, overhead 0 ms).

All tests
  ✓ All tests (killed 12)

[Survived] ArrayDeclaration
scripts/lib/wiki-lint.mjs:66:52
-   export function buildResolver(notes, attachments = []) {
+   export function buildResolver(notes, attachments = ["Stryker was here"]) {

Ran 1.00 tests per mutant on average.
---------------|------------------|----------|-----------|------------|----------|----------|
               | % Mutation score |          |           |            |          |          |
File           |  total | covered | # killed | # timeout | # survived | # no cov | # errors |
---------------|--------|---------|----------|-----------|------------|----------|----------|
All files      |  92.31 |   92.31 |       12 |         0 |          1 |        0 |        0 |
 wiki-lint.mjs |  92.31 |   92.31 |       12 |         0 |          1 |        0 |        0 |
---------------|--------|---------|----------|-----------|------------|----------|----------|
[32m08:33:30 (54031) INFO MutationTestExecutor[39m Done in 9 seconds.
[32m08:33:30 (54031) INFO Sandbox[39m Resetting your original files from .stryker-tmp/backup-VCuIpP.
