[32m11:12:56 (26652) INFO ProjectReader[39m Found 1 of 878 file(s) to be mutated.
[32m11:12:56 (26652) INFO Instrumenter[39m Instrumented 1 source file(s) with 5 mutant(s)
[32m11:12:56 (26652) INFO ConcurrencyTokenProvider[39m Creating 5 test runner process(es).
[32m11:12:56 (26652) INFO Sandbox[39m In place mode is enabled, Stryker will be overriding YOUR files. Find your backup at: .stryker-tmp/backup-SevvmM
[32m11:12:56 (26652) INFO BroadcastReporter[39m Detected that current console does not support the "progress" reporter, downgrading to "progress-append-only" reporter
[32m11:12:56 (26652) INFO DryRunExecutor[39m Starting initial test run (command test runner with "off" coverage analysis). This may take a while.
[32m11:13:00 (26652) INFO DryRunExecutor[39m Initial test run succeeded. Ran 1 tests in 4 seconds (net 4173 ms, overhead 1 ms).
Mutation testing 0% (elapsed: <1m, remaining: n/a) 0/5 tested (0 survived, 0 timed out)
Mutation testing 0% (elapsed: <1m, remaining: n/a) 0/5 tested (0 survived, 0 timed out)

All tests
  ✓ All tests (killed 4)

[Survived] OptionalChaining
scripts/lib/engine-fingerprint-table.mjs:80:29
-         content: deliversAsLf(eolByPath?.[source.sourcePath]) ? normalizeEol(raw) : raw,
+         content: deliversAsLf(eolByPath[source.sourcePath]) ? normalizeEol(raw) : raw,

Ran 1.00 tests per mutant on average.
------------------------------|------------------|----------|-----------|------------|----------|----------|
                              | % Mutation score |          |           |            |          |          |
File                          |  total | covered | # killed | # timeout | # survived | # no cov | # errors |
------------------------------|--------|---------|----------|-----------|------------|----------|----------|
All files                     |  80.00 |   80.00 |        4 |         0 |          1 |        0 |        0 |
 engine-fingerprint-table.mjs |  80.00 |   80.00 |        4 |         0 |          1 |        0 |        0 |
------------------------------|--------|---------|----------|-----------|------------|----------|----------|
[32m11:13:24 (26652) INFO MutationTestExecutor[39m Done in 27 seconds.
[32m11:13:24 (26652) INFO Sandbox[39m Resetting your original files from .stryker-tmp/backup-SevvmM.
