[32m23:45:14 (90230) INFO ProjectReader[39m Found 1 of 769 file(s) to be mutated.
[32m23:45:14 (90230) INFO Instrumenter[39m Instrumented 1 source file(s) with 113 mutant(s)
[32m23:45:14 (90230) INFO ConcurrencyTokenProvider[39m Creating 5 test runner process(es).
[32m23:45:14 (90230) INFO Sandbox[39m In place mode is enabled, Stryker will be overriding YOUR files. Find your backup at: .stryker-tmp/backup-IT9Uhy
[32m23:45:14 (90230) INFO BroadcastReporter[39m Detected that current console does not support the "progress" reporter, downgrading to "progress-append-only" reporter
[32m23:45:14 (90230) INFO DryRunExecutor[39m Starting initial test run (command test runner with "off" coverage analysis). This may take a while.
[32m23:45:16 (90230) INFO DryRunExecutor[39m Initial test run succeeded. Ran 1 tests in 2 seconds (net 2151 ms, overhead 0 ms).
Mutation testing 0% (elapsed: <1m, remaining: n/a) 0/113 tested (0 survived, 0 timed out)
Mutation testing 4% (elapsed: <1m, remaining: ~7m) 5/113 tested (0 survived, 0 timed out)
Mutation testing 8% (elapsed: <1m, remaining: ~5m) 10/113 tested (0 survived, 0 timed out)
Mutation testing 15% (elapsed: <1m, remaining: ~3m) 17/113 tested (0 survived, 0 timed out)
Mutation testing 19% (elapsed: <1m, remaining: ~3m) 22/113 tested (0 survived, 0 timed out)
Mutation testing 24% (elapsed: ~1m, remaining: ~3m) 28/113 tested (0 survived, 0 timed out)
Mutation testing 30% (elapsed: ~1m, remaining: ~2m) 34/113 tested (0 survived, 0 timed out)
Mutation testing 34% (elapsed: ~1m, remaining: ~2m) 39/113 tested (0 survived, 0 timed out)
Mutation testing 39% (elapsed: ~1m, remaining: ~2m) 45/113 tested (0 survived, 0 timed out)
Mutation testing 44% (elapsed: ~1m, remaining: ~2m) 50/113 tested (0 survived, 0 timed out)
Mutation testing 48% (elapsed: ~1m, remaining: ~1m) 55/113 tested (0 survived, 0 timed out)
Mutation testing 53% (elapsed: ~2m, remaining: ~1m) 60/113 tested (0 survived, 0 timed out)
Mutation testing 57% (elapsed: ~2m, remaining: ~1m) 65/113 tested (0 survived, 0 timed out)
Mutation testing 61% (elapsed: ~2m, remaining: ~1m) 70/113 tested (0 survived, 0 timed out)
Mutation testing 66% (elapsed: ~2m, remaining: ~1m) 75/113 tested (0 survived, 0 timed out)
Mutation testing 70% (elapsed: ~2m, remaining: ~1m) 80/113 tested (0 survived, 0 timed out)
Mutation testing 75% (elapsed: ~2m, remaining: <1m) 85/113 tested (0 survived, 0 timed out)
Mutation testing 79% (elapsed: ~3m, remaining: <1m) 90/113 tested (0 survived, 0 timed out)
Mutation testing 84% (elapsed: ~3m, remaining: <1m) 95/113 tested (0 survived, 0 timed out)
Mutation testing 88% (elapsed: ~3m, remaining: <1m) 100/113 tested (0 survived, 0 timed out)
Mutation testing 92% (elapsed: ~3m, remaining: <1m) 105/113 tested (0 survived, 0 timed out)

All tests
  ✓ All tests (killed 113)

Ran 1.00 tests per mutant on average.
--------------------------|------------------|----------|-----------|------------|----------|----------|
                          | % Mutation score |          |           |            |          |          |
File                      |  total | covered | # killed | # timeout | # survived | # no cov | # errors |
--------------------------|--------|---------|----------|-----------|------------|----------|----------|
All files                 | 100.00 |  100.00 |      113 |         0 |          0 |        0 |        0 |
 engine-skill-refresh.mjs | 100.00 |  100.00 |      113 |         0 |          0 |        0 |        0 |
--------------------------|--------|---------|----------|-----------|------------|----------|----------|
[32m23:48:55 (90230) INFO MutationTestExecutor[39m Done in 3 minutes and 41 seconds.
[32m23:48:55 (90230) INFO Sandbox[39m Resetting your original files from .stryker-tmp/backup-IT9Uhy.
