[32m01:00:06 (84455) INFO ProjectReader[39m Found 1 of 776 file(s) to be mutated.
[32m01:00:06 (84455) INFO Instrumenter[39m Instrumented 1 source file(s) with 26 mutant(s)
[32m01:00:06 (84455) INFO ConcurrencyTokenProvider[39m Creating 5 test runner process(es).
[32m01:00:07 (84455) INFO Sandbox[39m In place mode is enabled, Stryker will be overriding YOUR files. Find your backup at: .stryker-tmp/backup-1TNZGg
[32m01:00:07 (84455) INFO BroadcastReporter[39m Detected that current console does not support the "progress" reporter, downgrading to "progress-append-only" reporter
[32m01:00:07 (84455) INFO DryRunExecutor[39m Starting initial test run (command test runner with "off" coverage analysis). This may take a while.
[32m01:00:09 (84455) INFO DryRunExecutor[39m Initial test run succeeded. Ran 1 tests in 2 seconds (net 2136 ms, overhead 0 ms).
Mutation testing 0% (elapsed: <1m, remaining: n/a) 0/26 tested (0 survived, 0 timed out)
Mutation testing 19% (elapsed: <1m, remaining: ~1m) 5/26 tested (0 survived, 0 timed out)
Mutation testing 38% (elapsed: <1m, remaining: <1m) 10/26 tested (0 survived, 0 timed out)
Mutation testing 57% (elapsed: <1m, remaining: <1m) 15/26 tested (0 survived, 0 timed out)
Mutation testing 76% (elapsed: <1m, remaining: <1m) 20/26 tested (0 survived, 0 timed out)

All tests
  ✓ All tests (killed 26)

Ran 1.00 tests per mutant on average.
-------------------------|------------------|----------|-----------|------------|----------|----------|
                         | % Mutation score |          |           |            |          |          |
File                     |  total | covered | # killed | # timeout | # survived | # no cov | # errors |
-------------------------|--------|---------|----------|-----------|------------|----------|----------|
All files                | 100.00 |  100.00 |       26 |         0 |          0 |        0 |        0 |
 engine-script-check.mjs | 100.00 |  100.00 |       26 |         0 |          0 |        0 |        0 |
-------------------------|--------|---------|----------|-----------|------------|----------|----------|
[32m01:01:04 (84455) INFO MutationTestExecutor[39m Done in 57 seconds.
[32m01:01:04 (84455) INFO Sandbox[39m Resetting your original files from .stryker-tmp/backup-1TNZGg.
