[32m17:15:49 (71572) INFO ProjectReader[39m Found 6 of 1098 file(s) to be mutated.
[32m17:15:49 (71572) INFO Instrumenter[39m Instrumented 6 source file(s) with 946 mutant(s)
[32m17:15:49 (71572) INFO ConcurrencyTokenProvider[39m Creating 5 test runner process(es).
[32m17:15:50 (71572) INFO Sandbox[39m In place mode is enabled, Stryker will be overriding YOUR files. Find your backup at: .stryker-tmp/backup-VQcQy7
[32m17:15:50 (71572) INFO BroadcastReporter[39m Detected that current console does not support the "progress" reporter, downgrading to "progress-append-only" reporter
[32m17:15:50 (71572) INFO DryRunExecutor[39m Starting initial test run (command test runner with "off" coverage analysis). This may take a while.
[32m17:16:00 (71572) INFO DryRunExecutor[39m Initial test run succeeded. Ran 1 tests in 10 seconds (net 10264 ms, overhead 1 ms).
Mutation testing 0% (elapsed: <1m, remaining: n/a) 0/946 tested (0 survived, 0 timed out)
Mutation testing 0% (elapsed: <1m, remaining: n/a) 0/946 tested (0 survived, 0 timed out)
Mutation testing 0% (elapsed: <1m, remaining: n/a) 0/946 tested (0 survived, 0 timed out)
Mutation testing 0% (elapsed: <1m, remaining: ~10h 30m) 1/946 tested (0 survived, 0 timed out)
Mutation testing 0% (elapsed: <1m, remaining: ~2h 36m) 5/946 tested (0 survived, 0 timed out)
Mutation testing 0% (elapsed: ~1m, remaining: ~3h 8m) 5/946 tested (0 survived, 0 timed out)
Mutation testing 0% (elapsed: ~1m, remaining: ~3h 39m) 5/946 tested (0 survived, 0 timed out)
Mutation testing 0% (elapsed: ~1m, remaining: ~2h 18m) 9/946 tested (0 survived, 0 timed out)
Mutation testing 1% (elapsed: ~1m, remaining: ~2h 20m) 10/946 tested (0 survived, 0 timed out)
Mutation testing 1% (elapsed: ~1m, remaining: ~2h 36m) 10/946 tested (0 survived, 0 timed out)
Mutation testing 1% (elapsed: ~1m, remaining: ~2h 51m) 10/946 tested (0 survived, 0 timed out)
Mutation testing 1% (elapsed: ~2m, remaining: ~2h 4m) 15/946 tested (0 survived, 0 timed out)
Mutation testing 1% (elapsed: ~2m, remaining: ~2h 14m) 15/946 tested (0 survived, 0 timed out)
Mutation testing 1% (elapsed: ~2m, remaining: ~2h 24m) 15/946 tested (0 survived, 0 timed out)
Mutation testing 1% (elapsed: ~2m, remaining: ~2h 35m) 15/946 tested (0 survived, 0 timed out)
Mutation testing 1% (elapsed: ~2m, remaining: ~2h 17m) 18/946 tested (0 survived, 0 timed out)
Mutation testing 2% (elapsed: ~2m, remaining: ~2h 11m) 20/946 tested (0 survived, 0 timed out)
Mutation testing 2% (elapsed: ~3m, remaining: ~2h 18m) 20/946 tested (0 survived, 0 timed out)
Mutation testing 2% (elapsed: ~3m, remaining: ~2h 26m) 20/946 tested (0 survived, 0 timed out)
Mutation testing 2% (elapsed: ~3m, remaining: ~2h 2m) 25/946 tested (1 survived, 0 timed out)
Mutation testing 2% (elapsed: ~3m, remaining: ~2h 8m) 25/946 tested (1 survived, 0 timed out)
Mutation testing 2% (elapsed: ~3m, remaining: ~2h 15m) 25/946 tested (1 survived, 0 timed out)
Mutation testing 2% (elapsed: ~3m, remaining: ~2h 21m) 25/946 tested (1 survived, 0 timed out)
Mutation testing 3% (elapsed: ~4m, remaining: ~2h 6m) 29/946 tested (1 survived, 0 timed out)
Mutation testing 3% (elapsed: ~4m, remaining: ~2h 11m) 29/946 tested (1 survived, 0 timed out)
Mutation testing 3% (elapsed: ~4m, remaining: ~2h 17m) 29/946 tested (1 survived, 0 timed out)
Mutation testing 3% (elapsed: ~4m, remaining: ~2h 0m) 34/946 tested (1 survived, 1 timed out)
Mutation testing 3% (elapsed: ~4m, remaining: ~2h 5m) 34/946 tested (1 survived, 1 timed out)
Mutation testing 3% (elapsed: ~4m, remaining: ~2h 9m) 34/946 tested (1 survived, 1 timed out)
Mutation testing 3% (elapsed: ~5m, remaining: ~2h 10m) 35/946 tested (1 survived, 1 timed out)
Mutation testing 4% (elapsed: ~5m, remaining: ~2h 0m) 39/946 tested (1 survived, 1 timed out)
Mutation testing 4% (elapsed: ~5m, remaining: ~2h 4m) 39/946 tested (1 survived, 1 timed out)
Mutation testing 4% (elapsed: ~5m, remaining: ~2h 7m) 39/946 tested (1 survived, 1 timed out)
Mutation testing 4% (elapsed: ~5m, remaining: ~2h 5m) 41/946 tested (1 survived, 1 timed out)
Mutation testing 4% (elapsed: ~5m, remaining: ~2h 2m) 43/946 tested (1 survived, 1 timed out)
Mutation testing 4% (elapsed: ~6m, remaining: ~2h 6m) 43/946 tested (1 survived, 1 timed out)
Mutation testing 4% (elapsed: ~6m, remaining: ~2h 3m) 45/946 tested (1 survived, 1 timed out)
Mutation testing 5% (elapsed: ~6m, remaining: ~1h 58m) 48/946 tested (1 survived, 2 timed out)
Mutation testing 5% (elapsed: ~6m, remaining: ~2h 1m) 48/946 tested (1 survived, 2 timed out)
Mutation testing 5% (elapsed: ~6m, remaining: ~2h 4m) 48/946 tested (1 survived, 2 timed out)
Mutation testing 5% (elapsed: ~6m, remaining: ~1h 59m) 51/946 tested (1 survived, 2 timed out)
Mutation testing 5% (elapsed: ~7m, remaining: ~1h 57m) 53/946 tested (1 survived, 2 timed out)
Mutation testing 5% (elapsed: ~7m, remaining: ~2h 0m) 53/946 tested (1 survived, 2 timed out)
Mutation testing 5% (elapsed: ~7m, remaining: ~2h 1m) 54/946 tested (1 survived, 2 timed out)
Mutation testing 6% (elapsed: ~7m, remaining: ~1h 54m) 58/946 tested (1 survived, 2 timed out)
Mutation testing 6% (elapsed: ~7m, remaining: ~1h 57m) 58/946 tested (1 survived, 2 timed out)
Mutation testing 6% (elapsed: ~7m, remaining: ~1h 59m) 58/946 tested (1 survived, 2 timed out)
Mutation testing 6% (elapsed: ~8m, remaining: ~2h 0m) 59/946 tested (1 survived, 2 timed out)
Mutation testing 6% (elapsed: ~8m, remaining: ~1h 54m) 63/946 tested (3 survived, 2 timed out)
Mutation testing 6% (elapsed: ~8m, remaining: ~1h 56m) 63/946 tested (3 survived, 2 timed out)
Mutation testing 6% (elapsed: ~8m, remaining: ~1h 59m) 63/946 tested (3 survived, 2 timed out)
Mutation testing 6% (elapsed: ~8m, remaining: ~1h 59m) 64/946 tested (3 survived, 2 timed out)
Mutation testing 7% (elapsed: ~8m, remaining: ~1h 54m) 68/946 tested (4 survived, 2 timed out)
Mutation testing 7% (elapsed: ~9m, remaining: ~1h 56m) 68/946 tested (4 survived, 2 timed out)
Mutation testing 7% (elapsed: ~9m, remaining: ~1h 58m) 68/946 tested (4 survived, 2 timed out)
Mutation testing 7% (elapsed: ~9m, remaining: ~1h 58m) 69/946 tested (4 survived, 2 timed out)
Mutation testing 7% (elapsed: ~9m, remaining: ~1h 53m) 73/946 tested (4 survived, 2 timed out)
Mutation testing 7% (elapsed: ~9m, remaining: ~1h 55m) 73/946 tested (4 survived, 2 timed out)
Mutation testing 7% (elapsed: ~9m, remaining: ~1h 57m) 73/946 tested (4 survived, 2 timed out)
Mutation testing 7% (elapsed: ~10m, remaining: ~1h 57m) 74/946 tested (4 survived, 2 timed out)
Mutation testing 8% (elapsed: ~10m, remaining: ~1h 53m) 78/946 tested (4 survived, 2 timed out)
Mutation testing 8% (elapsed: ~10m, remaining: ~1h 54m) 78/946 tested (4 survived, 2 timed out)
Mutation testing 8% (elapsed: ~10m, remaining: ~1h 55m) 79/946 tested (4 survived, 2 timed out)
Mutation testing 8% (elapsed: ~10m, remaining: ~1h 50m) 83/946 tested (4 survived, 2 timed out)
Mutation testing 8% (elapsed: ~10m, remaining: ~1h 52m) 83/946 tested (4 survived, 2 timed out)
Mutation testing 8% (elapsed: ~11m, remaining: ~1h 54m) 83/946 tested (4 survived, 2 timed out)
Mutation testing 8% (elapsed: ~11m, remaining: ~1h 54m) 84/946 tested (4 survived, 2 timed out)
Mutation testing 9% (elapsed: ~11m, remaining: ~1h 50m) 88/946 tested (4 survived, 2 timed out)
Mutation testing 9% (elapsed: ~11m, remaining: ~1h 52m) 88/946 tested (4 survived, 2 timed out)
Mutation testing 9% (elapsed: ~11m, remaining: ~1h 53m) 88/946 tested (4 survived, 2 timed out)
Mutation testing 9% (elapsed: ~11m, remaining: ~1h 53m) 89/946 tested (4 survived, 2 timed out)
Mutation testing 9% (elapsed: ~12m, remaining: ~1h 50m) 93/946 tested (4 survived, 2 timed out)
Mutation testing 9% (elapsed: ~12m, remaining: ~1h 51m) 93/946 tested (4 survived, 2 timed out)
Mutation testing 9% (elapsed: ~12m, remaining: ~1h 51m) 94/946 tested (4 survived, 2 timed out)
Mutation testing 10% (elapsed: ~12m, remaining: ~1h 49m) 97/946 tested (4 survived, 2 timed out)
Mutation testing 10% (elapsed: ~12m, remaining: ~1h 49m) 98/946 tested (4 survived, 2 timed out)
Mutation testing 10% (elapsed: ~12m, remaining: ~1h 51m) 98/946 tested (4 survived, 2 timed out)
Mutation testing 10% (elapsed: ~13m, remaining: ~1h 51m) 99/946 tested (4 survived, 2 timed out)
Mutation testing 10% (elapsed: ~13m, remaining: ~1h 47m) 103/946 tested (5 survived, 2 timed out)
Mutation testing 10% (elapsed: ~13m, remaining: ~1h 49m) 103/946 tested (5 survived, 2 timed out)
Mutation testing 10% (elapsed: ~13m, remaining: ~1h 50m) 103/946 tested (5 survived, 2 timed out)
Mutation testing 10% (elapsed: ~13m, remaining: ~1h 50m) 104/946 tested (5 survived, 2 timed out)
Mutation testing 11% (elapsed: ~13m, remaining: ~1h 47m) 108/946 tested (6 survived, 2 timed out)
Mutation testing 11% (elapsed: ~14m, remaining: ~1h 48m) 108/946 tested (6 survived, 2 timed out)
Mutation testing 11% (elapsed: ~14m, remaining: ~1h 48m) 109/946 tested (6 survived, 2 timed out)
Mutation testing 11% (elapsed: ~14m, remaining: ~1h 45m) 113/946 tested (6 survived, 2 timed out)
Mutation testing 11% (elapsed: ~14m, remaining: ~1h 46m) 113/946 tested (6 survived, 2 timed out)
Mutation testing 11% (elapsed: ~14m, remaining: ~1h 48m) 113/946 tested (6 survived, 2 timed out)
Mutation testing 12% (elapsed: ~14m, remaining: ~1h 48m) 114/946 tested (6 survived, 2 timed out)
Mutation testing 12% (elapsed: ~15m, remaining: ~1h 45m) 118/946 tested (6 survived, 2 timed out)
Mutation testing 12% (elapsed: ~15m, remaining: ~1h 46m) 118/946 tested (6 survived, 2 timed out)
Mutation testing 12% (elapsed: ~15m, remaining: ~1h 47m) 118/946 tested (6 survived, 2 timed out)
Mutation testing 12% (elapsed: ~15m, remaining: ~1h 47m) 119/946 tested (6 survived, 2 timed out)
Mutation testing 13% (elapsed: ~15m, remaining: ~1h 44m) 123/946 tested (6 survived, 2 timed out)
Mutation testing 13% (elapsed: ~15m, remaining: ~1h 45m) 123/946 tested (6 survived, 2 timed out)
Mutation testing 13% (elapsed: ~16m, remaining: ~1h 47m) 123/946 tested (6 survived, 2 timed out)
Mutation testing 13% (elapsed: ~16m, remaining: ~1h 47m) 124/946 tested (6 survived, 2 timed out)
Mutation testing 13% (elapsed: ~16m, remaining: ~1h 44m) 128/946 tested (6 survived, 2 timed out)
Mutation testing 13% (elapsed: ~16m, remaining: ~1h 45m) 128/946 tested (6 survived, 2 timed out)
Mutation testing 13% (elapsed: ~16m, remaining: ~1h 46m) 128/946 tested (6 survived, 2 timed out)
Mutation testing 13% (elapsed: ~16m, remaining: ~1h 45m) 130/946 tested (6 survived, 2 timed out)
Mutation testing 14% (elapsed: ~17m, remaining: ~1h 43m) 133/946 tested (6 survived, 2 timed out)
Mutation testing 14% (elapsed: ~17m, remaining: ~1h 44m) 133/946 tested (6 survived, 2 timed out)
Mutation testing 14% (elapsed: ~17m, remaining: ~1h 45m) 134/946 tested (6 survived, 2 timed out)
Mutation testing 14% (elapsed: ~17m, remaining: ~1h 44m) 136/946 tested (6 survived, 2 timed out)
Mutation testing 14% (elapsed: ~17m, remaining: ~1h 43m) 138/946 tested (6 survived, 2 timed out)
Mutation testing 14% (elapsed: ~17m, remaining: ~1h 44m) 138/946 tested (6 survived, 2 timed out)
Mutation testing 14% (elapsed: ~18m, remaining: ~1h 44m) 139/946 tested (6 survived, 2 timed out)
Mutation testing 14% (elapsed: ~18m, remaining: ~1h 43m) 141/946 tested (6 survived, 2 timed out)
Mutation testing 15% (elapsed: ~18m, remaining: ~1h 42m) 143/946 tested (6 survived, 2 timed out)
Mutation testing 15% (elapsed: ~18m, remaining: ~1h 43m) 143/946 tested (6 survived, 2 timed out)
Mutation testing 15% (elapsed: ~18m, remaining: ~1h 43m) 144/946 tested (6 survived, 2 timed out)
Mutation testing 15% (elapsed: ~18m, remaining: ~1h 43m) 146/946 tested (6 survived, 2 timed out)
Mutation testing 15% (elapsed: ~19m, remaining: ~1h 42m) 148/946 tested (6 survived, 2 timed out)
Mutation testing 15% (elapsed: ~19m, remaining: ~1h 42m) 149/946 tested (6 survived, 2 timed out)
Mutation testing 15% (elapsed: ~19m, remaining: ~1h 41m) 151/946 tested (6 survived, 2 timed out)
Mutation testing 16% (elapsed: ~19m, remaining: ~1h 41m) 152/946 tested (6 survived, 2 timed out)
Mutation testing 16% (elapsed: ~19m, remaining: ~1h 41m) 153/946 tested (6 survived, 2 timed out)
Mutation testing 16% (elapsed: ~19m, remaining: ~1h 42m) 154/946 tested (6 survived, 2 timed out)
Mutation testing 16% (elapsed: ~20m, remaining: ~1h 41m) 156/946 tested (6 survived, 2 timed out)
Mutation testing 16% (elapsed: ~20m, remaining: ~1h 40m) 158/946 tested (6 survived, 2 timed out)
Mutation testing 16% (elapsed: ~20m, remaining: ~1h 41m) 158/946 tested (6 survived, 2 timed out)
Mutation testing 16% (elapsed: ~20m, remaining: ~1h 41m) 159/946 tested (7 survived, 2 timed out)
Mutation testing 17% (elapsed: ~20m, remaining: ~1h 40m) 161/946 tested (7 survived, 2 timed out)
Mutation testing 17% (elapsed: ~20m, remaining: ~1h 40m) 163/946 tested (7 survived, 2 timed out)
Mutation testing 17% (elapsed: ~21m, remaining: ~1h 40m) 164/946 tested (7 survived, 2 timed out)
Mutation testing 17% (elapsed: ~21m, remaining: ~1h 39m) 166/946 tested (7 survived, 2 timed out)
Mutation testing 17% (elapsed: ~21m, remaining: ~1h 40m) 166/946 tested (7 survived, 2 timed out)
Mutation testing 17% (elapsed: ~21m, remaining: ~1h 39m) 168/946 tested (7 survived, 2 timed out)
Mutation testing 17% (elapsed: ~21m, remaining: ~1h 39m) 169/946 tested (7 survived, 2 timed out)
Mutation testing 18% (elapsed: ~21m, remaining: ~1h 38m) 171/946 tested (7 survived, 2 timed out)
Mutation testing 18% (elapsed: ~22m, remaining: ~1h 39m) 171/946 tested (7 survived, 2 timed out)
Mutation testing 18% (elapsed: ~22m, remaining: ~1h 38m) 174/946 tested (7 survived, 2 timed out)
Mutation testing 18% (elapsed: ~22m, remaining: ~1h 39m) 174/946 tested (7 survived, 2 timed out)
Mutation testing 18% (elapsed: ~22m, remaining: ~1h 38m) 176/946 tested (7 survived, 2 timed out)
Mutation testing 18% (elapsed: ~22m, remaining: ~1h 39m) 176/946 tested (7 survived, 2 timed out)
Mutation testing 18% (elapsed: ~22m, remaining: ~1h 37m) 179/946 tested (7 survived, 2 timed out)
Mutation testing 18% (elapsed: ~23m, remaining: ~1h 38m) 179/946 tested (7 survived, 2 timed out)
Mutation testing 19% (elapsed: ~23m, remaining: ~1h 37m) 181/946 tested (7 survived, 2 timed out)
Mutation testing 19% (elapsed: ~23m, remaining: ~1h 38m) 181/946 tested (7 survived, 2 timed out)
Mutation testing 19% (elapsed: ~23m, remaining: ~1h 37m) 184/946 tested (7 survived, 2 timed out)
Mutation testing 19% (elapsed: ~23m, remaining: ~1h 38m) 184/946 tested (7 survived, 2 timed out)
Mutation testing 19% (elapsed: ~23m, remaining: ~1h 37m) 186/946 tested (7 survived, 2 timed out)
Mutation testing 19% (elapsed: ~24m, remaining: ~1h 38m) 186/946 tested (7 survived, 2 timed out)
Mutation testing 19% (elapsed: ~24m, remaining: ~1h 36m) 189/946 tested (7 survived, 2 timed out)
Mutation testing 19% (elapsed: ~24m, remaining: ~1h 37m) 189/946 tested (7 survived, 2 timed out)
Mutation testing 20% (elapsed: ~24m, remaining: ~1h 36m) 191/946 tested (7 survived, 2 timed out)
Mutation testing 20% (elapsed: ~24m, remaining: ~1h 37m) 191/946 tested (7 survived, 2 timed out)
Mutation testing 20% (elapsed: ~24m, remaining: ~1h 36m) 194/946 tested (7 survived, 2 timed out)
Mutation testing 20% (elapsed: ~25m, remaining: ~1h 36m) 194/946 tested (7 survived, 2 timed out)
Mutation testing 20% (elapsed: ~25m, remaining: ~1h 36m) 196/946 tested (7 survived, 2 timed out)
Mutation testing 20% (elapsed: ~25m, remaining: ~1h 36m) 197/946 tested (7 survived, 2 timed out)
Mutation testing 21% (elapsed: ~25m, remaining: ~1h 35m) 199/946 tested (7 survived, 2 timed out)
Mutation testing 21% (elapsed: ~25m, remaining: ~1h 36m) 199/946 tested (7 survived, 2 timed out)
Mutation testing 21% (elapsed: ~25m, remaining: ~1h 35m) 201/946 tested (7 survived, 2 timed out)
Mutation testing 21% (elapsed: ~26m, remaining: ~1h 34m) 204/946 tested (7 survived, 2 timed out)
Mutation testing 21% (elapsed: ~26m, remaining: ~1h 35m) 204/946 tested (7 survived, 2 timed out)
Mutation testing 21% (elapsed: ~26m, remaining: ~1h 35m) 204/946 tested (7 survived, 2 timed out)
Mutation testing 21% (elapsed: ~26m, remaining: ~1h 35m) 206/946 tested (7 survived, 2 timed out)
Mutation testing 22% (elapsed: ~26m, remaining: ~1h 34m) 209/946 tested (7 survived, 2 timed out)
Mutation testing 22% (elapsed: ~26m, remaining: ~1h 34m) 209/946 tested (7 survived, 2 timed out)
Mutation testing 22% (elapsed: ~27m, remaining: ~1h 35m) 209/946 tested (7 survived, 2 timed out)
Mutation testing 22% (elapsed: ~27m, remaining: ~1h 34m) 211/946 tested (7 survived, 2 timed out)
Mutation testing 22% (elapsed: ~27m, remaining: ~1h 33m) 214/946 tested (7 survived, 2 timed out)
Mutation testing 22% (elapsed: ~27m, remaining: ~1h 34m) 214/946 tested (7 survived, 2 timed out)
Mutation testing 22% (elapsed: ~27m, remaining: ~1h 34m) 214/946 tested (7 survived, 2 timed out)
Mutation testing 22% (elapsed: ~27m, remaining: ~1h 34m) 216/946 tested (7 survived, 2 timed out)
Mutation testing 23% (elapsed: ~28m, remaining: ~1h 32m) 219/946 tested (7 survived, 2 timed out)
Mutation testing 23% (elapsed: ~28m, remaining: ~1h 33m) 219/946 tested (7 survived, 2 timed out)
Mutation testing 23% (elapsed: ~28m, remaining: ~1h 32m) 221/946 tested (7 survived, 2 timed out)
Mutation testing 23% (elapsed: ~28m, remaining: ~1h 33m) 221/946 tested (7 survived, 2 timed out)
Mutation testing 23% (elapsed: ~28m, remaining: ~1h 32m) 224/946 tested (7 survived, 2 timed out)
Mutation testing 23% (elapsed: ~28m, remaining: ~1h 32m) 224/946 tested (7 survived, 2 timed out)
Mutation testing 23% (elapsed: ~29m, remaining: ~1h 32m) 226/946 tested (7 survived, 2 timed out)
Mutation testing 23% (elapsed: ~29m, remaining: ~1h 32m) 226/946 tested (7 survived, 2 timed out)
Mutation testing 24% (elapsed: ~29m, remaining: ~1h 31m) 229/946 tested (7 survived, 2 timed out)
Mutation testing 24% (elapsed: ~29m, remaining: ~1h 32m) 229/946 tested (7 survived, 2 timed out)
Mutation testing 24% (elapsed: ~29m, remaining: ~1h 31m) 231/946 tested (7 survived, 2 timed out)
Mutation testing 24% (elapsed: ~29m, remaining: ~1h 32m) 231/946 tested (7 survived, 2 timed out)
Mutation testing 24% (elapsed: ~30m, remaining: ~1h 31m) 234/946 tested (7 survived, 2 timed out)
Mutation testing 24% (elapsed: ~30m, remaining: ~1h 31m) 234/946 tested (7 survived, 2 timed out)
Mutation testing 24% (elapsed: ~30m, remaining: ~1h 31m) 236/946 tested (7 survived, 2 timed out)
Mutation testing 24% (elapsed: ~30m, remaining: ~1h 31m) 236/946 tested (7 survived, 2 timed out)
Mutation testing 25% (elapsed: ~30m, remaining: ~1h 30m) 239/946 tested (7 survived, 2 timed out)
Mutation testing 25% (elapsed: ~30m, remaining: ~1h 31m) 239/946 tested (7 survived, 2 timed out)
Mutation testing 25% (elapsed: ~31m, remaining: ~1h 30m) 241/946 tested (7 survived, 2 timed out)
Mutation testing 25% (elapsed: ~31m, remaining: ~1h 31m) 241/946 tested (7 survived, 2 timed out)
Mutation testing 25% (elapsed: ~31m, remaining: ~1h 30m) 244/946 tested (7 survived, 2 timed out)
Mutation testing 25% (elapsed: ~31m, remaining: ~1h 30m) 244/946 tested (7 survived, 2 timed out)
Mutation testing 26% (elapsed: ~31m, remaining: ~1h 30m) 246/946 tested (7 survived, 2 timed out)
Mutation testing 26% (elapsed: ~31m, remaining: ~1h 30m) 246/946 tested (7 survived, 2 timed out)
Mutation testing 26% (elapsed: ~32m, remaining: ~1h 29m) 249/946 tested (7 survived, 2 timed out)
Mutation testing 26% (elapsed: ~32m, remaining: ~1h 30m) 249/946 tested (7 survived, 2 timed out)
Mutation testing 26% (elapsed: ~32m, remaining: ~1h 29m) 251/946 tested (7 survived, 2 timed out)
Mutation testing 26% (elapsed: ~32m, remaining: ~1h 29m) 251/946 tested (7 survived, 2 timed out)
Mutation testing 26% (elapsed: ~32m, remaining: ~1h 28m) 254/946 tested (7 survived, 2 timed out)
Mutation testing 26% (elapsed: ~32m, remaining: ~1h 29m) 254/946 tested (7 survived, 2 timed out)
Mutation testing 27% (elapsed: ~33m, remaining: ~1h 28m) 256/946 tested (7 survived, 2 timed out)
Mutation testing 27% (elapsed: ~33m, remaining: ~1h 29m) 256/946 tested (7 survived, 2 timed out)
Mutation testing 27% (elapsed: ~33m, remaining: ~1h 28m) 259/946 tested (7 survived, 2 timed out)
Mutation testing 27% (elapsed: ~33m, remaining: ~1h 28m) 259/946 tested (7 survived, 2 timed out)
Mutation testing 27% (elapsed: ~33m, remaining: ~1h 28m) 261/946 tested (7 survived, 2 timed out)
Mutation testing 27% (elapsed: ~33m, remaining: ~1h 28m) 261/946 tested (7 survived, 2 timed out)
Mutation testing 27% (elapsed: ~34m, remaining: ~1h 27m) 264/946 tested (7 survived, 2 timed out)
Mutation testing 27% (elapsed: ~34m, remaining: ~1h 28m) 264/946 tested (7 survived, 2 timed out)
Mutation testing 28% (elapsed: ~34m, remaining: ~1h 27m) 266/946 tested (7 survived, 2 timed out)
Mutation testing 28% (elapsed: ~34m, remaining: ~1h 28m) 266/946 tested (7 survived, 2 timed out)
Mutation testing 28% (elapsed: ~34m, remaining: ~1h 27m) 269/946 tested (7 survived, 2 timed out)
Mutation testing 28% (elapsed: ~34m, remaining: ~1h 27m) 269/946 tested (7 survived, 2 timed out)
Mutation testing 28% (elapsed: ~35m, remaining: ~1h 27m) 271/946 tested (7 survived, 2 timed out)
Mutation testing 28% (elapsed: ~35m, remaining: ~1h 27m) 271/946 tested (7 survived, 2 timed out)
Mutation testing 28% (elapsed: ~35m, remaining: ~1h 26m) 274/946 tested (7 survived, 2 timed out)
Mutation testing 28% (elapsed: ~35m, remaining: ~1h 27m) 274/946 tested (7 survived, 2 timed out)
Mutation testing 29% (elapsed: ~35m, remaining: ~1h 26m) 276/946 tested (7 survived, 2 timed out)
Mutation testing 29% (elapsed: ~35m, remaining: ~1h 26m) 276/946 tested (7 survived, 2 timed out)
Mutation testing 29% (elapsed: ~36m, remaining: ~1h 26m) 279/946 tested (7 survived, 2 timed out)
Mutation testing 29% (elapsed: ~36m, remaining: ~1h 26m) 279/946 tested (7 survived, 2 timed out)
Mutation testing 29% (elapsed: ~36m, remaining: ~1h 25m) 281/946 tested (7 survived, 2 timed out)
Mutation testing 29% (elapsed: ~36m, remaining: ~1h 26m) 281/946 tested (7 survived, 2 timed out)
Mutation testing 30% (elapsed: ~36m, remaining: ~1h 25m) 284/946 tested (7 survived, 2 timed out)
Mutation testing 30% (elapsed: ~36m, remaining: ~1h 25m) 284/946 tested (7 survived, 2 timed out)
Mutation testing 30% (elapsed: ~37m, remaining: ~1h 25m) 286/946 tested (7 survived, 2 timed out)
Mutation testing 30% (elapsed: ~37m, remaining: ~1h 25m) 286/946 tested (7 survived, 2 timed out)
Mutation testing 30% (elapsed: ~37m, remaining: ~1h 24m) 289/946 tested (7 survived, 2 timed out)
Mutation testing 30% (elapsed: ~37m, remaining: ~1h 25m) 289/946 tested (7 survived, 2 timed out)
Mutation testing 30% (elapsed: ~37m, remaining: ~1h 24m) 291/946 tested (8 survived, 2 timed out)
Mutation testing 30% (elapsed: ~37m, remaining: ~1h 24m) 292/946 tested (8 survived, 2 timed out)
Mutation testing 31% (elapsed: ~38m, remaining: ~1h 24m) 294/946 tested (8 survived, 2 timed out)
Mutation testing 31% (elapsed: ~38m, remaining: ~1h 24m) 294/946 tested (8 survived, 2 timed out)
Mutation testing 31% (elapsed: ~38m, remaining: ~1h 24m) 296/946 tested (8 survived, 2 timed out)
Mutation testing 31% (elapsed: ~38m, remaining: ~1h 23m) 299/946 tested (8 survived, 2 timed out)
Mutation testing 31% (elapsed: ~38m, remaining: ~1h 23m) 299/946 tested (8 survived, 2 timed out)
Mutation testing 31% (elapsed: ~38m, remaining: ~1h 24m) 299/946 tested (8 survived, 2 timed out)
Mutation testing 31% (elapsed: ~39m, remaining: ~1h 23m) 301/946 tested (8 survived, 2 timed out)
Mutation testing 32% (elapsed: ~39m, remaining: ~1h 22m) 304/946 tested (8 survived, 2 timed out)
Mutation testing 32% (elapsed: ~39m, remaining: ~1h 23m) 304/946 tested (8 survived, 2 timed out)
Mutation testing 32% (elapsed: ~39m, remaining: ~1h 23m) 304/946 tested (8 survived, 2 timed out)
Mutation testing 32% (elapsed: ~39m, remaining: ~1h 22m) 306/946 tested (8 survived, 2 timed out)
Mutation testing 32% (elapsed: ~39m, remaining: ~1h 22m) 309/946 tested (8 survived, 2 timed out)
Mutation testing 32% (elapsed: ~40m, remaining: ~1h 22m) 309/946 tested (8 survived, 2 timed out)
Mutation testing 32% (elapsed: ~40m, remaining: ~1h 22m) 309/946 tested (8 survived, 2 timed out)
Mutation testing 32% (elapsed: ~40m, remaining: ~1h 22m) 311/946 tested (8 survived, 2 timed out)
Mutation testing 33% (elapsed: ~40m, remaining: ~1h 21m) 314/946 tested (8 survived, 2 timed out)
Mutation testing 33% (elapsed: ~40m, remaining: ~1h 21m) 314/946 tested (8 survived, 2 timed out)
Mutation testing 33% (elapsed: ~40m, remaining: ~1h 22m) 314/946 tested (8 survived, 2 timed out)
Mutation testing 33% (elapsed: ~41m, remaining: ~1h 21m) 316/946 tested (8 survived, 2 timed out)
Mutation testing 33% (elapsed: ~41m, remaining: ~1h 20m) 319/946 tested (8 survived, 2 timed out)
Mutation testing 33% (elapsed: ~41m, remaining: ~1h 21m) 319/946 tested (8 survived, 2 timed out)
Mutation testing 33% (elapsed: ~41m, remaining: ~1h 20m) 321/946 tested (8 survived, 2 timed out)
Mutation testing 33% (elapsed: ~41m, remaining: ~1h 21m) 321/946 tested (8 survived, 2 timed out)
Mutation testing 34% (elapsed: ~41m, remaining: ~1h 20m) 324/946 tested (8 survived, 2 timed out)
Mutation testing 34% (elapsed: ~42m, remaining: ~1h 20m) 324/946 tested (8 survived, 2 timed out)
Mutation testing 34% (elapsed: ~42m, remaining: ~1h 20m) 326/946 tested (8 survived, 2 timed out)
Mutation testing 34% (elapsed: ~42m, remaining: ~1h 20m) 326/946 tested (8 survived, 2 timed out)
Mutation testing 34% (elapsed: ~42m, remaining: ~1h 19m) 329/946 tested (8 survived, 2 timed out)
Mutation testing 34% (elapsed: ~42m, remaining: ~1h 20m) 329/946 tested (8 survived, 2 timed out)
Mutation testing 34% (elapsed: ~42m, remaining: ~1h 19m) 331/946 tested (8 survived, 2 timed out)
Mutation testing 34% (elapsed: ~43m, remaining: ~1h 19m) 331/946 tested (8 survived, 2 timed out)
Mutation testing 35% (elapsed: ~43m, remaining: ~1h 19m) 334/946 tested (8 survived, 2 timed out)
Mutation testing 35% (elapsed: ~43m, remaining: ~1h 19m) 334/946 tested (8 survived, 2 timed out)
Mutation testing 35% (elapsed: ~43m, remaining: ~1h 18m) 336/946 tested (8 survived, 2 timed out)
Mutation testing 35% (elapsed: ~43m, remaining: ~1h 19m) 336/946 tested (8 survived, 2 timed out)
Mutation testing 35% (elapsed: ~43m, remaining: ~1h 18m) 339/946 tested (8 survived, 2 timed out)
Mutation testing 35% (elapsed: ~44m, remaining: ~1h 18m) 339/946 tested (8 survived, 2 timed out)
Mutation testing 36% (elapsed: ~44m, remaining: ~1h 18m) 341/946 tested (8 survived, 2 timed out)
Mutation testing 36% (elapsed: ~44m, remaining: ~1h 18m) 341/946 tested (8 survived, 2 timed out)
Mutation testing 36% (elapsed: ~44m, remaining: ~1h 17m) 344/946 tested (8 survived, 2 timed out)
Mutation testing 36% (elapsed: ~44m, remaining: ~1h 18m) 344/946 tested (8 survived, 2 timed out)
Mutation testing 36% (elapsed: ~44m, remaining: ~1h 17m) 346/946 tested (8 survived, 2 timed out)
Mutation testing 36% (elapsed: ~45m, remaining: ~1h 18m) 346/946 tested (8 survived, 2 timed out)
Mutation testing 36% (elapsed: ~45m, remaining: ~1h 17m) 349/946 tested (8 survived, 2 timed out)
Mutation testing 36% (elapsed: ~45m, remaining: ~1h 17m) 349/946 tested (8 survived, 2 timed out)
Mutation testing 37% (elapsed: ~45m, remaining: ~1h 17m) 351/946 tested (8 survived, 2 timed out)
Mutation testing 37% (elapsed: ~45m, remaining: ~1h 17m) 351/946 tested (8 survived, 2 timed out)
Mutation testing 37% (elapsed: ~45m, remaining: ~1h 16m) 354/946 tested (8 survived, 2 timed out)
Mutation testing 37% (elapsed: ~46m, remaining: ~1h 16m) 354/946 tested (8 survived, 2 timed out)
Mutation testing 37% (elapsed: ~46m, remaining: ~1h 16m) 356/946 tested (8 survived, 2 timed out)
Mutation testing 37% (elapsed: ~46m, remaining: ~1h 16m) 356/946 tested (8 survived, 2 timed out)
Mutation testing 37% (elapsed: ~46m, remaining: ~1h 16m) 359/946 tested (9 survived, 2 timed out)
Mutation testing 37% (elapsed: ~46m, remaining: ~1h 16m) 359/946 tested (9 survived, 2 timed out)
Mutation testing 38% (elapsed: ~46m, remaining: ~1h 15m) 361/946 tested (9 survived, 2 timed out)
Mutation testing 38% (elapsed: ~47m, remaining: ~1h 16m) 361/946 tested (9 survived, 2 timed out)
Mutation testing 38% (elapsed: ~47m, remaining: ~1h 15m) 364/946 tested (10 survived, 2 timed out)
Mutation testing 38% (elapsed: ~47m, remaining: ~1h 15m) 364/946 tested (10 survived, 2 timed out)
Mutation testing 38% (elapsed: ~47m, remaining: ~1h 15m) 365/946 tested (10 survived, 2 timed out)
Mutation testing 38% (elapsed: ~47m, remaining: ~1h 14m) 368/946 tested (10 survived, 2 timed out)
Mutation testing 39% (elapsed: ~47m, remaining: ~1h 14m) 369/946 tested (10 survived, 2 timed out)
Mutation testing 39% (elapsed: ~48m, remaining: ~1h 14m) 370/946 tested (10 survived, 3 timed out)
Mutation testing 39% (elapsed: ~48m, remaining: ~1h 13m) 373/946 tested (10 survived, 3 timed out)
Mutation testing 39% (elapsed: ~48m, remaining: ~1h 14m) 373/946 tested (10 survived, 3 timed out)
Mutation testing 39% (elapsed: ~48m, remaining: ~1h 14m) 374/946 tested (10 survived, 3 timed out)
Mutation testing 39% (elapsed: ~48m, remaining: ~1h 13m) 378/946 tested (10 survived, 3 timed out)
Mutation testing 39% (elapsed: ~48m, remaining: ~1h 13m) 378/946 tested (10 survived, 3 timed out)
Mutation testing 39% (elapsed: ~49m, remaining: ~1h 13m) 378/946 tested (10 survived, 3 timed out)
Mutation testing 40% (elapsed: ~49m, remaining: ~1h 13m) 379/946 tested (10 survived, 3 timed out)
Mutation testing 40% (elapsed: ~49m, remaining: ~1h 12m) 383/946 tested (10 survived, 3 timed out)
Mutation testing 40% (elapsed: ~49m, remaining: ~1h 12m) 383/946 tested (10 survived, 3 timed out)
Mutation testing 40% (elapsed: ~49m, remaining: ~1h 13m) 383/946 tested (10 survived, 3 timed out)
Mutation testing 40% (elapsed: ~49m, remaining: ~1h 12m) 384/946 tested (10 survived, 3 timed out)
Mutation testing 41% (elapsed: ~50m, remaining: ~1h 11m) 388/946 tested (10 survived, 3 timed out)
Mutation testing 41% (elapsed: ~50m, remaining: ~1h 12m) 388/946 tested (10 survived, 3 timed out)
Mutation testing 41% (elapsed: ~50m, remaining: ~1h 12m) 389/946 tested (10 survived, 3 timed out)
Mutation testing 41% (elapsed: ~50m, remaining: ~1h 11m) 393/946 tested (10 survived, 3 timed out)
Mutation testing 41% (elapsed: ~50m, remaining: ~1h 11m) 393/946 tested (10 survived, 3 timed out)
Mutation testing 41% (elapsed: ~50m, remaining: ~1h 11m) 393/946 tested (10 survived, 3 timed out)
Mutation testing 41% (elapsed: ~51m, remaining: ~1h 11m) 394/946 tested (10 survived, 3 timed out)
Mutation testing 42% (elapsed: ~51m, remaining: ~1h 10m) 398/946 tested (10 survived, 3 timed out)
Mutation testing 42% (elapsed: ~51m, remaining: ~1h 10m) 398/946 tested (10 survived, 3 timed out)
Mutation testing 42% (elapsed: ~51m, remaining: ~1h 10m) 398/946 tested (10 survived, 3 timed out)
Mutation testing 42% (elapsed: ~51m, remaining: ~1h 10m) 399/946 tested (10 survived, 3 timed out)
Mutation testing 42% (elapsed: ~51m, remaining: ~1h 9m) 403/946 tested (10 survived, 3 timed out)
Mutation testing 42% (elapsed: ~52m, remaining: ~1h 10m) 403/946 tested (10 survived, 3 timed out)
Mutation testing 42% (elapsed: ~52m, remaining: ~1h 10m) 403/946 tested (10 survived, 3 timed out)
Mutation testing 42% (elapsed: ~52m, remaining: ~1h 10m) 404/946 tested (10 survived, 3 timed out)
Mutation testing 43% (elapsed: ~52m, remaining: ~1h 9m) 408/946 tested (10 survived, 3 timed out)
Mutation testing 43% (elapsed: ~52m, remaining: ~1h 9m) 408/946 tested (10 survived, 3 timed out)
Mutation testing 43% (elapsed: ~52m, remaining: ~1h 9m) 409/946 tested (10 survived, 3 timed out)
Mutation testing 43% (elapsed: ~53m, remaining: ~1h 8m) 411/946 tested (10 survived, 3 timed out)
Mutation testing 43% (elapsed: ~53m, remaining: ~1h 8m) 413/946 tested (10 survived, 3 timed out)
Mutation testing 43% (elapsed: ~53m, remaining: ~1h 8m) 413/946 tested (10 survived, 3 timed out)
Mutation testing 43% (elapsed: ~53m, remaining: ~1h 8m) 414/946 tested (10 survived, 3 timed out)
Mutation testing 44% (elapsed: ~53m, remaining: ~1h 8m) 417/946 tested (10 survived, 3 timed out)
Mutation testing 44% (elapsed: ~53m, remaining: ~1h 7m) 418/946 tested (10 survived, 3 timed out)
Mutation testing 44% (elapsed: ~54m, remaining: ~1h 8m) 418/946 tested (10 survived, 3 timed out)
Mutation testing 44% (elapsed: ~54m, remaining: ~1h 8m) 419/946 tested (10 survived, 3 timed out)
Mutation testing 44% (elapsed: ~54m, remaining: ~1h 7m) 422/946 tested (10 survived, 3 timed out)
Mutation testing 44% (elapsed: ~54m, remaining: ~1h 7m) 423/946 tested (11 survived, 3 timed out)
Mutation testing 44% (elapsed: ~54m, remaining: ~1h 7m) 423/946 tested (11 survived, 3 timed out)
Mutation testing 44% (elapsed: ~54m, remaining: ~1h 7m) 424/946 tested (11 survived, 3 timed out)
Mutation testing 45% (elapsed: ~55m, remaining: ~1h 6m) 427/946 tested (11 survived, 3 timed out)
Mutation testing 45% (elapsed: ~55m, remaining: ~1h 6m) 428/946 tested (11 survived, 3 timed out)
Mutation testing 45% (elapsed: ~55m, remaining: ~1h 6m) 429/946 tested (11 survived, 3 timed out)
Mutation testing 45% (elapsed: ~55m, remaining: ~1h 6m) 431/946 tested (11 survived, 3 timed out)
Mutation testing 45% (elapsed: ~55m, remaining: ~1h 5m) 433/946 tested (11 survived, 3 timed out)
Mutation testing 45% (elapsed: ~55m, remaining: ~1h 6m) 433/946 tested (11 survived, 3 timed out)
Mutation testing 45% (elapsed: ~56m, remaining: ~1h 6m) 434/946 tested (11 survived, 3 timed out)
Mutation testing 46% (elapsed: ~56m, remaining: ~1h 5m) 436/946 tested (11 survived, 3 timed out)
Mutation testing 46% (elapsed: ~56m, remaining: ~1h 5m) 438/946 tested (11 survived, 3 timed out)
Mutation testing 46% (elapsed: ~56m, remaining: ~1h 5m) 438/946 tested (11 survived, 3 timed out)
Mutation testing 46% (elapsed: ~56m, remaining: ~1h 5m) 439/946 tested (11 survived, 3 timed out)
Mutation testing 46% (elapsed: ~56m, remaining: ~1h 5m) 441/946 tested (11 survived, 3 timed out)
Mutation testing 46% (elapsed: ~57m, remaining: ~1h 4m) 443/946 tested (11 survived, 3 timed out)
Mutation testing 46% (elapsed: ~57m, remaining: ~1h 4m) 443/946 tested (11 survived, 3 timed out)
Mutation testing 46% (elapsed: ~57m, remaining: ~1h 4m) 444/946 tested (11 survived, 3 timed out)
Mutation testing 47% (elapsed: ~57m, remaining: ~1h 4m) 446/946 tested (11 survived, 3 timed out)
Mutation testing 47% (elapsed: ~57m, remaining: ~1h 4m) 448/946 tested (11 survived, 3 timed out)
Mutation testing 47% (elapsed: ~57m, remaining: ~1h 4m) 449/946 tested (11 survived, 3 timed out)
Mutation testing 47% (elapsed: ~58m, remaining: ~1h 4m) 449/946 tested (11 survived, 3 timed out)
Mutation testing 47% (elapsed: ~58m, remaining: ~1h 3m) 451/946 tested (11 survived, 3 timed out)
Mutation testing 47% (elapsed: ~58m, remaining: ~1h 3m) 453/946 tested (11 survived, 3 timed out)
Mutation testing 47% (elapsed: ~58m, remaining: ~1h 3m) 454/946 tested (11 survived, 3 timed out)
Mutation testing 47% (elapsed: ~58m, remaining: ~1h 3m) 454/946 tested (11 survived, 3 timed out)
Mutation testing 48% (elapsed: ~58m, remaining: ~1h 3m) 456/946 tested (11 survived, 3 timed out)
Mutation testing 48% (elapsed: ~59m, remaining: ~1h 2m) 459/946 tested (11 survived, 3 timed out)
Mutation testing 48% (elapsed: ~59m, remaining: ~1h 2m) 459/946 tested (11 survived, 3 timed out)
Mutation testing 48% (elapsed: ~59m, remaining: ~1h 2m) 459/946 tested (11 survived, 3 timed out)
Mutation testing 48% (elapsed: ~59m, remaining: ~1h 2m) 461/946 tested (11 survived, 3 timed out)
Mutation testing 49% (elapsed: ~59m, remaining: ~1h 1m) 464/946 tested (11 survived, 3 timed out)
Mutation testing 49% (elapsed: ~59m, remaining: ~1h 2m) 464/946 tested (11 survived, 3 timed out)
Mutation testing 49% (elapsed: ~1h 0m, remaining: ~1h 1m) 466/946 tested (12 survived, 3 timed out)
Mutation testing 49% (elapsed: ~1h 0m, remaining: ~1h 1m) 466/946 tested (12 survived, 3 timed out)
Mutation testing 49% (elapsed: ~1h 0m, remaining: ~1h 1m) 469/946 tested (12 survived, 3 timed out)
Mutation testing 49% (elapsed: ~1h 0m, remaining: ~1h 1m) 469/946 tested (12 survived, 3 timed out)
Mutation testing 49% (elapsed: ~1h 0m, remaining: ~1h 1m) 471/946 tested (12 survived, 3 timed out)
Mutation testing 49% (elapsed: ~1h 0m, remaining: ~1h 1m) 471/946 tested (12 survived, 3 timed out)
Mutation testing 50% (elapsed: ~1h 1m, remaining: ~1h 0m) 474/946 tested (13 survived, 3 timed out)
Mutation testing 50% (elapsed: ~1h 1m, remaining: ~1h 0m) 474/946 tested (13 survived, 3 timed out)
Mutation testing 50% (elapsed: ~1h 1m, remaining: ~1h 0m) 476/946 tested (13 survived, 3 timed out)
Mutation testing 50% (elapsed: ~1h 1m, remaining: ~1h 0m) 476/946 tested (13 survived, 3 timed out)
Mutation testing 50% (elapsed: ~1h 1m, remaining: ~1h 0m) 479/946 tested (13 survived, 3 timed out)
Mutation testing 50% (elapsed: ~1h 1m, remaining: ~1h 0m) 479/946 tested (13 survived, 3 timed out)
Mutation testing 50% (elapsed: ~1h 2m, remaining: ~59m) 481/946 tested (13 survived, 3 timed out)
Mutation testing 50% (elapsed: ~1h 2m, remaining: ~1h 0m) 481/946 tested (13 survived, 3 timed out)
Mutation testing 51% (elapsed: ~1h 2m, remaining: ~59m) 484/946 tested (13 survived, 3 timed out)
Mutation testing 51% (elapsed: ~1h 2m, remaining: ~59m) 484/946 tested (13 survived, 3 timed out)
Mutation testing 51% (elapsed: ~1h 2m, remaining: ~59m) 485/946 tested (13 survived, 3 timed out)
Mutation testing 51% (elapsed: ~1h 2m, remaining: ~59m) 486/946 tested (13 survived, 3 timed out)
Mutation testing 51% (elapsed: ~1h 3m, remaining: ~58m) 489/946 tested (13 survived, 3 timed out)
Mutation testing 51% (elapsed: ~1h 3m, remaining: ~59m) 489/946 tested (13 survived, 3 timed out)
Mutation testing 51% (elapsed: ~1h 3m, remaining: ~58m) 491/946 tested (14 survived, 3 timed out)
Mutation testing 52% (elapsed: ~1h 3m, remaining: ~58m) 492/946 tested (14 survived, 3 timed out)
Mutation testing 52% (elapsed: ~1h 3m, remaining: ~58m) 494/946 tested (14 survived, 3 timed out)
Mutation testing 52% (elapsed: ~1h 3m, remaining: ~58m) 495/946 tested (14 survived, 3 timed out)
Mutation testing 52% (elapsed: ~1h 4m, remaining: ~58m) 496/946 tested (14 survived, 3 timed out)
Mutation testing 52% (elapsed: ~1h 4m, remaining: ~57m) 499/946 tested (15 survived, 3 timed out)
Mutation testing 52% (elapsed: ~1h 4m, remaining: ~57m) 499/946 tested (15 survived, 3 timed out)
Mutation testing 52% (elapsed: ~1h 4m, remaining: ~57m) 500/946 tested (16 survived, 3 timed out)
Mutation testing 53% (elapsed: ~1h 4m, remaining: ~57m) 502/946 tested (17 survived, 3 timed out)
Mutation testing 53% (elapsed: ~1h 4m, remaining: ~56m) 504/946 tested (17 survived, 3 timed out)
Mutation testing 53% (elapsed: ~1h 5m, remaining: ~57m) 504/946 tested (17 survived, 3 timed out)
Mutation testing 53% (elapsed: ~1h 5m, remaining: ~56m) 506/946 tested (17 survived, 3 timed out)
Mutation testing 53% (elapsed: ~1h 5m, remaining: ~56m) 508/946 tested (17 survived, 3 timed out)
Mutation testing 53% (elapsed: ~1h 5m, remaining: ~56m) 509/946 tested (17 survived, 3 timed out)
Mutation testing 53% (elapsed: ~1h 5m, remaining: ~56m) 510/946 tested (17 survived, 3 timed out)
Mutation testing 54% (elapsed: ~1h 5m, remaining: ~56m) 511/946 tested (17 survived, 3 timed out)
Mutation testing 54% (elapsed: ~1h 6m, remaining: ~55m) 514/946 tested (18 survived, 3 timed out)
Mutation testing 54% (elapsed: ~1h 6m, remaining: ~55m) 514/946 tested (18 survived, 3 timed out)
Mutation testing 54% (elapsed: ~1h 6m, remaining: ~55m) 516/946 tested (18 survived, 3 timed out)
Mutation testing 54% (elapsed: ~1h 6m, remaining: ~55m) 517/946 tested (18 survived, 3 timed out)
Mutation testing 54% (elapsed: ~1h 6m, remaining: ~55m) 518/946 tested (18 survived, 3 timed out)
Mutation testing 54% (elapsed: ~1h 6m, remaining: ~54m) 520/946 tested (18 survived, 3 timed out)
Mutation testing 55% (elapsed: ~1h 7m, remaining: ~54m) 521/946 tested (18 survived, 3 timed out)
Mutation testing 55% (elapsed: ~1h 7m, remaining: ~54m) 522/946 tested (18 survived, 3 timed out)
Mutation testing 55% (elapsed: ~1h 7m, remaining: ~54m) 524/946 tested (18 survived, 3 timed out)
Mutation testing 55% (elapsed: ~1h 7m, remaining: ~53m) 526/946 tested (18 survived, 3 timed out)
Mutation testing 55% (elapsed: ~1h 7m, remaining: ~54m) 526/946 tested (18 survived, 3 timed out)
Mutation testing 55% (elapsed: ~1h 7m, remaining: ~53m) 528/946 tested (18 survived, 3 timed out)
Mutation testing 56% (elapsed: ~1h 8m, remaining: ~53m) 530/946 tested (18 survived, 3 timed out)
Mutation testing 56% (elapsed: ~1h 8m, remaining: ~53m) 531/946 tested (18 survived, 3 timed out)
Mutation testing 56% (elapsed: ~1h 8m, remaining: ~53m) 532/946 tested (18 survived, 3 timed out)
Mutation testing 56% (elapsed: ~1h 8m, remaining: ~52m) 534/946 tested (18 survived, 3 timed out)
Mutation testing 56% (elapsed: ~1h 8m, remaining: ~52m) 536/946 tested (18 survived, 3 timed out)
Mutation testing 56% (elapsed: ~1h 8m, remaining: ~52m) 536/946 tested (18 survived, 3 timed out)
Mutation testing 56% (elapsed: ~1h 9m, remaining: ~52m) 538/946 tested (19 survived, 3 timed out)
Mutation testing 56% (elapsed: ~1h 9m, remaining: ~52m) 539/946 tested (19 survived, 3 timed out)
Mutation testing 57% (elapsed: ~1h 9m, remaining: ~52m) 540/946 tested (19 survived, 3 timed out)
Mutation testing 57% (elapsed: ~1h 9m, remaining: ~52m) 541/946 tested (19 survived, 3 timed out)
Mutation testing 57% (elapsed: ~1h 9m, remaining: ~51m) 543/946 tested (20 survived, 3 timed out)
Mutation testing 57% (elapsed: ~1h 9m, remaining: ~51m) 545/946 tested (21 survived, 3 timed out)
Mutation testing 57% (elapsed: ~1h 10m, remaining: ~51m) 545/946 tested (21 survived, 3 timed out)
Mutation testing 57% (elapsed: ~1h 10m, remaining: ~50m) 548/946 tested (21 survived, 3 timed out)
Mutation testing 58% (elapsed: ~1h 10m, remaining: ~50m) 549/946 tested (21 survived, 3 timed out)
Mutation testing 58% (elapsed: ~1h 10m, remaining: ~50m) 549/946 tested (21 survived, 3 timed out)
Mutation testing 58% (elapsed: ~1h 10m, remaining: ~50m) 551/946 tested (21 survived, 3 timed out)
Mutation testing 58% (elapsed: ~1h 10m, remaining: ~50m) 553/946 tested (21 survived, 3 timed out)
Mutation testing 58% (elapsed: ~1h 11m, remaining: ~50m) 554/946 tested (21 survived, 3 timed out)
Mutation testing 58% (elapsed: ~1h 11m, remaining: ~50m) 555/946 tested (21 survived, 3 timed out)
Mutation testing 58% (elapsed: ~1h 11m, remaining: ~50m) 556/946 tested (21 survived, 3 timed out)
Mutation testing 59% (elapsed: ~1h 11m, remaining: ~49m) 559/946 tested (21 survived, 3 timed out)
Mutation testing 59% (elapsed: ~1h 11m, remaining: ~49m) 559/946 tested (21 survived, 3 timed out)
Mutation testing 59% (elapsed: ~1h 11m, remaining: ~49m) 560/946 tested (21 survived, 3 timed out)
Mutation testing 59% (elapsed: ~1h 12m, remaining: ~49m) 561/946 tested (21 survived, 3 timed out)
Mutation testing 59% (elapsed: ~1h 12m, remaining: ~48m) 564/946 tested (21 survived, 3 timed out)
Mutation testing 59% (elapsed: ~1h 12m, remaining: ~49m) 564/946 tested (21 survived, 3 timed out)
Mutation testing 59% (elapsed: ~1h 12m, remaining: ~48m) 566/946 tested (21 survived, 3 timed out)
Mutation testing 60% (elapsed: ~1h 12m, remaining: ~48m) 568/946 tested (21 survived, 3 timed out)
Mutation testing 60% (elapsed: ~1h 12m, remaining: ~48m) 569/946 tested (21 survived, 3 timed out)
Mutation testing 60% (elapsed: ~1h 13m, remaining: ~48m) 570/946 tested (21 survived, 3 timed out)
Mutation testing 60% (elapsed: ~1h 13m, remaining: ~48m) 571/946 tested (21 survived, 3 timed out)
Mutation testing 60% (elapsed: ~1h 13m, remaining: ~47m) 573/946 tested (21 survived, 3 timed out)
Mutation testing 60% (elapsed: ~1h 13m, remaining: ~47m) 574/946 tested (21 survived, 3 timed out)
Mutation testing 60% (elapsed: ~1h 13m, remaining: ~47m) 576/946 tested (21 survived, 3 timed out)
Mutation testing 60% (elapsed: ~1h 13m, remaining: ~47m) 576/946 tested (21 survived, 3 timed out)
Mutation testing 61% (elapsed: ~1h 14m, remaining: ~47m) 578/946 tested (21 survived, 3 timed out)
Mutation testing 61% (elapsed: ~1h 14m, remaining: ~47m) 579/946 tested (21 survived, 3 timed out)
Mutation testing 61% (elapsed: ~1h 14m, remaining: ~46m) 581/946 tested (21 survived, 3 timed out)
Mutation testing 61% (elapsed: ~1h 14m, remaining: ~46m) 581/946 tested (21 survived, 3 timed out)
Mutation testing 61% (elapsed: ~1h 14m, remaining: ~46m) 584/946 tested (21 survived, 3 timed out)
Mutation testing 61% (elapsed: ~1h 14m, remaining: ~46m) 584/946 tested (21 survived, 3 timed out)
Mutation testing 61% (elapsed: ~1h 15m, remaining: ~46m) 586/946 tested (21 survived, 3 timed out)
Mutation testing 61% (elapsed: ~1h 15m, remaining: ~46m) 586/946 tested (21 survived, 3 timed out)
Mutation testing 62% (elapsed: ~1h 15m, remaining: ~45m) 590/946 tested (21 survived, 3 timed out)
Mutation testing 62% (elapsed: ~1h 15m, remaining: ~45m) 591/946 tested (21 survived, 3 timed out)
Mutation testing 62% (elapsed: ~1h 15m, remaining: ~45m) 591/946 tested (21 survived, 3 timed out)
Mutation testing 62% (elapsed: ~1h 15m, remaining: ~45m) 592/946 tested (21 survived, 3 timed out)
Mutation testing 62% (elapsed: ~1h 16m, remaining: ~45m) 593/946 tested (21 survived, 3 timed out)
Mutation testing 63% (elapsed: ~1h 16m, remaining: ~44m) 596/946 tested (21 survived, 3 timed out)
Mutation testing 63% (elapsed: ~1h 16m, remaining: ~44m) 596/946 tested (21 survived, 3 timed out)
Mutation testing 63% (elapsed: ~1h 16m, remaining: ~44m) 597/946 tested (21 survived, 3 timed out)
Mutation testing 63% (elapsed: ~1h 16m, remaining: ~44m) 599/946 tested (21 survived, 3 timed out)
Mutation testing 63% (elapsed: ~1h 16m, remaining: ~44m) 601/946 tested (21 survived, 3 timed out)
Mutation testing 63% (elapsed: ~1h 17m, remaining: ~44m) 602/946 tested (21 survived, 3 timed out)
Mutation testing 63% (elapsed: ~1h 17m, remaining: ~43m) 603/946 tested (21 survived, 3 timed out)
Mutation testing 63% (elapsed: ~1h 17m, remaining: ~43m) 604/946 tested (21 survived, 3 timed out)
Mutation testing 64% (elapsed: ~1h 17m, remaining: ~43m) 606/946 tested (21 survived, 3 timed out)
Mutation testing 64% (elapsed: ~1h 17m, remaining: ~43m) 607/946 tested (21 survived, 3 timed out)
Mutation testing 64% (elapsed: ~1h 17m, remaining: ~43m) 608/946 tested (21 survived, 3 timed out)
Mutation testing 64% (elapsed: ~1h 18m, remaining: ~43m) 609/946 tested (21 survived, 3 timed out)
Mutation testing 64% (elapsed: ~1h 18m, remaining: ~42m) 612/946 tested (21 survived, 3 timed out)
Mutation testing 64% (elapsed: ~1h 18m, remaining: ~42m) 612/946 tested (21 survived, 3 timed out)
Mutation testing 64% (elapsed: ~1h 18m, remaining: ~42m) 614/946 tested (21 survived, 3 timed out)
Mutation testing 65% (elapsed: ~1h 18m, remaining: ~42m) 615/946 tested (21 survived, 3 timed out)
Mutation testing 65% (elapsed: ~1h 18m, remaining: ~42m) 616/946 tested (21 survived, 3 timed out)
Mutation testing 65% (elapsed: ~1h 19m, remaining: ~41m) 618/946 tested (21 survived, 3 timed out)
Mutation testing 65% (elapsed: ~1h 19m, remaining: ~41m) 619/946 tested (21 survived, 3 timed out)
Mutation testing 65% (elapsed: ~1h 19m, remaining: ~41m) 621/946 tested (21 survived, 3 timed out)
Mutation testing 65% (elapsed: ~1h 19m, remaining: ~41m) 623/946 tested (21 survived, 3 timed out)
Mutation testing 65% (elapsed: ~1h 19m, remaining: ~41m) 623/946 tested (21 survived, 3 timed out)
Mutation testing 65% (elapsed: ~1h 19m, remaining: ~41m) 624/946 tested (21 survived, 3 timed out)
Mutation testing 66% (elapsed: ~1h 20m, remaining: ~40m) 627/946 tested (21 survived, 3 timed out)
Mutation testing 66% (elapsed: ~1h 20m, remaining: ~40m) 627/946 tested (21 survived, 3 timed out)
Mutation testing 66% (elapsed: ~1h 20m, remaining: ~40m) 628/946 tested (21 survived, 3 timed out)
Mutation testing 66% (elapsed: ~1h 20m, remaining: ~40m) 629/946 tested (21 survived, 3 timed out)
Mutation testing 66% (elapsed: ~1h 20m, remaining: ~40m) 632/946 tested (21 survived, 3 timed out)
Mutation testing 66% (elapsed: ~1h 20m, remaining: ~40m) 632/946 tested (21 survived, 3 timed out)
Mutation testing 67% (elapsed: ~1h 21m, remaining: ~39m) 634/946 tested (21 survived, 3 timed out)
Mutation testing 67% (elapsed: ~1h 21m, remaining: ~39m) 635/946 tested (21 survived, 3 timed out)
Mutation testing 67% (elapsed: ~1h 21m, remaining: ~39m) 637/946 tested (21 survived, 3 timed out)
Mutation testing 67% (elapsed: ~1h 21m, remaining: ~39m) 638/946 tested (21 survived, 3 timed out)
Mutation testing 67% (elapsed: ~1h 21m, remaining: ~39m) 639/946 tested (21 survived, 3 timed out)
Mutation testing 67% (elapsed: ~1h 21m, remaining: ~38m) 642/946 tested (21 survived, 3 timed out)
Mutation testing 67% (elapsed: ~1h 22m, remaining: ~38m) 642/946 tested (21 survived, 3 timed out)
Mutation testing 68% (elapsed: ~1h 22m, remaining: ~38m) 644/946 tested (21 survived, 3 timed out)
Mutation testing 68% (elapsed: ~1h 22m, remaining: ~38m) 644/946 tested (21 survived, 3 timed out)
Mutation testing 68% (elapsed: ~1h 22m, remaining: ~38m) 646/946 tested (21 survived, 3 timed out)
Mutation testing 68% (elapsed: ~1h 22m, remaining: ~38m) 647/946 tested (21 survived, 3 timed out)
Mutation testing 68% (elapsed: ~1h 22m, remaining: ~37m) 649/946 tested (21 survived, 3 timed out)
Mutation testing 68% (elapsed: ~1h 23m, remaining: ~37m) 649/946 tested (21 survived, 3 timed out)
Mutation testing 68% (elapsed: ~1h 23m, remaining: ~37m) 651/946 tested (21 survived, 3 timed out)
Mutation testing 69% (elapsed: ~1h 23m, remaining: ~37m) 653/946 tested (21 survived, 3 timed out)
Mutation testing 69% (elapsed: ~1h 23m, remaining: ~37m) 654/946 tested (22 survived, 3 timed out)
Mutation testing 69% (elapsed: ~1h 23m, remaining: ~37m) 655/946 tested (22 survived, 3 timed out)
Mutation testing 69% (elapsed: ~1h 23m, remaining: ~37m) 656/946 tested (23 survived, 3 timed out)
Mutation testing 69% (elapsed: ~1h 24m, remaining: ~36m) 659/946 tested (24 survived, 3 timed out)
Mutation testing 69% (elapsed: ~1h 24m, remaining: ~36m) 659/946 tested (24 survived, 3 timed out)
Mutation testing 69% (elapsed: ~1h 24m, remaining: ~36m) 660/946 tested (24 survived, 3 timed out)
Mutation testing 69% (elapsed: ~1h 24m, remaining: ~36m) 661/946 tested (24 survived, 3 timed out)
Mutation testing 70% (elapsed: ~1h 24m, remaining: ~35m) 664/946 tested (24 survived, 3 timed out)
Mutation testing 70% (elapsed: ~1h 24m, remaining: ~36m) 664/946 tested (24 survived, 3 timed out)
Mutation testing 70% (elapsed: ~1h 25m, remaining: ~35m) 666/946 tested (24 survived, 3 timed out)
Mutation testing 70% (elapsed: ~1h 25m, remaining: ~35m) 666/946 tested (24 survived, 3 timed out)
Mutation testing 70% (elapsed: ~1h 25m, remaining: ~35m) 669/946 tested (24 survived, 3 timed out)
Mutation testing 70% (elapsed: ~1h 25m, remaining: ~35m) 669/946 tested (24 survived, 3 timed out)
Mutation testing 70% (elapsed: ~1h 25m, remaining: ~35m) 671/946 tested (24 survived, 3 timed out)
Mutation testing 70% (elapsed: ~1h 25m, remaining: ~35m) 671/946 tested (24 survived, 3 timed out)
Mutation testing 71% (elapsed: ~1h 26m, remaining: ~34m) 674/946 tested (24 survived, 3 timed out)
Mutation testing 71% (elapsed: ~1h 26m, remaining: ~34m) 674/946 tested (24 survived, 3 timed out)
Mutation testing 71% (elapsed: ~1h 26m, remaining: ~34m) 676/946 tested (24 survived, 3 timed out)
Mutation testing 71% (elapsed: ~1h 26m, remaining: ~34m) 676/946 tested (24 survived, 3 timed out)
Mutation testing 71% (elapsed: ~1h 26m, remaining: ~34m) 679/946 tested (24 survived, 3 timed out)
Mutation testing 71% (elapsed: ~1h 26m, remaining: ~34m) 679/946 tested (24 survived, 3 timed out)
Mutation testing 71% (elapsed: ~1h 27m, remaining: ~33m) 681/946 tested (24 survived, 3 timed out)
Mutation testing 71% (elapsed: ~1h 27m, remaining: ~33m) 681/946 tested (24 survived, 3 timed out)
Mutation testing 72% (elapsed: ~1h 27m, remaining: ~33m) 684/946 tested (24 survived, 3 timed out)
Mutation testing 72% (elapsed: ~1h 27m, remaining: ~33m) 684/946 tested (24 survived, 3 timed out)
Mutation testing 72% (elapsed: ~1h 27m, remaining: ~33m) 686/946 tested (24 survived, 3 timed out)
Mutation testing 72% (elapsed: ~1h 27m, remaining: ~33m) 687/946 tested (24 survived, 3 timed out)
Mutation testing 72% (elapsed: ~1h 28m, remaining: ~32m) 689/946 tested (24 survived, 3 timed out)
Mutation testing 72% (elapsed: ~1h 28m, remaining: ~32m) 689/946 tested (24 survived, 3 timed out)
Mutation testing 73% (elapsed: ~1h 28m, remaining: ~32m) 691/946 tested (24 survived, 3 timed out)
Mutation testing 73% (elapsed: ~1h 28m, remaining: ~32m) 693/946 tested (24 survived, 3 timed out)
Mutation testing 73% (elapsed: ~1h 28m, remaining: ~32m) 694/946 tested (24 survived, 3 timed out)
Mutation testing 73% (elapsed: ~1h 28m, remaining: ~32m) 695/946 tested (24 survived, 3 timed out)
Mutation testing 73% (elapsed: ~1h 29m, remaining: ~31m) 696/946 tested (24 survived, 3 timed out)
Mutation testing 73% (elapsed: ~1h 29m, remaining: ~31m) 698/946 tested (24 survived, 3 timed out)
Mutation testing 73% (elapsed: ~1h 29m, remaining: ~31m) 699/946 tested (24 survived, 3 timed out)
Mutation testing 74% (elapsed: ~1h 29m, remaining: ~31m) 701/946 tested (24 survived, 3 timed out)
Mutation testing 74% (elapsed: ~1h 29m, remaining: ~31m) 701/946 tested (24 survived, 3 timed out)
Mutation testing 74% (elapsed: ~1h 29m, remaining: ~30m) 704/946 tested (24 survived, 3 timed out)
Mutation testing 74% (elapsed: ~1h 30m, remaining: ~30m) 704/946 tested (24 survived, 3 timed out)
Mutation testing 74% (elapsed: ~1h 30m, remaining: ~30m) 706/946 tested (24 survived, 3 timed out)
Mutation testing 74% (elapsed: ~1h 30m, remaining: ~30m) 706/946 tested (24 survived, 3 timed out)
Mutation testing 74% (elapsed: ~1h 30m, remaining: ~30m) 709/946 tested (24 survived, 3 timed out)
Mutation testing 74% (elapsed: ~1h 30m, remaining: ~30m) 709/946 tested (24 survived, 3 timed out)
Mutation testing 75% (elapsed: ~1h 30m, remaining: ~30m) 711/946 tested (25 survived, 3 timed out)
Mutation testing 75% (elapsed: ~1h 31m, remaining: ~29m) 713/946 tested (26 survived, 3 timed out)
Mutation testing 75% (elapsed: ~1h 31m, remaining: ~29m) 714/946 tested (26 survived, 3 timed out)
Mutation testing 75% (elapsed: ~1h 31m, remaining: ~29m) 714/946 tested (26 survived, 3 timed out)
Mutation testing 75% (elapsed: ~1h 31m, remaining: ~29m) 716/946 tested (26 survived, 3 timed out)
Mutation testing 75% (elapsed: ~1h 31m, remaining: ~29m) 717/946 tested (26 survived, 3 timed out)
Mutation testing 76% (elapsed: ~1h 31m, remaining: ~28m) 719/946 tested (26 survived, 3 timed out)
Mutation testing 76% (elapsed: ~1h 32m, remaining: ~28m) 720/946 tested (26 survived, 3 timed out)
Mutation testing 76% (elapsed: ~1h 32m, remaining: ~28m) 721/946 tested (26 survived, 3 timed out)
Mutation testing 76% (elapsed: ~1h 32m, remaining: ~28m) 724/946 tested (26 survived, 3 timed out)
Mutation testing 76% (elapsed: ~1h 32m, remaining: ~28m) 724/946 tested (26 survived, 3 timed out)
Mutation testing 76% (elapsed: ~1h 32m, remaining: ~28m) 726/946 tested (26 survived, 3 timed out)
Mutation testing 76% (elapsed: ~1h 32m, remaining: ~28m) 726/946 tested (26 survived, 3 timed out)
Mutation testing 77% (elapsed: ~1h 33m, remaining: ~27m) 729/946 tested (26 survived, 3 timed out)
Mutation testing 77% (elapsed: ~1h 33m, remaining: ~27m) 729/946 tested (26 survived, 3 timed out)
Mutation testing 77% (elapsed: ~1h 33m, remaining: ~27m) 731/946 tested (26 survived, 3 timed out)
Mutation testing 77% (elapsed: ~1h 33m, remaining: ~27m) 731/946 tested (26 survived, 3 timed out)
Mutation testing 77% (elapsed: ~1h 33m, remaining: ~27m) 734/946 tested (26 survived, 3 timed out)
Mutation testing 77% (elapsed: ~1h 33m, remaining: ~27m) 734/946 tested (26 survived, 3 timed out)
Mutation testing 77% (elapsed: ~1h 34m, remaining: ~26m) 736/946 tested (26 survived, 3 timed out)
Mutation testing 78% (elapsed: ~1h 34m, remaining: ~26m) 739/946 tested (26 survived, 3 timed out)
Mutation testing 78% (elapsed: ~1h 34m, remaining: ~26m) 739/946 tested (26 survived, 3 timed out)
Mutation testing 78% (elapsed: ~1h 34m, remaining: ~26m) 739/946 tested (26 survived, 3 timed out)
Mutation testing 78% (elapsed: ~1h 34m, remaining: ~26m) 741/946 tested (26 survived, 3 timed out)
Mutation testing 78% (elapsed: ~1h 34m, remaining: ~25m) 744/946 tested (26 survived, 3 timed out)
Mutation testing 78% (elapsed: ~1h 35m, remaining: ~25m) 744/946 tested (26 survived, 3 timed out)
Mutation testing 78% (elapsed: ~1h 35m, remaining: ~25m) 745/946 tested (26 survived, 3 timed out)
Mutation testing 78% (elapsed: ~1h 35m, remaining: ~25m) 746/946 tested (26 survived, 3 timed out)
Mutation testing 79% (elapsed: ~1h 35m, remaining: ~25m) 749/946 tested (26 survived, 3 timed out)
Mutation testing 79% (elapsed: ~1h 35m, remaining: ~25m) 749/946 tested (26 survived, 3 timed out)
Mutation testing 79% (elapsed: ~1h 35m, remaining: ~24m) 751/946 tested (26 survived, 3 timed out)
Mutation testing 79% (elapsed: ~1h 36m, remaining: ~24m) 751/946 tested (26 survived, 3 timed out)
Mutation testing 79% (elapsed: ~1h 36m, remaining: ~24m) 754/946 tested (26 survived, 3 timed out)
Mutation testing 79% (elapsed: ~1h 36m, remaining: ~24m) 754/946 tested (26 survived, 3 timed out)
Mutation testing 79% (elapsed: ~1h 36m, remaining: ~24m) 756/946 tested (26 survived, 3 timed out)
Mutation testing 79% (elapsed: ~1h 36m, remaining: ~24m) 756/946 tested (26 survived, 3 timed out)
Mutation testing 80% (elapsed: ~1h 36m, remaining: ~23m) 759/946 tested (26 survived, 3 timed out)
Mutation testing 80% (elapsed: ~1h 37m, remaining: ~23m) 759/946 tested (26 survived, 3 timed out)
Mutation testing 80% (elapsed: ~1h 37m, remaining: ~23m) 761/946 tested (26 survived, 3 timed out)
Mutation testing 80% (elapsed: ~1h 37m, remaining: ~23m) 761/946 tested (26 survived, 3 timed out)
Mutation testing 80% (elapsed: ~1h 37m, remaining: ~23m) 764/946 tested (26 survived, 3 timed out)
Mutation testing 80% (elapsed: ~1h 37m, remaining: ~23m) 764/946 tested (26 survived, 3 timed out)
Mutation testing 80% (elapsed: ~1h 37m, remaining: ~22m) 766/946 tested (26 survived, 3 timed out)
Mutation testing 80% (elapsed: ~1h 38m, remaining: ~23m) 766/946 tested (26 survived, 3 timed out)
Mutation testing 81% (elapsed: ~1h 38m, remaining: ~22m) 769/946 tested (26 survived, 3 timed out)
Mutation testing 81% (elapsed: ~1h 38m, remaining: ~22m) 769/946 tested (26 survived, 3 timed out)
Mutation testing 81% (elapsed: ~1h 38m, remaining: ~22m) 771/946 tested (26 survived, 3 timed out)
Mutation testing 81% (elapsed: ~1h 38m, remaining: ~22m) 771/946 tested (26 survived, 3 timed out)
Mutation testing 81% (elapsed: ~1h 38m, remaining: ~21m) 774/946 tested (26 survived, 3 timed out)
Mutation testing 81% (elapsed: ~1h 39m, remaining: ~22m) 774/946 tested (26 survived, 3 timed out)
Mutation testing 82% (elapsed: ~1h 39m, remaining: ~21m) 776/946 tested (26 survived, 3 timed out)
Mutation testing 82% (elapsed: ~1h 39m, remaining: ~21m) 776/946 tested (26 survived, 3 timed out)
Mutation testing 82% (elapsed: ~1h 39m, remaining: ~21m) 779/946 tested (26 survived, 3 timed out)
Mutation testing 82% (elapsed: ~1h 39m, remaining: ~21m) 779/946 tested (26 survived, 3 timed out)
Mutation testing 82% (elapsed: ~1h 39m, remaining: ~21m) 781/946 tested (26 survived, 3 timed out)
Mutation testing 82% (elapsed: ~1h 40m, remaining: ~21m) 781/946 tested (26 survived, 3 timed out)
Mutation testing 82% (elapsed: ~1h 40m, remaining: ~20m) 784/946 tested (26 survived, 3 timed out)
Mutation testing 82% (elapsed: ~1h 40m, remaining: ~20m) 784/946 tested (26 survived, 3 timed out)
Mutation testing 83% (elapsed: ~1h 40m, remaining: ~20m) 786/946 tested (26 survived, 3 timed out)
Mutation testing 83% (elapsed: ~1h 40m, remaining: ~20m) 786/946 tested (26 survived, 3 timed out)
Mutation testing 83% (elapsed: ~1h 40m, remaining: ~20m) 789/946 tested (27 survived, 3 timed out)
Mutation testing 83% (elapsed: ~1h 41m, remaining: ~20m) 789/946 tested (27 survived, 3 timed out)
Mutation testing 83% (elapsed: ~1h 41m, remaining: ~19m) 791/946 tested (27 survived, 3 timed out)
Mutation testing 83% (elapsed: ~1h 41m, remaining: ~19m) 791/946 tested (27 survived, 3 timed out)
Mutation testing 83% (elapsed: ~1h 41m, remaining: ~19m) 794/946 tested (27 survived, 3 timed out)
Mutation testing 83% (elapsed: ~1h 41m, remaining: ~19m) 794/946 tested (27 survived, 3 timed out)
Mutation testing 84% (elapsed: ~1h 41m, remaining: ~19m) 796/946 tested (27 survived, 3 timed out)
Mutation testing 84% (elapsed: ~1h 42m, remaining: ~19m) 797/946 tested (27 survived, 3 timed out)
Mutation testing 84% (elapsed: ~1h 42m, remaining: ~18m) 799/946 tested (27 survived, 3 timed out)
Mutation testing 84% (elapsed: ~1h 42m, remaining: ~18m) 799/946 tested (27 survived, 3 timed out)
Mutation testing 84% (elapsed: ~1h 42m, remaining: ~18m) 801/946 tested (27 survived, 3 timed out)
Mutation testing 84% (elapsed: ~1h 42m, remaining: ~18m) 804/946 tested (27 survived, 3 timed out)
Mutation testing 84% (elapsed: ~1h 42m, remaining: ~18m) 804/946 tested (27 survived, 3 timed out)
Mutation testing 84% (elapsed: ~1h 43m, remaining: ~18m) 804/946 tested (27 survived, 3 timed out)
Mutation testing 85% (elapsed: ~1h 43m, remaining: ~17m) 806/946 tested (27 survived, 3 timed out)
Mutation testing 85% (elapsed: ~1h 43m, remaining: ~17m) 809/946 tested (27 survived, 3 timed out)
Mutation testing 85% (elapsed: ~1h 43m, remaining: ~17m) 809/946 tested (27 survived, 3 timed out)
Mutation testing 85% (elapsed: ~1h 43m, remaining: ~17m) 811/946 tested (27 survived, 3 timed out)
Mutation testing 85% (elapsed: ~1h 43m, remaining: ~17m) 811/946 tested (27 survived, 3 timed out)
Mutation testing 86% (elapsed: ~1h 44m, remaining: ~16m) 814/946 tested (27 survived, 3 timed out)
Mutation testing 86% (elapsed: ~1h 44m, remaining: ~16m) 814/946 tested (27 survived, 3 timed out)
Mutation testing 86% (elapsed: ~1h 44m, remaining: ~16m) 816/946 tested (27 survived, 3 timed out)
Mutation testing 86% (elapsed: ~1h 44m, remaining: ~16m) 816/946 tested (27 survived, 3 timed out)
Mutation testing 86% (elapsed: ~1h 44m, remaining: ~16m) 819/946 tested (27 survived, 3 timed out)
Mutation testing 86% (elapsed: ~1h 44m, remaining: ~16m) 819/946 tested (27 survived, 3 timed out)
Mutation testing 86% (elapsed: ~1h 45m, remaining: ~15m) 821/946 tested (27 survived, 3 timed out)
Mutation testing 86% (elapsed: ~1h 45m, remaining: ~16m) 821/946 tested (27 survived, 3 timed out)
Mutation testing 87% (elapsed: ~1h 45m, remaining: ~15m) 824/946 tested (27 survived, 3 timed out)
Mutation testing 87% (elapsed: ~1h 45m, remaining: ~15m) 824/946 tested (27 survived, 3 timed out)
Mutation testing 87% (elapsed: ~1h 45m, remaining: ~15m) 826/946 tested (27 survived, 3 timed out)
Mutation testing 87% (elapsed: ~1h 45m, remaining: ~15m) 826/946 tested (27 survived, 3 timed out)
Mutation testing 87% (elapsed: ~1h 46m, remaining: ~14m) 829/946 tested (27 survived, 3 timed out)
Mutation testing 87% (elapsed: ~1h 46m, remaining: ~14m) 829/946 tested (27 survived, 3 timed out)
Mutation testing 87% (elapsed: ~1h 46m, remaining: ~14m) 831/946 tested (27 survived, 3 timed out)
Mutation testing 88% (elapsed: ~1h 46m, remaining: ~14m) 834/946 tested (27 survived, 3 timed out)
Mutation testing 88% (elapsed: ~1h 46m, remaining: ~14m) 834/946 tested (27 survived, 3 timed out)
Mutation testing 88% (elapsed: ~1h 46m, remaining: ~14m) 834/946 tested (27 survived, 3 timed out)
Mutation testing 88% (elapsed: ~1h 47m, remaining: ~14m) 836/946 tested (27 survived, 3 timed out)
Mutation testing 88% (elapsed: ~1h 47m, remaining: ~13m) 839/946 tested (27 survived, 3 timed out)
Mutation testing 88% (elapsed: ~1h 47m, remaining: ~13m) 839/946 tested (27 survived, 3 timed out)
Mutation testing 88% (elapsed: ~1h 47m, remaining: ~13m) 841/946 tested (27 survived, 3 timed out)
Mutation testing 88% (elapsed: ~1h 47m, remaining: ~13m) 841/946 tested (27 survived, 3 timed out)
Mutation testing 89% (elapsed: ~1h 47m, remaining: ~13m) 844/946 tested (27 survived, 3 timed out)
Mutation testing 89% (elapsed: ~1h 48m, remaining: ~13m) 844/946 tested (27 survived, 3 timed out)
Mutation testing 89% (elapsed: ~1h 48m, remaining: ~12m) 846/946 tested (27 survived, 3 timed out)
Mutation testing 89% (elapsed: ~1h 48m, remaining: ~12m) 846/946 tested (27 survived, 3 timed out)
Mutation testing 89% (elapsed: ~1h 48m, remaining: ~12m) 849/946 tested (27 survived, 3 timed out)
Mutation testing 89% (elapsed: ~1h 48m, remaining: ~12m) 849/946 tested (27 survived, 3 timed out)
Mutation testing 89% (elapsed: ~1h 48m, remaining: ~12m) 851/946 tested (27 survived, 3 timed out)
Mutation testing 89% (elapsed: ~1h 49m, remaining: ~12m) 851/946 tested (27 survived, 3 timed out)
Mutation testing 90% (elapsed: ~1h 49m, remaining: ~11m) 854/946 tested (27 survived, 3 timed out)
Mutation testing 90% (elapsed: ~1h 49m, remaining: ~11m) 854/946 tested (27 survived, 3 timed out)
Mutation testing 90% (elapsed: ~1h 49m, remaining: ~11m) 856/946 tested (27 survived, 3 timed out)
Mutation testing 90% (elapsed: ~1h 49m, remaining: ~11m) 856/946 tested (27 survived, 3 timed out)
Mutation testing 90% (elapsed: ~1h 49m, remaining: ~11m) 859/946 tested (27 survived, 3 timed out)
Mutation testing 90% (elapsed: ~1h 50m, remaining: ~11m) 859/946 tested (27 survived, 3 timed out)
Mutation testing 91% (elapsed: ~1h 50m, remaining: ~10m) 861/946 tested (27 survived, 3 timed out)
Mutation testing 91% (elapsed: ~1h 50m, remaining: ~10m) 864/946 tested (27 survived, 3 timed out)
Mutation testing 91% (elapsed: ~1h 50m, remaining: ~10m) 864/946 tested (27 survived, 3 timed out)
Mutation testing 91% (elapsed: ~1h 50m, remaining: ~10m) 864/946 tested (27 survived, 3 timed out)
Mutation testing 91% (elapsed: ~1h 50m, remaining: ~10m) 866/946 tested (27 survived, 3 timed out)
Mutation testing 91% (elapsed: ~1h 51m, remaining: ~9m) 869/946 tested (27 survived, 3 timed out)
Mutation testing 91% (elapsed: ~1h 51m, remaining: ~9m) 869/946 tested (27 survived, 3 timed out)
Mutation testing 92% (elapsed: ~1h 51m, remaining: ~9m) 871/946 tested (27 survived, 3 timed out)
Mutation testing 92% (elapsed: ~1h 51m, remaining: ~9m) 871/946 tested (27 survived, 3 timed out)
Mutation testing 92% (elapsed: ~1h 51m, remaining: ~9m) 874/946 tested (27 survived, 3 timed out)
Mutation testing 92% (elapsed: ~1h 51m, remaining: ~9m) 874/946 tested (27 survived, 3 timed out)
Mutation testing 92% (elapsed: ~1h 52m, remaining: ~8m) 876/946 tested (27 survived, 3 timed out)
Mutation testing 92% (elapsed: ~1h 52m, remaining: ~8m) 876/946 tested (27 survived, 3 timed out)
Mutation testing 92% (elapsed: ~1h 52m, remaining: ~8m) 879/946 tested (27 survived, 3 timed out)
Mutation testing 92% (elapsed: ~1h 52m, remaining: ~8m) 879/946 tested (27 survived, 3 timed out)
Mutation testing 93% (elapsed: ~1h 52m, remaining: ~8m) 881/946 tested (27 survived, 3 timed out)
Mutation testing 93% (elapsed: ~1h 52m, remaining: ~8m) 882/946 tested (27 survived, 3 timed out)
Mutation testing 93% (elapsed: ~1h 53m, remaining: ~7m) 884/946 tested (27 survived, 3 timed out)
Mutation testing 93% (elapsed: ~1h 53m, remaining: ~7m) 884/946 tested (27 survived, 3 timed out)
Mutation testing 93% (elapsed: ~1h 53m, remaining: ~7m) 886/946 tested (27 survived, 3 timed out)
Mutation testing 93% (elapsed: ~1h 53m, remaining: ~7m) 889/946 tested (27 survived, 3 timed out)
Mutation testing 93% (elapsed: ~1h 53m, remaining: ~7m) 889/946 tested (27 survived, 3 timed out)
Mutation testing 94% (elapsed: ~1h 53m, remaining: ~7m) 891/946 tested (27 survived, 3 timed out)
Mutation testing 94% (elapsed: ~1h 54m, remaining: ~7m) 891/946 tested (27 survived, 3 timed out)
Mutation testing 94% (elapsed: ~1h 54m, remaining: ~6m) 894/946 tested (27 survived, 3 timed out)
Mutation testing 94% (elapsed: ~1h 54m, remaining: ~6m) 894/946 tested (27 survived, 3 timed out)
Mutation testing 94% (elapsed: ~1h 54m, remaining: ~6m) 896/946 tested (27 survived, 3 timed out)
Mutation testing 94% (elapsed: ~1h 54m, remaining: ~6m) 896/946 tested (27 survived, 3 timed out)
Mutation testing 95% (elapsed: ~1h 54m, remaining: ~6m) 899/946 tested (27 survived, 3 timed out)
Mutation testing 95% (elapsed: ~1h 55m, remaining: ~6m) 899/946 tested (27 survived, 3 timed out)
Mutation testing 95% (elapsed: ~1h 55m, remaining: ~5m) 901/946 tested (28 survived, 3 timed out)
Mutation testing 95% (elapsed: ~1h 55m, remaining: ~5m) 901/946 tested (28 survived, 3 timed out)
Mutation testing 95% (elapsed: ~1h 55m, remaining: ~5m) 904/946 tested (29 survived, 3 timed out)
Mutation testing 95% (elapsed: ~1h 55m, remaining: ~5m) 904/946 tested (29 survived, 3 timed out)
Mutation testing 95% (elapsed: ~1h 55m, remaining: ~5m) 906/946 tested (30 survived, 3 timed out)
Mutation testing 95% (elapsed: ~1h 56m, remaining: ~5m) 906/946 tested (30 survived, 3 timed out)
Mutation testing 96% (elapsed: ~1h 56m, remaining: ~4m) 909/946 tested (31 survived, 3 timed out)
Mutation testing 96% (elapsed: ~1h 56m, remaining: ~4m) 909/946 tested (31 survived, 3 timed out)
Mutation testing 96% (elapsed: ~1h 56m, remaining: ~4m) 911/946 tested (32 survived, 3 timed out)
Mutation testing 96% (elapsed: ~1h 56m, remaining: ~4m) 912/946 tested (33 survived, 3 timed out)
Mutation testing 96% (elapsed: ~1h 56m, remaining: ~4m) 914/946 tested (33 survived, 3 timed out)
Mutation testing 96% (elapsed: ~1h 57m, remaining: ~4m) 914/946 tested (33 survived, 3 timed out)
Mutation testing 96% (elapsed: ~1h 57m, remaining: ~3m) 916/946 tested (34 survived, 3 timed out)
Mutation testing 96% (elapsed: ~1h 57m, remaining: ~3m) 917/946 tested (35 survived, 3 timed out)
Mutation testing 97% (elapsed: ~1h 57m, remaining: ~3m) 919/946 tested (36 survived, 3 timed out)
Mutation testing 97% (elapsed: ~1h 57m, remaining: ~3m) 919/946 tested (36 survived, 3 timed out)
Mutation testing 97% (elapsed: ~1h 57m, remaining: ~3m) 921/946 tested (37 survived, 3 timed out)
Mutation testing 97% (elapsed: ~1h 58m, remaining: ~2m) 924/946 tested (37 survived, 3 timed out)
Mutation testing 97% (elapsed: ~1h 58m, remaining: ~2m) 924/946 tested (37 survived, 3 timed out)
Mutation testing 97% (elapsed: ~1h 58m, remaining: ~2m) 924/946 tested (37 survived, 3 timed out)
Mutation testing 97% (elapsed: ~1h 58m, remaining: ~2m) 926/946 tested (37 survived, 3 timed out)
Mutation testing 97% (elapsed: ~1h 58m, remaining: ~2m) 927/946 tested (37 survived, 3 timed out)
Mutation testing 98% (elapsed: ~1h 58m, remaining: ~2m) 929/946 tested (37 survived, 3 timed out)
Mutation testing 98% (elapsed: ~1h 59m, remaining: ~2m) 929/946 tested (37 survived, 3 timed out)
Mutation testing 98% (elapsed: ~1h 59m, remaining: ~1m) 931/946 tested (37 survived, 3 timed out)
Mutation testing 98% (elapsed: ~1h 59m, remaining: ~1m) 934/946 tested (37 survived, 3 timed out)
Mutation testing 98% (elapsed: ~1h 59m, remaining: ~1m) 934/946 tested (37 survived, 3 timed out)
Mutation testing 98% (elapsed: ~1h 59m, remaining: ~1m) 934/946 tested (37 survived, 3 timed out)
Mutation testing 98% (elapsed: ~1h 59m, remaining: ~1m) 936/946 tested (37 survived, 3 timed out)
Mutation testing 99% (elapsed: ~2h 0m, remaining: <1m) 939/946 tested (37 survived, 3 timed out)
Mutation testing 99% (elapsed: ~2h 0m, remaining: <1m) 939/946 tested (37 survived, 3 timed out)
Mutation testing 99% (elapsed: ~2h 0m, remaining: <1m) 939/946 tested (37 survived, 3 timed out)
Mutation testing 99% (elapsed: ~2h 0m, remaining: <1m) 941/946 tested (37 survived, 3 timed out)
Mutation testing 99% (elapsed: ~2h 0m, remaining: <1m) 944/946 tested (37 survived, 3 timed out)

All tests
  ✓ All tests (killed 906)

[Survived] Regex
scripts/lib/filed-note.mjs:37:14
-       .replace(/^-+|-+$/g, ""); // trim leading/trailing hyphens
+       .replace(/^-|-+$/g, ""); // trim leading/trailing hyphens

[Survived] Regex
scripts/lib/filed-note.mjs:37:14
-       .replace(/^-+|-+$/g, ""); // trim leading/trailing hyphens
+       .replace(/^-+|-$/g, ""); // trim leading/trailing hyphens

[Survived] EqualityOperator
scripts/lib/filed-note.mjs:114:31
-       .reduce((worst, tier) => (rank.indexOf(tier) > rank.indexOf(worst) ? tier : worst));
+       .reduce((worst, tier) => (rank.indexOf(tier) >= rank.indexOf(worst) ? tier : worst));

[Survived] Regex
scripts/lib/filed-note.mjs:257:44
-     return cardPath.split("/").pop().replace(/\.md$/, "").split("-")[0];
+     return cardPath.split("/").pop().replace(/\.md/, "").split("-")[0];

[Survived] ArithmeticOperator
scripts/lib/remote-arrivals.mjs:98:20
-     for (let limit = NAMED_AT_MOST - 1; text.length > DIRECTIVE_MAX && limit >= 0; limit--) {
+     for (let limit = NAMED_AT_MOST + 1; text.length > DIRECTIVE_MAX && limit >= 0; limit--) {

[Survived] ConditionalExpression
scripts/lib/remote-arrivals.mjs:98:70
-     for (let limit = NAMED_AT_MOST - 1; text.length > DIRECTIVE_MAX && limit >= 0; limit--) {
+     for (let limit = NAMED_AT_MOST - 1; text.length > DIRECTIVE_MAX && true; limit--) {

[Survived] ArrayDeclaration
scripts/lib/remote-arrivals.mjs:154:25
-     if (!(trace?.files ?? []).some(isUniversePointer)) return null;
+     if (!(trace?.files ?? ["Stryker was here"]).some(isUniversePointer)) return null;

[Survived] StringLiteral
scripts/lib/remote-arrivals.mjs:199:25
-     const step = undone ? "redo the merge" : "finish the merge";
+     const step = undone ? "" : "finish the merge";

[Survived] ArrowFunction
scripts/lib/remote-arrivals.mjs:217:63
-   export function remoteArrivalsDirective(trace, readUniverse = () => null) {
+   export function remoteArrivalsDirective(trace, readUniverse = () => undefined) {

[Survived] StringLiteral
scripts/lib/remote-arrivals.mjs:244:46
-           return JSON.parse(readFileSync(path, "utf8"));
+           return JSON.parse(readFileSync(path, ""));

[Survived] StringLiteral
scripts/lib/remote-arrivals.mjs:253:69
-         writeFileSync(staging, `${JSON.stringify(trace, null, 2)}\n`, "utf8");
+         writeFileSync(staging, `${JSON.stringify(trace, null, 2)}\n`, "");

[Survived] ObjectLiteral
scripts/lib/remote-arrivals.mjs:257:25
-           rmSync(staging, { force: true });
+           rmSync(staging, {});

[Survived] BooleanLiteral
scripts/lib/remote-arrivals.mjs:257:34
-           rmSync(staging, { force: true });
+           rmSync(staging, { force: false });

[Survived] StringLiteral
scripts/lib/remote-sync.mjs:58:31
-     const ref = (upstreamRef ?? "").trim();
+     const ref = (upstreamRef ?? "Stryker was here!").trim();

[Survived] StringLiteral
scripts/lib/remote-sync.mjs:83:35
-     for (const line of lines(out ?? "")) {
+     for (const line of lines(out ?? "Stryker was here!")) {

[Survived] ConditionalExpression
scripts/lib/remote-sync.mjs:85:9
-       if (cut > 0 && line.slice(cut).trim() === wanted) return line.slice(0, cut);
+       if (true && line.slice(cut).trim() === wanted) return line.slice(0, cut);

[Survived] EqualityOperator
scripts/lib/remote-sync.mjs:85:9
-       if (cut > 0 && line.slice(cut).trim() === wanted) return line.slice(0, cut);
+       if (cut >= 0 && line.slice(cut).trim() === wanted) return line.slice(0, cut);

[Survived] LogicalOperator
scripts/lib/remote-sync.mjs:158:7
-     if (!start.ok || base === "") return "failed";
+     if (!start.ok && base === "") return "failed";

[Survived] ConditionalExpression
scripts/lib/remote-sync.mjs:158:20
-     if (!start.ok || base === "") return "failed";
+     if (!start.ok || false) return "failed";

[Survived] StringLiteral
scripts/lib/remote-sync.mjs:158:29
-     if (!start.ok || base === "") return "failed";
+     if (!start.ok || base === "Stryker was here!") return "failed";

[Survived] BlockStatement
scripts/lib/remote-sync.mjs:204:11
-     } catch {
-       // A registry that cannot be read costs the fusion, never the tick: one banner too
-       // many is a nuisance, a sync that stops is a brain out of step.
-       confirmed = [];
-     }
+     } catch {}

[Survived] ArrayDeclaration
scripts/lib/remote-sync.mjs:207:17
-       confirmed = [];
+       confirmed = ["Stryker was here"];

[Survived] Regex
scripts/lib/source-key.mjs:96:66
-     return new Date(ms).toISOString().replace(/[-:]/g, "").replace(/\.\d+Z$/, "Z");
+     return new Date(ms).toISOString().replace(/[-:]/g, "").replace(/\.\d+Z/, "Z");

[Survived] Regex
scripts/lib/yaml-scalar.mjs:32:21
-   const IS_NOT_TEXT = /^(?:null|~|true|false|yes|no|on|off)$/i;
+   const IS_NOT_TEXT = /(?:null|~|true|false|yes|no|on|off)$/i;

[Survived] Regex
scripts/lib/yaml-scalar.mjs:33:21
-   const IS_A_NUMBER = /^[-+]?(?:\d+(?:\.\d*)?|\.\d+)(?:[eE][-+]?\d+)?$|^0[xob][0-9a-fA-F_]+$/;
+   const IS_A_NUMBER = /^[-+]?(?:\d+(?:\.\d*)?|\.\d+)(?:[eE][-+]?\d+)?|^0[xob][0-9a-fA-F_]+$/;

[Survived] Regex
scripts/lib/yaml-scalar.mjs:33:21
-   const IS_A_NUMBER = /^[-+]?(?:\d+(?:\.\d*)?|\.\d+)(?:[eE][-+]?\d+)?$|^0[xob][0-9a-fA-F_]+$/;
+   const IS_A_NUMBER = /^[^-+]?(?:\d+(?:\.\d*)?|\.\d+)(?:[eE][-+]?\d+)?$|^0[xob][0-9a-fA-F_]+$/;

[Survived] Regex
scripts/lib/yaml-scalar.mjs:33:21
-   const IS_A_NUMBER = /^[-+]?(?:\d+(?:\.\d*)?|\.\d+)(?:[eE][-+]?\d+)?$|^0[xob][0-9a-fA-F_]+$/;
+   const IS_A_NUMBER = /^[-+]?(?:\d+(?:\.\d)?|\.\d+)(?:[eE][-+]?\d+)?$|^0[xob][0-9a-fA-F_]+$/;

[Survived] Regex
scripts/lib/yaml-scalar.mjs:33:21
-   const IS_A_NUMBER = /^[-+]?(?:\d+(?:\.\d*)?|\.\d+)(?:[eE][-+]?\d+)?$|^0[xob][0-9a-fA-F_]+$/;
+   const IS_A_NUMBER = /^[-+]?(?:\d+(?:\.\d*)?|\.\d)(?:[eE][-+]?\d+)?$|^0[xob][0-9a-fA-F_]+$/;

[Survived] Regex
scripts/lib/yaml-scalar.mjs:33:21
-   const IS_A_NUMBER = /^[-+]?(?:\d+(?:\.\d*)?|\.\d+)(?:[eE][-+]?\d+)?$|^0[xob][0-9a-fA-F_]+$/;
+   const IS_A_NUMBER = /^[-+]?(?:\d+(?:\.\d*)?|\.\D+)(?:[eE][-+]?\d+)?$|^0[xob][0-9a-fA-F_]+$/;

[Survived] Regex
scripts/lib/yaml-scalar.mjs:33:21
-   const IS_A_NUMBER = /^[-+]?(?:\d+(?:\.\d*)?|\.\d+)(?:[eE][-+]?\d+)?$|^0[xob][0-9a-fA-F_]+$/;
+   const IS_A_NUMBER = /^[-+]?(?:\d+(?:\.\d*)?|\.\d+)(?:[eE][^-+]?\d+)?$|^0[xob][0-9a-fA-F_]+$/;

[Survived] Regex
scripts/lib/yaml-scalar.mjs:33:21
-   const IS_A_NUMBER = /^[-+]?(?:\d+(?:\.\d*)?|\.\d+)(?:[eE][-+]?\d+)?$|^0[xob][0-9a-fA-F_]+$/;
+   const IS_A_NUMBER = /^[-+]?(?:\d+(?:\.\d*)?|\.\d+)(?:[eE][-+]?\d+)?$|0[xob][0-9a-fA-F_]+$/;

[Survived] Regex
scripts/lib/yaml-scalar.mjs:33:21
-   const IS_A_NUMBER = /^[-+]?(?:\d+(?:\.\d*)?|\.\d+)(?:[eE][-+]?\d+)?$|^0[xob][0-9a-fA-F_]+$/;
+   const IS_A_NUMBER = /^[-+]?(?:\d+(?:\.\d*)?|\.\d+)(?:[eE][-+]?\d)?$|^0[xob][0-9a-fA-F_]+$/;

[Survived] Regex
scripts/lib/yaml-scalar.mjs:33:21
-   const IS_A_NUMBER = /^[-+]?(?:\d+(?:\.\d*)?|\.\d+)(?:[eE][-+]?\d+)?$|^0[xob][0-9a-fA-F_]+$/;
+   const IS_A_NUMBER = /^[-+]?(?:\d+(?:\.\d*)?|\.\d+)(?:[eE][-+]?\d+)?$|^0[xob][0-9a-fA-F_]+/;

[Survived] StringLiteral
scripts/dated-note-path.mjs:54:73
-       readAuthorsState({ existsSync, readFileSync: (p) => readFileSync(p, "utf-8") }, vaultRagDir(process.cwd()))
+       readAuthorsState({ existsSync, readFileSync: (p) => readFileSync(p, "") }, vaultRagDir(process.cwd()))

[Survived] BlockStatement
scripts/dated-note-path.mjs:94:11
-     } catch {
-       identities = [];
-     }
+     } catch {}

[Survived] ArrayDeclaration
scripts/dated-note-path.mjs:95:18
-       identities = [];
+       identities = ["Stryker was here"];

[Survived] ArrayDeclaration
scripts/dated-note-path.mjs:109:13
-       notes = [];
+       notes = ["Stryker was here"];

Ran 1.00 tests per mutant on average.
----------------------|------------------|----------|-----------|------------|----------|----------|
                      | % Mutation score |          |           |            |          |          |
File                  |  total | covered | # killed | # timeout | # survived | # no cov | # errors |
----------------------|--------|---------|----------|-----------|------------|----------|----------|
All files             |  96.09 |   96.09 |      906 |         3 |         37 |        0 |        0 |
 lib                  |  96.16 |   96.16 |      825 |         1 |         33 |        0 |        0 |
  filed-note.mjs      |  98.10 |   98.10 |      207 |         0 |          4 |        0 |        0 |
  remote-arrivals.mjs |  95.57 |   95.57 |      193 |         1 |          9 |        0 |        0 |
  remote-sync.mjs     |  95.91 |   95.91 |      211 |         0 |          9 |        0 |        0 |
  source-key.mjs      |  99.43 |   99.43 |      173 |         0 |          1 |        0 |        0 |
  yaml-scalar.mjs     |  80.39 |   80.39 |       41 |         0 |         10 |        0 |        0 |
 dated-note-path.mjs  |  95.40 |   95.40 |       81 |         2 |          4 |        0 |        0 |
----------------------|--------|---------|----------|-----------|------------|----------|----------|
[32m19:16:45 (71572) INFO MutationTestExecutor[39m Done in 120 minutes and 55 seconds.
[32m19:16:45 (71572) INFO Sandbox[39m Resetting your original files from .stryker-tmp/backup-VQcQy7.
