[32m13:24:34 (84783) INFO ProjectReader[39m Found 7 of 1134 file(s) to be mutated.
[32m13:24:34 (84783) INFO Instrumenter[39m Instrumented 7 source file(s) with 269 mutant(s)
[32m13:24:34 (84783) INFO ConcurrencyTokenProvider[39m Creating 5 test runner process(es).
[32m13:24:35 (84783) INFO Sandbox[39m In place mode is enabled, Stryker will be overriding YOUR files. Find your backup at: .stryker-tmp/backup-IYIbOE
[32m13:24:35 (84783) INFO BroadcastReporter[39m Detected that current console does not support the "progress" reporter, downgrading to "progress-append-only" reporter
[32m13:24:35 (84783) INFO DryRunExecutor[39m Starting initial test run (command test runner with "off" coverage analysis). This may take a while.
[32m13:24:47 (84783) INFO DryRunExecutor[39m Initial test run succeeded. Ran 1 tests in 12 seconds (net 12154 ms, overhead 0 ms).
Mutation testing 0% (elapsed: <1m, remaining: n/a) 0/269 tested (0 survived, 0 timed out)
Mutation testing 0% (elapsed: <1m, remaining: n/a) 0/269 tested (0 survived, 0 timed out)
Mutation testing 0% (elapsed: <1m, remaining: n/a) 0/269 tested (0 survived, 0 timed out)
Mutation testing 0% (elapsed: <1m, remaining: n/a) 0/269 tested (0 survived, 0 timed out)
Mutation testing 0% (elapsed: <1m, remaining: n/a) 0/269 tested (0 survived, 0 timed out)
Mutation testing 1% (elapsed: ~1m, remaining: ~52m) 5/269 tested (0 survived, 0 timed out)
Mutation testing 1% (elapsed: ~1m, remaining: ~1h 1m) 5/269 tested (0 survived, 0 timed out)
Mutation testing 1% (elapsed: ~1m, remaining: ~1h 10m) 5/269 tested (0 survived, 0 timed out)
Mutation testing 1% (elapsed: ~1m, remaining: ~1h 19m) 5/269 tested (0 survived, 0 timed out)
Mutation testing 1% (elapsed: ~1m, remaining: ~1h 28m) 5/269 tested (0 survived, 0 timed out)
Mutation testing 1% (elapsed: ~1m, remaining: ~1h 36m) 5/269 tested (0 survived, 0 timed out)
Mutation testing 3% (elapsed: ~2m, remaining: ~51m) 10/269 tested (3 survived, 0 timed out)
Mutation testing 3% (elapsed: ~2m, remaining: ~56m) 10/269 tested (3 survived, 0 timed out)
Mutation testing 3% (elapsed: ~2m, remaining: ~1h 0m) 10/269 tested (3 survived, 0 timed out)
Mutation testing 3% (elapsed: ~2m, remaining: ~1h 4m) 10/269 tested (3 survived, 0 timed out)
Mutation testing 3% (elapsed: ~2m, remaining: ~1h 9m) 10/269 tested (3 survived, 0 timed out)
Mutation testing 3% (elapsed: ~2m, remaining: ~1h 13m) 10/269 tested (3 survived, 0 timed out)
Mutation testing 5% (elapsed: ~3m, remaining: ~50m) 15/269 tested (4 survived, 0 timed out)
Mutation testing 5% (elapsed: ~3m, remaining: ~53m) 15/269 tested (4 survived, 0 timed out)
Mutation testing 5% (elapsed: ~3m, remaining: ~56m) 15/269 tested (4 survived, 0 timed out)
Mutation testing 5% (elapsed: ~3m, remaining: ~59m) 15/269 tested (4 survived, 0 timed out)
Mutation testing 5% (elapsed: ~3m, remaining: ~1h 2m) 15/269 tested (4 survived, 0 timed out)
Mutation testing 5% (elapsed: ~3m, remaining: ~1h 4m) 15/269 tested (4 survived, 0 timed out)
Mutation testing 7% (elapsed: ~4m, remaining: ~49m) 20/269 tested (6 survived, 0 timed out)
Mutation testing 7% (elapsed: ~4m, remaining: ~51m) 20/269 tested (6 survived, 0 timed out)
Mutation testing 7% (elapsed: ~4m, remaining: ~53m) 20/269 tested (6 survived, 0 timed out)
Mutation testing 7% (elapsed: ~4m, remaining: ~56m) 20/269 tested (6 survived, 0 timed out)
Mutation testing 7% (elapsed: ~4m, remaining: ~58m) 20/269 tested (6 survived, 0 timed out)
Mutation testing 7% (elapsed: ~4m, remaining: ~57m) 21/269 tested (6 survived, 0 timed out)
Mutation testing 9% (elapsed: ~5m, remaining: ~48m) 25/269 tested (7 survived, 0 timed out)
Mutation testing 9% (elapsed: ~5m, remaining: ~50m) 25/269 tested (7 survived, 0 timed out)
Mutation testing 9% (elapsed: ~5m, remaining: ~52m) 25/269 tested (7 survived, 0 timed out)
Mutation testing 9% (elapsed: ~5m, remaining: ~53m) 25/269 tested (7 survived, 0 timed out)
Mutation testing 9% (elapsed: ~5m, remaining: ~52m) 26/269 tested (7 survived, 0 timed out)
Mutation testing 10% (elapsed: ~5m, remaining: ~48m) 29/269 tested (7 survived, 0 timed out)
Mutation testing 11% (elapsed: ~6m, remaining: ~47m) 30/269 tested (7 survived, 0 timed out)
Mutation testing 11% (elapsed: ~6m, remaining: ~49m) 30/269 tested (7 survived, 0 timed out)
Mutation testing 11% (elapsed: ~6m, remaining: ~50m) 30/269 tested (7 survived, 0 timed out)
Mutation testing 11% (elapsed: ~6m, remaining: ~49m) 31/269 tested (7 survived, 0 timed out)
Mutation testing 11% (elapsed: ~6m, remaining: ~51m) 31/269 tested (7 survived, 0 timed out)
Mutation testing 13% (elapsed: ~6m, remaining: ~45m) 35/269 tested (8 survived, 0 timed out)
Mutation testing 13% (elapsed: ~7m, remaining: ~46m) 35/269 tested (8 survived, 0 timed out)
Mutation testing 13% (elapsed: ~7m, remaining: ~47m) 35/269 tested (8 survived, 0 timed out)
Mutation testing 13% (elapsed: ~7m, remaining: ~49m) 35/269 tested (8 survived, 0 timed out)
Mutation testing 13% (elapsed: ~7m, remaining: ~48m) 36/269 tested (9 survived, 0 timed out)
Mutation testing 14% (elapsed: ~7m, remaining: ~43m) 40/269 tested (9 survived, 0 timed out)
Mutation testing 14% (elapsed: ~7m, remaining: ~44m) 40/269 tested (9 survived, 0 timed out)
Mutation testing 14% (elapsed: ~8m, remaining: ~45m) 40/269 tested (9 survived, 0 timed out)
Mutation testing 14% (elapsed: ~8m, remaining: ~46m) 40/269 tested (9 survived, 0 timed out)
Mutation testing 15% (elapsed: ~8m, remaining: ~46m) 41/269 tested (9 survived, 0 timed out)
Mutation testing 15% (elapsed: ~8m, remaining: ~47m) 41/269 tested (9 survived, 0 timed out)
Mutation testing 16% (elapsed: ~8m, remaining: ~43m) 45/269 tested (11 survived, 0 timed out)
Mutation testing 16% (elapsed: ~8m, remaining: ~43m) 45/269 tested (11 survived, 0 timed out)
Mutation testing 16% (elapsed: ~9m, remaining: ~44m) 45/269 tested (11 survived, 0 timed out)
Mutation testing 16% (elapsed: ~9m, remaining: ~45m) 45/269 tested (11 survived, 0 timed out)
Mutation testing 17% (elapsed: ~9m, remaining: ~45m) 46/269 tested (12 survived, 0 timed out)
Mutation testing 18% (elapsed: ~9m, remaining: ~41m) 50/269 tested (12 survived, 0 timed out)
Mutation testing 18% (elapsed: ~9m, remaining: ~42m) 50/269 tested (12 survived, 0 timed out)
Mutation testing 18% (elapsed: ~9m, remaining: ~43m) 50/269 tested (12 survived, 0 timed out)
Mutation testing 18% (elapsed: ~10m, remaining: ~43m) 50/269 tested (12 survived, 0 timed out)
Mutation testing 18% (elapsed: ~10m, remaining: ~43m) 51/269 tested (12 survived, 0 timed out)
Mutation testing 20% (elapsed: ~10m, remaining: ~40m) 55/269 tested (12 survived, 0 timed out)
Mutation testing 20% (elapsed: ~10m, remaining: ~40m) 55/269 tested (12 survived, 0 timed out)
Mutation testing 20% (elapsed: ~10m, remaining: ~41m) 55/269 tested (12 survived, 0 timed out)
Mutation testing 20% (elapsed: ~10m, remaining: ~42m) 55/269 tested (12 survived, 0 timed out)
Mutation testing 20% (elapsed: ~11m, remaining: ~41m) 56/269 tested (12 survived, 0 timed out)
Mutation testing 20% (elapsed: ~11m, remaining: ~42m) 56/269 tested (12 survived, 0 timed out)
Mutation testing 22% (elapsed: ~11m, remaining: ~39m) 60/269 tested (12 survived, 0 timed out)
Mutation testing 22% (elapsed: ~11m, remaining: ~40m) 60/269 tested (12 survived, 0 timed out)
Mutation testing 22% (elapsed: ~11m, remaining: ~40m) 60/269 tested (12 survived, 0 timed out)
Mutation testing 22% (elapsed: ~11m, remaining: ~41m) 60/269 tested (12 survived, 0 timed out)
Mutation testing 22% (elapsed: ~12m, remaining: ~40m) 61/269 tested (12 survived, 0 timed out)
Mutation testing 24% (elapsed: ~12m, remaining: ~38m) 65/269 tested (13 survived, 0 timed out)
Mutation testing 24% (elapsed: ~12m, remaining: ~38m) 65/269 tested (13 survived, 0 timed out)
Mutation testing 24% (elapsed: ~12m, remaining: ~39m) 65/269 tested (13 survived, 0 timed out)
Mutation testing 24% (elapsed: ~12m, remaining: ~39m) 65/269 tested (13 survived, 0 timed out)
Mutation testing 24% (elapsed: ~12m, remaining: ~39m) 66/269 tested (14 survived, 0 timed out)
Mutation testing 24% (elapsed: ~13m, remaining: ~39m) 66/269 tested (14 survived, 0 timed out)
Mutation testing 26% (elapsed: ~13m, remaining: ~37m) 70/269 tested (15 survived, 0 timed out)
Mutation testing 26% (elapsed: ~13m, remaining: ~37m) 70/269 tested (15 survived, 0 timed out)
Mutation testing 26% (elapsed: ~13m, remaining: ~38m) 70/269 tested (15 survived, 0 timed out)
Mutation testing 26% (elapsed: ~13m, remaining: ~38m) 70/269 tested (15 survived, 0 timed out)
Mutation testing 26% (elapsed: ~13m, remaining: ~38m) 71/269 tested (15 survived, 0 timed out)
Mutation testing 27% (elapsed: ~14m, remaining: ~36m) 75/269 tested (16 survived, 0 timed out)
Mutation testing 27% (elapsed: ~14m, remaining: ~36m) 75/269 tested (16 survived, 0 timed out)
Mutation testing 27% (elapsed: ~14m, remaining: ~37m) 75/269 tested (16 survived, 0 timed out)
Mutation testing 27% (elapsed: ~14m, remaining: ~37m) 75/269 tested (16 survived, 0 timed out)
Mutation testing 28% (elapsed: ~14m, remaining: ~37m) 76/269 tested (16 survived, 0 timed out)
Mutation testing 29% (elapsed: ~14m, remaining: ~35m) 80/269 tested (16 survived, 0 timed out)
Mutation testing 29% (elapsed: ~15m, remaining: ~35m) 80/269 tested (16 survived, 0 timed out)
Mutation testing 29% (elapsed: ~15m, remaining: ~35m) 80/269 tested (16 survived, 0 timed out)
Mutation testing 29% (elapsed: ~15m, remaining: ~36m) 80/269 tested (16 survived, 0 timed out)
Mutation testing 30% (elapsed: ~15m, remaining: ~35m) 81/269 tested (16 survived, 0 timed out)
Mutation testing 30% (elapsed: ~15m, remaining: ~36m) 81/269 tested (16 survived, 0 timed out)
Mutation testing 31% (elapsed: ~15m, remaining: ~34m) 85/269 tested (17 survived, 0 timed out)
Mutation testing 31% (elapsed: ~16m, remaining: ~34m) 85/269 tested (17 survived, 0 timed out)
Mutation testing 31% (elapsed: ~16m, remaining: ~34m) 85/269 tested (17 survived, 0 timed out)
Mutation testing 31% (elapsed: ~16m, remaining: ~35m) 85/269 tested (17 survived, 0 timed out)
Mutation testing 31% (elapsed: ~16m, remaining: ~35m) 86/269 tested (18 survived, 0 timed out)
Mutation testing 33% (elapsed: ~16m, remaining: ~33m) 90/269 tested (18 survived, 0 timed out)
Mutation testing 33% (elapsed: ~16m, remaining: ~33m) 90/269 tested (18 survived, 0 timed out)
Mutation testing 33% (elapsed: ~17m, remaining: ~33m) 90/269 tested (18 survived, 0 timed out)
Mutation testing 33% (elapsed: ~17m, remaining: ~34m) 90/269 tested (18 survived, 0 timed out)
Mutation testing 33% (elapsed: ~17m, remaining: ~33m) 91/269 tested (18 survived, 0 timed out)
Mutation testing 33% (elapsed: ~17m, remaining: ~34m) 91/269 tested (18 survived, 0 timed out)
Mutation testing 35% (elapsed: ~17m, remaining: ~32m) 95/269 tested (19 survived, 0 timed out)
Mutation testing 35% (elapsed: ~17m, remaining: ~32m) 95/269 tested (19 survived, 0 timed out)
Mutation testing 35% (elapsed: ~18m, remaining: ~32m) 95/269 tested (19 survived, 0 timed out)
Mutation testing 35% (elapsed: ~18m, remaining: ~33m) 95/269 tested (19 survived, 0 timed out)
Mutation testing 35% (elapsed: ~18m, remaining: ~33m) 96/269 tested (19 survived, 0 timed out)
Mutation testing 37% (elapsed: ~18m, remaining: ~31m) 100/269 tested (20 survived, 0 timed out)
Mutation testing 37% (elapsed: ~18m, remaining: ~31m) 100/269 tested (20 survived, 0 timed out)
Mutation testing 37% (elapsed: ~18m, remaining: ~31m) 100/269 tested (20 survived, 0 timed out)
Mutation testing 37% (elapsed: ~19m, remaining: ~32m) 100/269 tested (20 survived, 0 timed out)
Mutation testing 37% (elapsed: ~19m, remaining: ~31m) 101/269 tested (20 survived, 0 timed out)
Mutation testing 39% (elapsed: ~19m, remaining: ~30m) 105/269 tested (20 survived, 0 timed out)
Mutation testing 39% (elapsed: ~19m, remaining: ~30m) 105/269 tested (20 survived, 0 timed out)
Mutation testing 39% (elapsed: ~19m, remaining: ~30m) 105/269 tested (20 survived, 0 timed out)
Mutation testing 39% (elapsed: ~19m, remaining: ~30m) 105/269 tested (20 survived, 0 timed out)
Mutation testing 39% (elapsed: ~20m, remaining: ~30m) 106/269 tested (20 survived, 0 timed out)
Mutation testing 39% (elapsed: ~20m, remaining: ~31m) 106/269 tested (20 survived, 0 timed out)
Mutation testing 40% (elapsed: ~20m, remaining: ~29m) 110/269 tested (20 survived, 0 timed out)
Mutation testing 40% (elapsed: ~20m, remaining: ~29m) 110/269 tested (20 survived, 0 timed out)
Mutation testing 40% (elapsed: ~20m, remaining: ~29m) 110/269 tested (20 survived, 0 timed out)
Mutation testing 40% (elapsed: ~20m, remaining: ~30m) 110/269 tested (20 survived, 0 timed out)
Mutation testing 41% (elapsed: ~21m, remaining: ~29m) 111/269 tested (20 survived, 0 timed out)
Mutation testing 42% (elapsed: ~21m, remaining: ~28m) 115/269 tested (20 survived, 0 timed out)
Mutation testing 42% (elapsed: ~21m, remaining: ~28m) 115/269 tested (20 survived, 0 timed out)
Mutation testing 42% (elapsed: ~21m, remaining: ~28m) 115/269 tested (20 survived, 0 timed out)
Mutation testing 42% (elapsed: ~21m, remaining: ~29m) 115/269 tested (20 survived, 0 timed out)
Mutation testing 43% (elapsed: ~21m, remaining: ~28m) 116/269 tested (20 survived, 0 timed out)
Mutation testing 43% (elapsed: ~22m, remaining: ~29m) 116/269 tested (20 survived, 0 timed out)
Mutation testing 44% (elapsed: ~22m, remaining: ~27m) 120/269 tested (21 survived, 0 timed out)
Mutation testing 44% (elapsed: ~22m, remaining: ~27m) 120/269 tested (21 survived, 0 timed out)
Mutation testing 44% (elapsed: ~22m, remaining: ~27m) 120/269 tested (21 survived, 0 timed out)
Mutation testing 44% (elapsed: ~22m, remaining: ~28m) 120/269 tested (21 survived, 0 timed out)
Mutation testing 44% (elapsed: ~22m, remaining: ~27m) 121/269 tested (21 survived, 0 timed out)
Mutation testing 46% (elapsed: ~23m, remaining: ~26m) 125/269 tested (23 survived, 0 timed out)
Mutation testing 46% (elapsed: ~23m, remaining: ~26m) 125/269 tested (23 survived, 0 timed out)
Mutation testing 46% (elapsed: ~23m, remaining: ~26m) 125/269 tested (23 survived, 0 timed out)
Mutation testing 46% (elapsed: ~23m, remaining: ~27m) 125/269 tested (23 survived, 0 timed out)
Mutation testing 46% (elapsed: ~23m, remaining: ~26m) 126/269 tested (23 survived, 0 timed out)
Mutation testing 46% (elapsed: ~23m, remaining: ~27m) 126/269 tested (23 survived, 0 timed out)
Mutation testing 48% (elapsed: ~24m, remaining: ~25m) 130/269 tested (25 survived, 0 timed out)
Mutation testing 48% (elapsed: ~24m, remaining: ~25m) 130/269 tested (25 survived, 0 timed out)
Mutation testing 48% (elapsed: ~24m, remaining: ~26m) 130/269 tested (25 survived, 0 timed out)
Mutation testing 48% (elapsed: ~24m, remaining: ~26m) 130/269 tested (25 survived, 0 timed out)
Mutation testing 48% (elapsed: ~24m, remaining: ~25m) 131/269 tested (26 survived, 0 timed out)
Mutation testing 50% (elapsed: ~24m, remaining: ~24m) 135/269 tested (26 survived, 0 timed out)
Mutation testing 50% (elapsed: ~25m, remaining: ~24m) 135/269 tested (26 survived, 0 timed out)
Mutation testing 50% (elapsed: ~25m, remaining: ~24m) 135/269 tested (26 survived, 0 timed out)
Mutation testing 50% (elapsed: ~25m, remaining: ~25m) 135/269 tested (26 survived, 0 timed out)
Mutation testing 50% (elapsed: ~25m, remaining: ~24m) 136/269 tested (26 survived, 0 timed out)
Mutation testing 50% (elapsed: ~25m, remaining: ~25m) 136/269 tested (26 survived, 0 timed out)
Mutation testing 52% (elapsed: ~25m, remaining: ~23m) 140/269 tested (26 survived, 0 timed out)
Mutation testing 52% (elapsed: ~26m, remaining: ~23m) 140/269 tested (26 survived, 0 timed out)
Mutation testing 52% (elapsed: ~26m, remaining: ~24m) 140/269 tested (26 survived, 0 timed out)
Mutation testing 52% (elapsed: ~26m, remaining: ~23m) 141/269 tested (26 survived, 0 timed out)
Mutation testing 52% (elapsed: ~26m, remaining: ~24m) 141/269 tested (26 survived, 0 timed out)
Mutation testing 53% (elapsed: ~26m, remaining: ~22m) 145/269 tested (26 survived, 0 timed out)
Mutation testing 53% (elapsed: ~26m, remaining: ~22m) 145/269 tested (26 survived, 0 timed out)
Mutation testing 53% (elapsed: ~27m, remaining: ~23m) 145/269 tested (26 survived, 0 timed out)
Mutation testing 53% (elapsed: ~27m, remaining: ~23m) 145/269 tested (26 survived, 0 timed out)
Mutation testing 54% (elapsed: ~27m, remaining: ~23m) 146/269 tested (26 survived, 0 timed out)
Mutation testing 55% (elapsed: ~27m, remaining: ~21m) 150/269 tested (26 survived, 0 timed out)
Mutation testing 55% (elapsed: ~27m, remaining: ~21m) 150/269 tested (26 survived, 0 timed out)
Mutation testing 55% (elapsed: ~27m, remaining: ~22m) 150/269 tested (26 survived, 0 timed out)
Mutation testing 55% (elapsed: ~28m, remaining: ~22m) 150/269 tested (26 survived, 0 timed out)
Mutation testing 56% (elapsed: ~28m, remaining: ~22m) 151/269 tested (26 survived, 0 timed out)
Mutation testing 56% (elapsed: ~28m, remaining: ~22m) 151/269 tested (26 survived, 0 timed out)
Mutation testing 57% (elapsed: ~28m, remaining: ~20m) 155/269 tested (26 survived, 0 timed out)
Mutation testing 57% (elapsed: ~28m, remaining: ~21m) 155/269 tested (26 survived, 0 timed out)
Mutation testing 57% (elapsed: ~28m, remaining: ~21m) 155/269 tested (26 survived, 0 timed out)
Mutation testing 57% (elapsed: ~29m, remaining: ~21m) 155/269 tested (26 survived, 0 timed out)
Mutation testing 57% (elapsed: ~29m, remaining: ~21m) 156/269 tested (27 survived, 0 timed out)
Mutation testing 59% (elapsed: ~29m, remaining: ~19m) 160/269 tested (29 survived, 0 timed out)
Mutation testing 59% (elapsed: ~29m, remaining: ~20m) 160/269 tested (29 survived, 0 timed out)
Mutation testing 59% (elapsed: ~29m, remaining: ~20m) 160/269 tested (29 survived, 0 timed out)
Mutation testing 59% (elapsed: ~29m, remaining: ~20m) 160/269 tested (29 survived, 0 timed out)
Mutation testing 59% (elapsed: ~30m, remaining: ~20m) 161/269 tested (30 survived, 0 timed out)
Mutation testing 61% (elapsed: ~30m, remaining: ~19m) 165/269 tested (30 survived, 0 timed out)
Mutation testing 61% (elapsed: ~30m, remaining: ~19m) 165/269 tested (30 survived, 0 timed out)
Mutation testing 61% (elapsed: ~30m, remaining: ~19m) 165/269 tested (30 survived, 0 timed out)
Mutation testing 61% (elapsed: ~30m, remaining: ~19m) 165/269 tested (30 survived, 0 timed out)
Mutation testing 61% (elapsed: ~30m, remaining: ~19m) 166/269 tested (30 survived, 0 timed out)
Mutation testing 61% (elapsed: ~31m, remaining: ~19m) 166/269 tested (30 survived, 0 timed out)
Mutation testing 63% (elapsed: ~31m, remaining: ~18m) 170/269 tested (30 survived, 0 timed out)
Mutation testing 63% (elapsed: ~31m, remaining: ~18m) 170/269 tested (30 survived, 0 timed out)
Mutation testing 63% (elapsed: ~31m, remaining: ~18m) 170/269 tested (30 survived, 0 timed out)
Mutation testing 63% (elapsed: ~31m, remaining: ~18m) 170/269 tested (30 survived, 0 timed out)
Mutation testing 63% (elapsed: ~31m, remaining: ~18m) 171/269 tested (30 survived, 0 timed out)
Mutation testing 65% (elapsed: ~32m, remaining: ~17m) 175/269 tested (30 survived, 0 timed out)
Mutation testing 65% (elapsed: ~32m, remaining: ~17m) 175/269 tested (30 survived, 0 timed out)
Mutation testing 65% (elapsed: ~32m, remaining: ~17m) 175/269 tested (30 survived, 0 timed out)
Mutation testing 65% (elapsed: ~32m, remaining: ~17m) 175/269 tested (30 survived, 0 timed out)
Mutation testing 65% (elapsed: ~32m, remaining: ~17m) 176/269 tested (30 survived, 0 timed out)
Mutation testing 65% (elapsed: ~32m, remaining: ~17m) 176/269 tested (30 survived, 0 timed out)
Mutation testing 66% (elapsed: ~33m, remaining: ~16m) 180/269 tested (30 survived, 0 timed out)
Mutation testing 66% (elapsed: ~33m, remaining: ~16m) 180/269 tested (30 survived, 0 timed out)
Mutation testing 66% (elapsed: ~33m, remaining: ~16m) 180/269 tested (30 survived, 0 timed out)
Mutation testing 66% (elapsed: ~33m, remaining: ~16m) 180/269 tested (30 survived, 0 timed out)
Mutation testing 67% (elapsed: ~33m, remaining: ~16m) 181/269 tested (30 survived, 0 timed out)
Mutation testing 68% (elapsed: ~33m, remaining: ~15m) 185/269 tested (30 survived, 0 timed out)
Mutation testing 68% (elapsed: ~34m, remaining: ~15m) 185/269 tested (30 survived, 0 timed out)
Mutation testing 68% (elapsed: ~34m, remaining: ~15m) 185/269 tested (30 survived, 0 timed out)
Mutation testing 68% (elapsed: ~34m, remaining: ~15m) 185/269 tested (30 survived, 0 timed out)
Mutation testing 69% (elapsed: ~34m, remaining: ~15m) 186/269 tested (30 survived, 0 timed out)
Mutation testing 69% (elapsed: ~34m, remaining: ~15m) 187/269 tested (30 survived, 0 timed out)
Mutation testing 70% (elapsed: ~34m, remaining: ~14m) 190/269 tested (30 survived, 0 timed out)
Mutation testing 70% (elapsed: ~35m, remaining: ~14m) 190/269 tested (30 survived, 0 timed out)
Mutation testing 70% (elapsed: ~35m, remaining: ~14m) 190/269 tested (30 survived, 0 timed out)
Mutation testing 71% (elapsed: ~35m, remaining: ~14m) 191/269 tested (30 survived, 0 timed out)
Mutation testing 71% (elapsed: ~35m, remaining: ~14m) 191/269 tested (30 survived, 0 timed out)
Mutation testing 72% (elapsed: ~35m, remaining: ~13m) 195/269 tested (30 survived, 0 timed out)
Mutation testing 72% (elapsed: ~35m, remaining: ~13m) 195/269 tested (30 survived, 0 timed out)
Mutation testing 72% (elapsed: ~36m, remaining: ~13m) 195/269 tested (30 survived, 0 timed out)
Mutation testing 72% (elapsed: ~36m, remaining: ~13m) 195/269 tested (30 survived, 0 timed out)
Mutation testing 72% (elapsed: ~36m, remaining: ~13m) 196/269 tested (30 survived, 0 timed out)
Mutation testing 74% (elapsed: ~36m, remaining: ~12m) 200/269 tested (30 survived, 0 timed out)
Mutation testing 74% (elapsed: ~36m, remaining: ~12m) 200/269 tested (30 survived, 0 timed out)
Mutation testing 74% (elapsed: ~36m, remaining: ~12m) 200/269 tested (30 survived, 0 timed out)
Mutation testing 74% (elapsed: ~37m, remaining: ~12m) 200/269 tested (30 survived, 0 timed out)
Mutation testing 74% (elapsed: ~37m, remaining: ~12m) 201/269 tested (30 survived, 0 timed out)
Mutation testing 76% (elapsed: ~37m, remaining: ~11m) 205/269 tested (30 survived, 0 timed out)
Mutation testing 76% (elapsed: ~37m, remaining: ~11m) 205/269 tested (30 survived, 0 timed out)
Mutation testing 76% (elapsed: ~37m, remaining: ~11m) 205/269 tested (30 survived, 0 timed out)
Mutation testing 76% (elapsed: ~37m, remaining: ~11m) 205/269 tested (30 survived, 0 timed out)
Mutation testing 76% (elapsed: ~38m, remaining: ~11m) 206/269 tested (30 survived, 0 timed out)
Mutation testing 76% (elapsed: ~38m, remaining: ~11m) 206/269 tested (30 survived, 0 timed out)
Mutation testing 78% (elapsed: ~38m, remaining: ~10m) 210/269 tested (32 survived, 0 timed out)
Mutation testing 78% (elapsed: ~38m, remaining: ~10m) 210/269 tested (32 survived, 0 timed out)
Mutation testing 78% (elapsed: ~38m, remaining: ~10m) 210/269 tested (32 survived, 0 timed out)
Mutation testing 78% (elapsed: ~38m, remaining: ~10m) 210/269 tested (32 survived, 0 timed out)
Mutation testing 78% (elapsed: ~39m, remaining: ~10m) 211/269 tested (32 survived, 0 timed out)
Mutation testing 79% (elapsed: ~39m, remaining: ~9m) 215/269 tested (32 survived, 0 timed out)
Mutation testing 79% (elapsed: ~39m, remaining: ~9m) 215/269 tested (32 survived, 0 timed out)
Mutation testing 79% (elapsed: ~39m, remaining: ~9m) 215/269 tested (32 survived, 0 timed out)
Mutation testing 79% (elapsed: ~39m, remaining: ~9m) 215/269 tested (32 survived, 0 timed out)
Mutation testing 80% (elapsed: ~39m, remaining: ~9m) 216/269 tested (32 survived, 0 timed out)
Mutation testing 80% (elapsed: ~40m, remaining: ~9m) 216/269 tested (32 survived, 0 timed out)
Mutation testing 81% (elapsed: ~40m, remaining: ~8m) 220/269 tested (32 survived, 0 timed out)
Mutation testing 81% (elapsed: ~40m, remaining: ~8m) 220/269 tested (32 survived, 0 timed out)
Mutation testing 81% (elapsed: ~40m, remaining: ~9m) 220/269 tested (32 survived, 0 timed out)
Mutation testing 81% (elapsed: ~40m, remaining: ~9m) 220/269 tested (32 survived, 0 timed out)
Mutation testing 82% (elapsed: ~40m, remaining: ~8m) 221/269 tested (32 survived, 0 timed out)
Mutation testing 83% (elapsed: ~41m, remaining: ~8m) 225/269 tested (32 survived, 0 timed out)
Mutation testing 83% (elapsed: ~41m, remaining: ~8m) 225/269 tested (32 survived, 0 timed out)
Mutation testing 83% (elapsed: ~41m, remaining: ~8m) 225/269 tested (32 survived, 0 timed out)
Mutation testing 83% (elapsed: ~41m, remaining: ~8m) 225/269 tested (32 survived, 0 timed out)
Mutation testing 84% (elapsed: ~41m, remaining: ~7m) 226/269 tested (32 survived, 0 timed out)
Mutation testing 84% (elapsed: ~41m, remaining: ~7m) 226/269 tested (32 survived, 0 timed out)
Mutation testing 85% (elapsed: ~42m, remaining: ~7m) 230/269 tested (32 survived, 0 timed out)
Mutation testing 85% (elapsed: ~42m, remaining: ~7m) 230/269 tested (32 survived, 0 timed out)
Mutation testing 85% (elapsed: ~42m, remaining: ~7m) 230/269 tested (32 survived, 0 timed out)
Mutation testing 85% (elapsed: ~42m, remaining: ~7m) 230/269 tested (32 survived, 0 timed out)
Mutation testing 85% (elapsed: ~42m, remaining: ~7m) 231/269 tested (32 survived, 0 timed out)
Mutation testing 87% (elapsed: ~42m, remaining: ~6m) 235/269 tested (32 survived, 0 timed out)
Mutation testing 87% (elapsed: ~43m, remaining: ~6m) 235/269 tested (32 survived, 0 timed out)
Mutation testing 87% (elapsed: ~43m, remaining: ~6m) 235/269 tested (32 survived, 0 timed out)
Mutation testing 87% (elapsed: ~43m, remaining: ~6m) 235/269 tested (32 survived, 0 timed out)
Mutation testing 87% (elapsed: ~43m, remaining: ~6m) 236/269 tested (32 survived, 0 timed out)
Mutation testing 88% (elapsed: ~43m, remaining: ~5m) 238/269 tested (32 survived, 0 timed out)
Mutation testing 89% (elapsed: ~43m, remaining: ~5m) 240/269 tested (32 survived, 0 timed out)
Mutation testing 89% (elapsed: ~44m, remaining: ~5m) 240/269 tested (32 survived, 0 timed out)
Mutation testing 89% (elapsed: ~44m, remaining: ~5m) 240/269 tested (32 survived, 0 timed out)
Mutation testing 89% (elapsed: ~44m, remaining: ~5m) 240/269 tested (32 survived, 0 timed out)
Mutation testing 89% (elapsed: ~44m, remaining: ~5m) 241/269 tested (32 survived, 0 timed out)
Mutation testing 91% (elapsed: ~44m, remaining: ~4m) 245/269 tested (32 survived, 0 timed out)
Mutation testing 91% (elapsed: ~44m, remaining: ~4m) 245/269 tested (32 survived, 0 timed out)
Mutation testing 91% (elapsed: ~45m, remaining: ~4m) 245/269 tested (32 survived, 0 timed out)
Mutation testing 91% (elapsed: ~45m, remaining: ~4m) 245/269 tested (32 survived, 0 timed out)
Mutation testing 91% (elapsed: ~45m, remaining: ~4m) 246/269 tested (32 survived, 0 timed out)
Mutation testing 92% (elapsed: ~45m, remaining: ~3m) 250/269 tested (32 survived, 0 timed out)
Mutation testing 92% (elapsed: ~45m, remaining: ~3m) 250/269 tested (32 survived, 0 timed out)
Mutation testing 92% (elapsed: ~45m, remaining: ~3m) 250/269 tested (32 survived, 0 timed out)
Mutation testing 92% (elapsed: ~46m, remaining: ~3m) 250/269 tested (32 survived, 0 timed out)
Mutation testing 93% (elapsed: ~46m, remaining: ~3m) 251/269 tested (32 survived, 0 timed out)
Mutation testing 93% (elapsed: ~46m, remaining: ~3m) 251/269 tested (32 survived, 0 timed out)
Mutation testing 94% (elapsed: ~46m, remaining: ~2m) 255/269 tested (32 survived, 0 timed out)
Mutation testing 94% (elapsed: ~46m, remaining: ~2m) 255/269 tested (32 survived, 0 timed out)
Mutation testing 94% (elapsed: ~46m, remaining: ~2m) 255/269 tested (32 survived, 0 timed out)
Mutation testing 94% (elapsed: ~47m, remaining: ~2m) 255/269 tested (32 survived, 0 timed out)
Mutation testing 95% (elapsed: ~47m, remaining: ~2m) 256/269 tested (32 survived, 0 timed out)
Mutation testing 96% (elapsed: ~47m, remaining: ~1m) 260/269 tested (32 survived, 0 timed out)
Mutation testing 96% (elapsed: ~47m, remaining: ~1m) 260/269 tested (32 survived, 0 timed out)
Mutation testing 96% (elapsed: ~47m, remaining: ~1m) 260/269 tested (32 survived, 0 timed out)
Mutation testing 96% (elapsed: ~47m, remaining: ~1m) 260/269 tested (32 survived, 0 timed out)
Mutation testing 97% (elapsed: ~48m, remaining: ~1m) 261/269 tested (32 survived, 0 timed out)
Mutation testing 97% (elapsed: ~48m, remaining: ~1m) 261/269 tested (32 survived, 0 timed out)
Mutation testing 98% (elapsed: ~48m, remaining: <1m) 265/269 tested (33 survived, 0 timed out)
Mutation testing 98% (elapsed: ~48m, remaining: <1m) 265/269 tested (33 survived, 0 timed out)
Mutation testing 98% (elapsed: ~48m, remaining: <1m) 265/269 tested (33 survived, 0 timed out)

All tests
  ✓ All tests (killed 234)

[Survived] Regex
scripts/lib/conversation-reads.mjs:39:23
-   const CITATION_PATH = /^\*\*Path:\*\* `vault\/([^`]+)` \|/gm;
+   const CITATION_PATH = /\*\*Path:\*\* `vault\/([^`]+)` \|/gm;

[Survived] Regex
scripts/lib/conversation-reads.mjs:42:21
-   const FRONTMATTER = /^---\r?\n([\s\S]*?)\r?\n---(?:\r?\n|$)/;
+   const FRONTMATTER = /---\r?\n([\s\S]*?)\r?\n---(?:\r?\n|$)/;

[Survived] Regex
scripts/lib/conversation-reads.mjs:42:21
-   const FRONTMATTER = /^---\r?\n([\s\S]*?)\r?\n---(?:\r?\n|$)/;
+   const FRONTMATTER = /^---\r?\n([\s\S]*?)\r?\n---(?:\r?\n)/;

[Survived] Regex
scripts/lib/conversation-reads.mjs:43:22
-   const UNIVERSE_KEY = /^universe:[ \t]*(.*?)[ \t]*\r?$/m;
+   const UNIVERSE_KEY = /^universe:[ \t](.*?)[ \t]*\r?$/m;

[Survived] StringLiteral
scripts/lib/conversation-reads.mjs:60:39
-     if (!Array.isArray(content)) return "";
+     if (!Array.isArray(content)) return "Stryker was here!";

[Survived] ConditionalExpression
scripts/lib/conversation-reads.mjs:61:30
-     return content.map((c) => (typeof c?.text === "string" ? c.text : "")).join("\n");
+     return content.map((c) => (true ? c.text : "")).join("\n");

[Survived] OptionalChaining
scripts/lib/conversation-reads.mjs:61:37
-     return content.map((c) => (typeof c?.text === "string" ? c.text : "")).join("\n");
+     return content.map((c) => (typeof c.text === "string" ? c.text : "")).join("\n");

[Survived] StringLiteral
scripts/lib/conversation-reads.mjs:61:69
-     return content.map((c) => (typeof c?.text === "string" ? c.text : "")).join("\n");
+     return content.map((c) => (typeof c?.text === "string" ? c.text : "Stryker was here!")).join("\n");

[Survived] StringLiteral
scripts/lib/conversation-reads.mjs:61:79
-     return content.map((c) => (typeof c?.text === "string" ? c.text : "")).join("\n");
+     return content.map((c) => (typeof c?.text === "string" ? c.text : "")).join("");

[Survived] StringLiteral
scripts/lib/conversation-reads.mjs:70:35
-     const name = String(toolName ?? "");
+     const name = String(toolName ?? "Stryker was here!");

[Survived] StringLiteral
scripts/lib/conversation-reads.mjs:83:31
-     const block = String(raw ?? "").match(FRONTMATTER);
+     const block = String(raw ?? "Stryker was here!").match(FRONTMATTER);

[Survived] MethodExpression
scripts/lib/conversation-reads.mjs:84:20
-     const declared = block?.[1].match(UNIVERSE_KEY)?.[1].replace(/^(["'])(.*)\1$/, "$2").trim();
+     const declared = block?.[1].match(UNIVERSE_KEY)?.[1].replace(/^(["'])(.*)\1$/, "$2");

[Survived] Regex
scripts/lib/conversation-reads.mjs:84:64
-     const declared = block?.[1].match(UNIVERSE_KEY)?.[1].replace(/^(["'])(.*)\1$/, "$2").trim();
+     const declared = block?.[1].match(UNIVERSE_KEY)?.[1].replace(/(["'])(.*)\1$/, "$2").trim();

[Survived] Regex
scripts/lib/conversation-reads.mjs:84:64
-     const declared = block?.[1].match(UNIVERSE_KEY)?.[1].replace(/^(["'])(.*)\1$/, "$2").trim();
+     const declared = block?.[1].match(UNIVERSE_KEY)?.[1].replace(/^(["'])(.*)\1/, "$2").trim();

[Survived] ArrowFunction
scripts/lib/universe-persist.mjs:98:76
-   export function runSwitchCliPersisted(io, dir, argv, { git, sleep, reads = () => null }) {
+   export function runSwitchCliPersisted(io, dir, argv, { git, sleep, reads = () => undefined }) {

[Survived] ArrowFunction
scripts/lib/universes.mjs:135:55
-   export function runSwitchCli(io, dir, argv, { reads = () => null } = {}) {
+   export function runSwitchCli(io, dir, argv, { reads = () => undefined } = {}) {

[Survived] ConditionalExpression
scripts/conversation-reads.mjs:54:12
-       return path && existsSync(path) ? parseReads(readFileSync(path, "utf8")) : null;
+       return true ? parseReads(readFileSync(path, "utf8")) : null;

[Survived] LogicalOperator
scripts/conversation-reads.mjs:54:12
-       return path && existsSync(path) ? parseReads(readFileSync(path, "utf8")) : null;
+       return path || existsSync(path) ? parseReads(readFileSync(path, "utf8")) : null;

[Survived] StringLiteral
scripts/conversation-reads.mjs:54:69
-       return path && existsSync(path) ? parseReads(readFileSync(path, "utf8")) : null;
+       return path && existsSync(path) ? parseReads(readFileSync(path, "")) : null;

[Survived] BlockStatement
scripts/conversation-reads.mjs:55:11
-     } catch {
-       return null;
-     }
+     } catch {}

[Survived] StringLiteral
scripts/conversation-reads.mjs:66:58
-       writeFileSync(path, renameInReads(readFileSync(path, "utf8"), from, to));
+       writeFileSync(path, renameInReads(readFileSync(path, ""), from, to));

[Survived] StringLiteral
scripts/conversation-reads.mjs:70:71
-   const fsIo = { existsSync, readFileSync: (path) => readFileSync(path, "utf8") };
+   const fsIo = { existsSync, readFileSync: (path) => readFileSync(path, "") };

[Survived] StringLiteral
scripts/conversation-reads.mjs:73:36
-     readInput: () => readFileSync(0, "utf8"),
+     readInput: () => readFileSync(0, ""),

[Survived] StringLiteral
scripts/conversation-reads.mjs:84:33
-         return readFileSync(path, "utf8");
+         return readFileSync(path, "");

[Survived] BlockStatement
scripts/conversation-reads.mjs:85:13
-       } catch {
-         return null;
-       }
+       } catch {}

[Survived] ObjectLiteral
scripts/conversation-reads.mjs:94:74
-       for (const name of sessionsToPrune(entries)) rmSync(join(dir, name), { force: true });
+       for (const name of sessionsToPrune(entries)) rmSync(join(dir, name), {});

[Survived] BooleanLiteral
scripts/conversation-reads.mjs:94:83
-       for (const name of sessionsToPrune(entries)) rmSync(join(dir, name), { force: true });
+       for (const name of sessionsToPrune(entries)) rmSync(join(dir, name), { force: false });

[Survived] StringLiteral
scripts/conversation-reads.mjs:96:64
-     readRecord: (path) => (existsSync(path) ? readFileSync(path, "utf8") : null),
+     readRecord: (path) => (existsSync(path) ? readFileSync(path, "") : null),

[Survived] ConditionalExpression
scripts/conversation-reads.mjs:114:9
-       if (known === null || !deps.isMultiverse(brainDir)) return 0;
+       if (false || !deps.isMultiverse(brainDir)) return 0;

[Survived] MethodExpression
scripts/conversation-reads.mjs:116:7
-         citedNotePaths({ toolName: input.tool_name, toolInput: input.tool_input, toolResponse: input.tool_response })
-           .map((rel) => deps.readNote(brainDir, rel))
-           .filter((raw) => raw !== null)
+         citedNotePaths({
+     toolName: input.tool_name,
+     toolInput: input.tool_input,
+     toolResponse: input.tool_response
+   }).map(rel => deps.readNote(brainDir, rel))

[Survived] ConditionalExpression
scripts/conversation-reads.mjs:118:26
-           .filter((raw) => raw !== null)
+           .filter((raw) => true)

[Survived] ConditionalExpression
scripts/conversation-reads.mjs:122:9
-       if (text) deps.appendRecord(path, text);
+       if (true) deps.appendRecord(path, text);

[Survived] BlockStatement
scripts/rename-universe.mjs:149:50
-       renameConversationReads: (root, from, to) => {
-         try {
-           renameConversationReads(root, from, to);
-         } catch {
-           // The worst it costs is one /switch naming the old slug.
-         }
-       },
+       renameConversationReads: (root, from, to) => {},

[Survived] BlockStatement
scripts/rename-universe.mjs:150:11
-         try {
-           renameConversationReads(root, from, to);
-         } catch {
+         try {} catch {

[Survived] ArrowFunction
scripts/set-active-universe.mjs:60:27
-       reads: deps.reads ?? (() => null),
+       reads: deps.reads ?? (() => undefined),

Ran 1.00 tests per mutant on average.
-------------------------|------------------|----------|-----------|------------|----------|----------|
                         | % Mutation score |          |           |            |          |          |
File                     |  total | covered | # killed | # timeout | # survived | # no cov | # errors |
-------------------------|--------|---------|----------|-----------|------------|----------|----------|
All files                |  86.99 |   86.99 |      234 |         0 |         35 |        0 |        0 |
 lib                     |  91.53 |   91.53 |      173 |         0 |         16 |        0 |        0 |
  conversation-reads.mjs |  89.15 |   89.15 |      115 |         0 |         14 |        0 |        0 |
  hooks-reconcile.mjs    | 100.00 |  100.00 |        3 |         0 |          0 |        0 |        0 |
  universe-persist.mjs   |  50.00 |   50.00 |        1 |         0 |          1 |        0 |        0 |
  universes.mjs          |  98.18 |   98.18 |       54 |         0 |          1 |        0 |        0 |
 conversation-reads.mjs  |  78.67 |   78.67 |       59 |         0 |         16 |        0 |        0 |
 rename-universe.mjs     |   0.00 |    0.00 |        0 |         0 |          2 |        0 |        0 |
 set-active-universe.mjs |  66.67 |   66.67 |        2 |         0 |          1 |        0 |        0 |
-------------------------|--------|---------|----------|-----------|------------|----------|----------|
[32m14:13:37 (84783) INFO MutationTestExecutor[39m Done in 49 minutes and 2 seconds.
[32m14:13:37 (84783) INFO Sandbox[39m Resetting your original files from .stryker-tmp/backup-IYIbOE.
