[32m23:28:22 (21736) INFO ProjectReader[39m Found 1 of 769 file(s) to be mutated.
[32m23:28:22 (21736) INFO Instrumenter[39m Instrumented 1 source file(s) with 57 mutant(s)
[32m23:28:22 (21736) INFO ConcurrencyTokenProvider[39m Creating 5 test runner process(es).
[32m23:28:22 (21736) INFO Sandbox[39m In place mode is enabled, Stryker will be overriding YOUR files. Find your backup at: .stryker-tmp/backup-GYJQ8v
[32m23:28:22 (21736) INFO BroadcastReporter[39m Detected that current console does not support the "progress" reporter, downgrading to "progress-append-only" reporter
[32m23:28:22 (21736) INFO DryRunExecutor[39m Starting initial test run (command test runner with "off" coverage analysis). This may take a while.
[32m23:28:25 (21736) INFO DryRunExecutor[39m Initial test run succeeded. Ran 1 tests in 2 seconds (net 2532 ms, overhead 1 ms).
Mutation testing 0% (elapsed: <1m, remaining: n/a) 0/57 tested (0 survived, 0 timed out)
Mutation testing 8% (elapsed: <1m, remaining: ~3m) 5/57 tested (0 survived, 0 timed out)
Mutation testing 17% (elapsed: <1m, remaining: ~2m) 10/57 tested (0 survived, 0 timed out)
Mutation testing 26% (elapsed: <1m, remaining: ~1m) 15/57 tested (0 survived, 0 timed out)
Mutation testing 35% (elapsed: <1m, remaining: ~1m) 20/57 tested (0 survived, 0 timed out)
Mutation testing 43% (elapsed: ~1m, remaining: ~1m) 25/57 tested (0 survived, 0 timed out)
Mutation testing 52% (elapsed: ~1m, remaining: ~1m) 30/57 tested (0 survived, 0 timed out)
Mutation testing 61% (elapsed: ~1m, remaining: <1m) 35/57 tested (0 survived, 0 timed out)
Mutation testing 70% (elapsed: ~1m, remaining: <1m) 40/57 tested (0 survived, 0 timed out)
Mutation testing 78% (elapsed: ~1m, remaining: <1m) 45/57 tested (0 survived, 0 timed out)
Mutation testing 87% (elapsed: ~1m, remaining: <1m) 50/57 tested (0 survived, 0 timed out)

All tests
  ✓ All tests (killed 57)

Ran 1.00 tests per mutant on average.
------------------|------------------|----------|-----------|------------|----------|----------|
                  | % Mutation score |          |           |            |          |          |
File              |  total | covered | # killed | # timeout | # survived | # no cov | # errors |
------------------|--------|---------|----------|-----------|------------|----------|----------|
All files         | 100.00 |  100.00 |       57 |         0 |          0 |        0 |        0 |
 engine-merge.mjs | 100.00 |  100.00 |       57 |         0 |          0 |        0 |        0 |
------------------|--------|---------|----------|-----------|------------|----------|----------|
[32m23:30:22 (21736) INFO MutationTestExecutor[39m Done in 1 minute and 59 seconds.
[32m23:30:22 (21736) INFO Sandbox[39m Resetting your original files from .stryker-tmp/backup-GYJQ8v.
