[32m22:42:46 (75806) INFO ProjectReader[39m Found 1 of 837 file(s) to be mutated.
[32m22:42:46 (75806) INFO Instrumenter[39m Instrumented 1 source file(s) with 79 mutant(s)
[32m22:42:46 (75806) INFO ConcurrencyTokenProvider[39m Creating 5 test runner process(es).
[32m22:42:46 (75806) INFO Sandbox[39m In place mode is enabled, Stryker will be overriding YOUR files. Find your backup at: .stryker-tmp/backup-b54C36
[32m22:42:46 (75806) INFO BroadcastReporter[39m Detected that current console does not support the "progress" reporter, downgrading to "progress-append-only" reporter
[32m22:42:46 (75806) INFO DryRunExecutor[39m Starting initial test run (command test runner with "off" coverage analysis). This may take a while.
[32m22:42:49 (75806) INFO DryRunExecutor[39m Initial test run succeeded. Ran 1 tests in 2 seconds (net 2937 ms, overhead 0 ms).
Mutation testing 0% (elapsed: <1m, remaining: n/a) 0/79 tested (0 survived, 0 timed out)
Mutation testing 6% (elapsed: <1m, remaining: ~4m) 5/79 tested (0 survived, 0 timed out)
Mutation testing 6% (elapsed: <1m, remaining: ~7m) 5/79 tested (0 survived, 0 timed out)
Mutation testing 12% (elapsed: <1m, remaining: ~4m) 10/79 tested (0 survived, 0 timed out)
Mutation testing 18% (elapsed: <1m, remaining: ~3m) 15/79 tested (0 survived, 0 timed out)
Mutation testing 20% (elapsed: ~1m, remaining: ~3m) 16/79 tested (0 survived, 0 timed out)
Mutation testing 26% (elapsed: ~1m, remaining: ~3m) 21/79 tested (0 survived, 0 timed out)
Mutation testing 32% (elapsed: ~1m, remaining: ~2m) 26/79 tested (0 survived, 0 timed out)
Mutation testing 37% (elapsed: ~1m, remaining: ~2m) 30/79 tested (0 survived, 0 timed out)
Mutation testing 39% (elapsed: ~1m, remaining: ~2m) 31/79 tested (0 survived, 0 timed out)
Mutation testing 45% (elapsed: ~1m, remaining: ~2m) 36/79 tested (0 survived, 0 timed out)
Mutation testing 51% (elapsed: ~2m, remaining: ~1m) 41/79 tested (1 survived, 0 timed out)
Mutation testing 56% (elapsed: ~2m, remaining: ~1m) 45/79 tested (1 survived, 0 timed out)
Mutation testing 59% (elapsed: ~2m, remaining: ~1m) 47/79 tested (1 survived, 0 timed out)
Mutation testing 64% (elapsed: ~2m, remaining: ~1m) 51/79 tested (1 survived, 0 timed out)
Mutation testing 69% (elapsed: ~2m, remaining: ~1m) 55/79 tested (1 survived, 0 timed out)
Mutation testing 75% (elapsed: ~2m, remaining: <1m) 60/79 tested (1 survived, 1 timed out)
Mutation testing 77% (elapsed: ~3m, remaining: <1m) 61/79 tested (1 survived, 1 timed out)
Mutation testing 83% (elapsed: ~3m, remaining: <1m) 66/79 tested (1 survived, 1 timed out)
Mutation testing 89% (elapsed: ~3m, remaining: <1m) 71/79 tested (1 survived, 1 timed out)
Mutation testing 96% (elapsed: ~3m, remaining: <1m) 76/79 tested (1 survived, 1 timed out)

All tests
  ✓ All tests (killed 77)

[Survived] Regex
scripts/lib/locale-drift.mjs:83:17
-         const m = /^templates\/([^/]+)\/(.+)$/.exec(sourcePath);
+         const m = /^templates\/([^/]+)\/(.+)/.exec(sourcePath);

Ran 0.99 tests per mutant on average.
------------------|------------------|----------|-----------|------------|----------|----------|
                  | % Mutation score |          |           |            |          |          |
File              |  total | covered | # killed | # timeout | # survived | # no cov | # errors |
------------------|--------|---------|----------|-----------|------------|----------|----------|
All files         |  98.73 |   98.73 |       77 |         1 |          1 |        0 |        0 |
 locale-drift.mjs |  98.73 |   98.73 |       77 |         1 |          1 |        0 |        0 |
------------------|--------|---------|----------|-----------|------------|----------|----------|
[32m22:46:24 (75806) INFO MutationTestExecutor[39m Done in 3 minutes and 38 seconds.
[32m22:46:24 (75806) INFO Sandbox[39m Resetting your original files from .stryker-tmp/backup-b54C36.
