[32m08:34:05 (70076) INFO ProjectReader[39m Found 1 of 1032 file(s) to be mutated.
[32m08:34:05 (70076) INFO Instrumenter[39m Instrumented 1 source file(s) with 6 mutant(s)
[32m08:34:05 (70076) INFO ConcurrencyTokenProvider[39m Creating 5 test runner process(es).
[32m08:34:05 (70076) INFO Sandbox[39m In place mode is enabled, Stryker will be overriding YOUR files. Find your backup at: .stryker-tmp/backup-IS7Y6f
[32m08:34:05 (70076) INFO BroadcastReporter[39m Detected that current console does not support the "progress" reporter, downgrading to "progress-append-only" reporter
[32m08:34:05 (70076) INFO DryRunExecutor[39m Starting initial test run (command test runner with "off" coverage analysis). This may take a while.
[32m08:34:15 (70076) INFO DryRunExecutor[39m Initial test run succeeded. Ran 1 tests in 9 seconds (net 9907 ms, overhead 1 ms).
Mutation testing 0% (elapsed: <1m, remaining: n/a) 0/6 tested (0 survived, 0 timed out)
Mutation testing 0% (elapsed: <1m, remaining: n/a) 0/6 tested (0 survived, 0 timed out)
Mutation testing 0% (elapsed: <1m, remaining: n/a) 0/6 tested (0 survived, 0 timed out)
Mutation testing 50% (elapsed: <1m, remaining: <1m) 3/6 tested (0 survived, 0 timed out)

All tests
  ✓ All tests (killed 6)

Ran 1.00 tests per mutant on average.
------------------|------------------|----------|-----------|------------|----------|----------|
                  | % Mutation score |          |           |            |          |          |
File              |  total | covered | # killed | # timeout | # survived | # no cov | # errors |
------------------|--------|---------|----------|-----------|------------|----------|----------|
All files         | 100.00 |  100.00 |        6 |         0 |          0 |        0 |        0 |
 wiki-lint-io.mjs | 100.00 |  100.00 |        6 |         0 |          0 |        0 |        0 |
------------------|--------|---------|----------|-----------|------------|----------|----------|
[32m08:35:05 (70076) INFO MutationTestExecutor[39m Done in 1 minute and 0 seconds.
[32m08:35:05 (70076) INFO Sandbox[39m Resetting your original files from .stryker-tmp/backup-IS7Y6f.
