[32m01:27:53 (48508) INFO ProjectReader[39m Found 1 of 779 file(s) to be mutated.
[32m01:27:53 (48508) INFO Instrumenter[39m Instrumented 1 source file(s) with 16 mutant(s)
[32m01:27:53 (48508) INFO ConcurrencyTokenProvider[39m Creating 5 test runner process(es).
[32m01:27:53 (48508) INFO Sandbox[39m In place mode is enabled, Stryker will be overriding YOUR files. Find your backup at: .stryker-tmp/backup-kpfFjN
[32m01:27:53 (48508) INFO BroadcastReporter[39m Detected that current console does not support the "progress" reporter, downgrading to "progress-append-only" reporter
[32m01:27:53 (48508) INFO DryRunExecutor[39m Starting initial test run (command test runner with "off" coverage analysis). This may take a while.
[32m01:27:55 (48508) INFO DryRunExecutor[39m Initial test run succeeded. Ran 1 tests in 2 seconds (net 2196 ms, overhead 0 ms).
Mutation testing 0% (elapsed: <1m, remaining: n/a) 0/16 tested (0 survived, 0 timed out)
Mutation testing 31% (elapsed: <1m, remaining: <1m) 5/16 tested (0 survived, 0 timed out)
Mutation testing 62% (elapsed: <1m, remaining: <1m) 10/16 tested (0 survived, 0 timed out)

All tests
  ✓ All tests (killed 16)

Ran 1.00 tests per mutant on average.
---------------------------|------------------|----------|-----------|------------|----------|----------|
                           | % Mutation score |          |           |            |          |          |
File                       |  total | covered | # killed | # timeout | # survived | # no cov | # errors |
---------------------------|--------|---------|----------|-----------|------------|----------|----------|
All files                  | 100.00 |  100.00 |       16 |         0 |          0 |        0 |        0 |
 engine-script-refresh.mjs | 100.00 |  100.00 |       16 |         0 |          0 |        0 |        0 |
---------------------------|--------|---------|----------|-----------|------------|----------|----------|
[32m01:28:29 (48508) INFO MutationTestExecutor[39m Done in 36 seconds.
[32m01:28:29 (48508) INFO Sandbox[39m Resetting your original files from .stryker-tmp/backup-kpfFjN.
