[32m00:32:10 (8290) INFO ProjectReader[39m Found 1 of 858 file(s) to be mutated.
[32m00:32:10 (8290) INFO Instrumenter[39m Instrumented 1 source file(s) with 60 mutant(s)
[32m00:32:10 (8290) INFO ConcurrencyTokenProvider[39m Creating 5 test runner process(es).
[32m00:32:11 (8290) INFO Sandbox[39m In place mode is enabled, Stryker will be overriding YOUR files. Find your backup at: .stryker-tmp/backup-SRsZP5
[32m00:32:11 (8290) INFO BroadcastReporter[39m Detected that current console does not support the "progress" reporter, downgrading to "progress-append-only" reporter
[32m00:32:11 (8290) INFO DryRunExecutor[39m Starting initial test run (command test runner with "off" coverage analysis). This may take a while.
[32m00:32:14 (8290) INFO DryRunExecutor[39m Initial test run succeeded. Ran 1 tests in 3 seconds (net 3096 ms, overhead 0 ms).
Mutation testing 0% (elapsed: <1m, remaining: n/a) 0/60 tested (0 survived, 0 timed out)
Mutation testing 8% (elapsed: <1m, remaining: ~3m) 5/60 tested (0 survived, 0 timed out)
Mutation testing 8% (elapsed: <1m, remaining: ~5m) 5/60 tested (0 survived, 0 timed out)
Mutation testing 16% (elapsed: <1m, remaining: ~3m) 10/60 tested (0 survived, 0 timed out)
Mutation testing 16% (elapsed: <1m, remaining: ~4m) 10/60 tested (0 survived, 0 timed out)
Mutation testing 25% (elapsed: ~1m, remaining: ~3m) 15/60 tested (0 survived, 0 timed out)
Mutation testing 33% (elapsed: ~1m, remaining: ~2m) 20/60 tested (0 survived, 0 timed out)
Mutation testing 35% (elapsed: ~1m, remaining: ~2m) 21/60 tested (0 survived, 0 timed out)
Mutation testing 41% (elapsed: ~1m, remaining: ~2m) 25/60 tested (0 survived, 0 timed out)
Mutation testing 50% (elapsed: ~1m, remaining: ~1m) 30/60 tested (0 survived, 0 timed out)
Mutation testing 58% (elapsed: ~1m, remaining: ~1m) 35/60 tested (0 survived, 0 timed out)
Mutation testing 60% (elapsed: ~2m, remaining: ~1m) 36/60 tested (0 survived, 0 timed out)
Mutation testing 68% (elapsed: ~2m, remaining: ~1m) 41/60 tested (0 survived, 0 timed out)
Mutation testing 75% (elapsed: ~2m, remaining: <1m) 45/60 tested (0 survived, 0 timed out)
Mutation testing 76% (elapsed: ~2m, remaining: <1m) 46/60 tested (0 survived, 0 timed out)
Mutation testing 85% (elapsed: ~2m, remaining: <1m) 51/60 tested (0 survived, 0 timed out)
Mutation testing 93% (elapsed: ~2m, remaining: <1m) 56/60 tested (0 survived, 0 timed out)

All tests
  ✓ All tests (killed 60)

Ran 1.00 tests per mutant on average.
-----------------------|------------------|----------|-----------|------------|----------|----------|
                       | % Mutation score |          |           |            |          |          |
File                   |  total | covered | # killed | # timeout | # survived | # no cov | # errors |
-----------------------|--------|---------|----------|-----------|------------|----------|----------|
All files              | 100.00 |  100.00 |       60 |         0 |          0 |        0 |        0 |
 adopt-engine-file.mjs | 100.00 |  100.00 |       60 |         0 |          0 |        0 |        0 |
-----------------------|--------|---------|----------|-----------|------------|----------|----------|
[32m00:35:13 (8290) INFO MutationTestExecutor[39m Done in 3 minutes and 3 seconds.
[32m00:35:13 (8290) INFO Sandbox[39m Resetting your original files from .stryker-tmp/backup-SRsZP5.
