[32m00:50:31 (27691) INFO ProjectReader[39m Found 1 of 773 file(s) to be mutated.
[32m00:50:31 (27691) INFO Instrumenter[39m Instrumented 1 source file(s) with 55 mutant(s)
[32m00:50:31 (27691) INFO ConcurrencyTokenProvider[39m Creating 5 test runner process(es).
[32m00:50:31 (27691) INFO Sandbox[39m In place mode is enabled, Stryker will be overriding YOUR files. Find your backup at: .stryker-tmp/backup-TBYNvM
[32m00:50:31 (27691) INFO BroadcastReporter[39m Detected that current console does not support the "progress" reporter, downgrading to "progress-append-only" reporter
[32m00:50:31 (27691) INFO DryRunExecutor[39m Starting initial test run (command test runner with "off" coverage analysis). This may take a while.
[32m00:50:33 (27691) INFO DryRunExecutor[39m Initial test run succeeded. Ran 1 tests in 2 seconds (net 2074 ms, overhead 0 ms).
Mutation testing 0% (elapsed: <1m, remaining: n/a) 0/55 tested (0 survived, 0 timed out)
Mutation testing 9% (elapsed: <1m, remaining: ~3m) 5/55 tested (0 survived, 0 timed out)
Mutation testing 18% (elapsed: <1m, remaining: ~2m) 10/55 tested (0 survived, 0 timed out)
Mutation testing 27% (elapsed: <1m, remaining: ~1m) 15/55 tested (0 survived, 0 timed out)
Mutation testing 36% (elapsed: <1m, remaining: ~1m) 20/55 tested (0 survived, 0 timed out)
Mutation testing 45% (elapsed: ~1m, remaining: ~1m) 25/55 tested (0 survived, 0 timed out)
Mutation testing 54% (elapsed: ~1m, remaining: <1m) 30/55 tested (0 survived, 0 timed out)
Mutation testing 65% (elapsed: ~1m, remaining: <1m) 36/55 tested (0 survived, 0 timed out)
Mutation testing 76% (elapsed: ~1m, remaining: <1m) 42/55 tested (0 survived, 0 timed out)
Mutation testing 85% (elapsed: ~1m, remaining: <1m) 47/55 tested (0 survived, 0 timed out)

All tests
  ✓ All tests (killed 54)

[Survived] BooleanLiteral
scripts/lib/engine-merge-git.mjs:97:43
-       rmSync(dir, { recursive: true, force: true });
+       rmSync(dir, { recursive: true, force: false });

Ran 1.00 tests per mutant on average.
----------------------|------------------|----------|-----------|------------|----------|----------|
                      | % Mutation score |          |           |            |          |          |
File                  |  total | covered | # killed | # timeout | # survived | # no cov | # errors |
----------------------|--------|---------|----------|-----------|------------|----------|----------|
All files             |  98.18 |   98.18 |       54 |         0 |          1 |        0 |        0 |
 engine-merge-git.mjs |  98.18 |   98.18 |       54 |         0 |          1 |        0 |        0 |
----------------------|--------|---------|----------|-----------|------------|----------|----------|
[32m00:52:23 (27691) INFO MutationTestExecutor[39m Done in 1 minute and 52 seconds.
[32m00:52:23 (27691) INFO Sandbox[39m Resetting your original files from .stryker-tmp/backup-TBYNvM.
