[32m02:30:59 (8534) INFO ProjectReader[39m Found 1 of 780 file(s) to be mutated.
[32m02:30:59 (8534) INFO Instrumenter[39m Instrumented 1 source file(s) with 297 mutant(s)
[32m02:30:59 (8534) INFO ConcurrencyTokenProvider[39m Creating 5 test runner process(es).
[32m02:30:59 (8534) INFO Sandbox[39m In place mode is enabled, Stryker will be overriding YOUR files. Find your backup at: .stryker-tmp/backup-CS2uTU
[32m02:30:59 (8534) INFO BroadcastReporter[39m Detected that current console does not support the "progress" reporter, downgrading to "progress-append-only" reporter
[32m02:30:59 (8534) INFO DryRunExecutor[39m Starting initial test run (command test runner with "off" coverage analysis). This may take a while.
[32m02:31:02 (8534) INFO DryRunExecutor[39m Initial test run succeeded. Ran 1 tests in 2 seconds (net 2225 ms, overhead 1 ms).
Mutation testing 0% (elapsed: <1m, remaining: n/a) 0/297 tested (0 survived, 0 timed out)
Mutation testing 1% (elapsed: <1m, remaining: ~19m) 5/297 tested (0 survived, 0 timed out)
Mutation testing 3% (elapsed: <1m, remaining: ~14m) 10/297 tested (0 survived, 0 timed out)
Mutation testing 5% (elapsed: <1m, remaining: ~12m) 15/297 tested (0 survived, 0 timed out)
Mutation testing 6% (elapsed: <1m, remaining: ~11m) 20/297 tested (0 survived, 0 timed out)
Mutation testing 8% (elapsed: ~1m, remaining: ~10m) 25/297 tested (0 survived, 0 timed out)
Mutation testing 10% (elapsed: ~1m, remaining: ~10m) 30/297 tested (0 survived, 0 timed out)
Mutation testing 11% (elapsed: ~1m, remaining: ~9m) 35/297 tested (0 survived, 0 timed out)
Mutation testing 13% (elapsed: ~1m, remaining: ~9m) 40/297 tested (0 survived, 0 timed out)
Mutation testing 15% (elapsed: ~1m, remaining: ~9m) 45/297 tested (0 survived, 0 timed out)
Mutation testing 16% (elapsed: ~1m, remaining: ~9m) 50/297 tested (0 survived, 0 timed out)
Mutation testing 18% (elapsed: ~2m, remaining: ~8m) 55/297 tested (0 survived, 0 timed out)
Mutation testing 20% (elapsed: ~2m, remaining: ~8m) 61/297 tested (0 survived, 0 timed out)
Mutation testing 22% (elapsed: ~2m, remaining: ~8m) 66/297 tested (0 survived, 0 timed out)
Mutation testing 23% (elapsed: ~2m, remaining: ~7m) 71/297 tested (0 survived, 0 timed out)
Mutation testing 25% (elapsed: ~2m, remaining: ~7m) 77/297 tested (0 survived, 0 timed out)
Mutation testing 27% (elapsed: ~2m, remaining: ~7m) 82/297 tested (0 survived, 0 timed out)
Mutation testing 29% (elapsed: ~3m, remaining: ~7m) 88/297 tested (2 survived, 0 timed out)
Mutation testing 31% (elapsed: ~3m, remaining: ~6m) 93/297 tested (2 survived, 0 timed out)
Mutation testing 33% (elapsed: ~3m, remaining: ~6m) 99/297 tested (2 survived, 0 timed out)
Mutation testing 35% (elapsed: ~3m, remaining: ~6m) 105/297 tested (2 survived, 0 timed out)
Mutation testing 37% (elapsed: ~3m, remaining: ~6m) 110/297 tested (2 survived, 0 timed out)
Mutation testing 38% (elapsed: ~3m, remaining: ~6m) 115/297 tested (2 survived, 0 timed out)
Mutation testing 40% (elapsed: ~4m, remaining: ~5m) 120/297 tested (2 survived, 0 timed out)
Mutation testing 42% (elapsed: ~4m, remaining: ~5m) 125/297 tested (2 survived, 0 timed out)
Mutation testing 43% (elapsed: ~4m, remaining: ~5m) 130/297 tested (2 survived, 0 timed out)
Mutation testing 45% (elapsed: ~4m, remaining: ~5m) 135/297 tested (2 survived, 0 timed out)
Mutation testing 47% (elapsed: ~4m, remaining: ~5m) 140/297 tested (2 survived, 0 timed out)
Mutation testing 48% (elapsed: ~4m, remaining: ~5m) 145/297 tested (2 survived, 0 timed out)
Mutation testing 50% (elapsed: ~5m, remaining: ~4m) 150/297 tested (2 survived, 0 timed out)
Mutation testing 52% (elapsed: ~5m, remaining: ~4m) 155/297 tested (2 survived, 0 timed out)
Mutation testing 53% (elapsed: ~5m, remaining: ~4m) 160/297 tested (2 survived, 0 timed out)
Mutation testing 55% (elapsed: ~5m, remaining: ~4m) 165/297 tested (2 survived, 0 timed out)
Mutation testing 57% (elapsed: ~5m, remaining: ~4m) 170/297 tested (2 survived, 0 timed out)
Mutation testing 59% (elapsed: ~5m, remaining: ~4m) 176/297 tested (2 survived, 0 timed out)
Mutation testing 60% (elapsed: ~6m, remaining: ~3m) 181/297 tested (2 survived, 0 timed out)
Mutation testing 62% (elapsed: ~6m, remaining: ~3m) 186/297 tested (2 survived, 0 timed out)
Mutation testing 64% (elapsed: ~6m, remaining: ~3m) 191/297 tested (2 survived, 0 timed out)
Mutation testing 65% (elapsed: ~6m, remaining: ~3m) 196/297 tested (2 survived, 0 timed out)
Mutation testing 67% (elapsed: ~6m, remaining: ~3m) 201/297 tested (2 survived, 0 timed out)
Mutation testing 69% (elapsed: ~6m, remaining: ~2m) 207/297 tested (2 survived, 0 timed out)
Mutation testing 71% (elapsed: ~7m, remaining: ~2m) 212/297 tested (2 survived, 0 timed out)
Mutation testing 73% (elapsed: ~7m, remaining: ~2m) 217/297 tested (2 survived, 0 timed out)
Mutation testing 74% (elapsed: ~7m, remaining: ~2m) 222/297 tested (2 survived, 0 timed out)
Mutation testing 76% (elapsed: ~7m, remaining: ~2m) 227/297 tested (2 survived, 0 timed out)
Mutation testing 78% (elapsed: ~7m, remaining: ~2m) 232/297 tested (2 survived, 0 timed out)
Mutation testing 79% (elapsed: ~7m, remaining: ~1m) 237/297 tested (3 survived, 0 timed out)
Mutation testing 81% (elapsed: ~8m, remaining: ~1m) 243/297 tested (3 survived, 0 timed out)
Mutation testing 83% (elapsed: ~8m, remaining: ~1m) 248/297 tested (3 survived, 0 timed out)
Mutation testing 85% (elapsed: ~8m, remaining: ~1m) 253/297 tested (3 survived, 0 timed out)
Mutation testing 87% (elapsed: ~8m, remaining: ~1m) 259/297 tested (3 survived, 0 timed out)
Mutation testing 88% (elapsed: ~8m, remaining: ~1m) 264/297 tested (4 survived, 0 timed out)
Mutation testing 90% (elapsed: ~8m, remaining: <1m) 270/297 tested (4 survived, 0 timed out)
Mutation testing 92% (elapsed: ~9m, remaining: <1m) 275/297 tested (4 survived, 0 timed out)
Mutation testing 94% (elapsed: ~9m, remaining: <1m) 280/297 tested (4 survived, 0 timed out)
Mutation testing 95% (elapsed: ~9m, remaining: <1m) 285/297 tested (4 survived, 0 timed out)
Mutation testing 97% (elapsed: ~9m, remaining: <1m) 291/297 tested (4 survived, 0 timed out)

All tests
  ✓ All tests (killed 293)

[Survived] ArrayDeclaration
scripts/update-engine.mjs:162:167
-     const { ref, engineVersion, copied, regenerated, reindexed, reindexReason, vaultNoteCount, committed, installedSkills = [], skillsRefreshed = [], skillsPreserved = [], skillsMerged = [], conflicts = [], scriptsRefreshed = [], scriptsPreserved = [], scriptsMerged = [], scriptConflicts = [], mcpServersAdded = [], hooksAdded = [], hooksRepaired = [], statusLineRemoved = false, pointerUnignored = false } = report;
+     const { ref, engineVersion, copied, regenerated, reindexed, reindexReason, vaultNoteCount, committed, installedSkills = [], skillsRefreshed = [], skillsPreserved = ["Stryker was here"], skillsMerged = [], conflicts = [], scriptsRefreshed = [], scriptsPreserved = [], scriptsMerged = [], scriptConflicts = [], mcpServersAdded = [], hooksAdded = [], hooksRepaired = [], statusLineRemoved = false, pointerUnignored = false } = report;

[Survived] ArrayDeclaration
scripts/update-engine.mjs:162:248
-     const { ref, engineVersion, copied, regenerated, reindexed, reindexReason, vaultNoteCount, committed, installedSkills = [], skillsRefreshed = [], skillsPreserved = [], skillsMerged = [], conflicts = [], scriptsRefreshed = [], scriptsPreserved = [], scriptsMerged = [], scriptConflicts = [], mcpServersAdded = [], hooksAdded = [], hooksRepaired = [], statusLineRemoved = false, pointerUnignored = false } = report;
+     const { ref, engineVersion, copied, regenerated, reindexed, reindexReason, vaultNoteCount, committed, installedSkills = [], skillsRefreshed = [], skillsPreserved = [], skillsMerged = [], conflicts = [], scriptsRefreshed = [], scriptsPreserved = ["Stryker was here"], scriptsMerged = [], scriptConflicts = [], mcpServersAdded = [], hooksAdded = [], hooksRepaired = [], statusLineRemoved = false, pointerUnignored = false } = report;

[Survived] StringLiteral
scripts/update-engine.mjs:339:55
-     const local = JSON.parse(readFileSync(manifestPath, "utf8"));
+     const local = JSON.parse(readFileSync(manifestPath, ""));

[Survived] StringLiteral
scripts/update-engine.mjs:541:86
-     const { source } = JSON.parse(readFileSync(join(brainDir, "engine-manifest.json"), "utf8"));
+     const { source } = JSON.parse(readFileSync(join(brainDir, "engine-manifest.json"), ""));

Ran 1.00 tests per mutant on average.
-------------------|------------------|----------|-----------|------------|----------|----------|
                   | % Mutation score |          |           |            |          |          |
File               |  total | covered | # killed | # timeout | # survived | # no cov | # errors |
-------------------|--------|---------|----------|-----------|------------|----------|----------|
All files          |  98.65 |   98.65 |      293 |         0 |          4 |        0 |        0 |
 update-engine.mjs |  98.65 |   98.65 |      293 |         0 |          4 |        0 |        0 |
-------------------|--------|---------|----------|-----------|------------|----------|----------|
[32m02:40:40 (8534) INFO MutationTestExecutor[39m Done in 9 minutes and 41 seconds.
[32m02:40:40 (8534) INFO Sandbox[39m Resetting your original files from .stryker-tmp/backup-CS2uTU.
