[32m08:54:22 (95101) INFO ProjectReader[39m Found 1 of 870 file(s) to be mutated.
[32m08:54:22 (95101) INFO Instrumenter[39m Instrumented 1 source file(s) with 10 mutant(s)
[32m08:54:22 (95101) INFO ConcurrencyTokenProvider[39m Creating 5 test runner process(es).
[32m08:54:22 (95101) INFO Sandbox[39m In place mode is enabled, Stryker will be overriding YOUR files. Find your backup at: .stryker-tmp/backup-Hcftfg
[32m08:54:22 (95101) INFO BroadcastReporter[39m Detected that current console does not support the "progress" reporter, downgrading to "progress-append-only" reporter
[32m08:54:22 (95101) INFO DryRunExecutor[39m Starting initial test run (command test runner with "off" coverage analysis). This may take a while.
[32m08:54:26 (95101) INFO DryRunExecutor[39m Initial test run succeeded. Ran 1 tests in 3 seconds (net 3605 ms, overhead 0 ms).
Mutation testing 0% (elapsed: <1m, remaining: n/a) 0/10 tested (0 survived, 0 timed out)
Mutation testing 0% (elapsed: <1m, remaining: n/a) 0/10 tested (0 survived, 0 timed out)
Mutation testing 50% (elapsed: <1m, remaining: <1m) 5/10 tested (0 survived, 0 timed out)
Mutation testing 50% (elapsed: <1m, remaining: <1m) 5/10 tested (0 survived, 0 timed out)

All tests
  ✓ All tests (killed 10)

Ran 1.00 tests per mutant on average.
---------------------|------------------|----------|-----------|------------|----------|----------|
                     | % Mutation score |          |           |            |          |          |
File                 |  total | covered | # killed | # timeout | # survived | # no cov | # errors |
---------------------|--------|---------|----------|-----------|------------|----------|----------|
All files            | 100.00 |  100.00 |       10 |         0 |          0 |        0 |        0 |
 engine-ancestor.mjs | 100.00 |  100.00 |       10 |         0 |          0 |        0 |        0 |
---------------------|--------|---------|----------|-----------|------------|----------|----------|
[32m08:55:09 (95101) INFO MutationTestExecutor[39m Done in 46 seconds.
[32m08:55:09 (95101) INFO Sandbox[39m Resetting your original files from .stryker-tmp/backup-Hcftfg.
