[32m09:43:46 (85985) INFO ProjectReader[39m Found 1 of 875 file(s) to be mutated.
[32m09:43:46 (85985) INFO Instrumenter[39m Instrumented 1 source file(s) with 9 mutant(s)
[32m09:43:46 (85985) INFO ConcurrencyTokenProvider[39m Creating 5 test runner process(es).
[32m09:43:46 (85985) INFO Sandbox[39m In place mode is enabled, Stryker will be overriding YOUR files. Find your backup at: .stryker-tmp/backup-1gg730
[32m09:43:46 (85985) INFO BroadcastReporter[39m Detected that current console does not support the "progress" reporter, downgrading to "progress-append-only" reporter
[32m09:43:46 (85985) INFO DryRunExecutor[39m Starting initial test run (command test runner with "off" coverage analysis). This may take a while.
[32m09:43:50 (85985) INFO DryRunExecutor[39m Initial test run succeeded. Ran 1 tests in 3 seconds (net 3553 ms, overhead 0 ms).
Mutation testing 0% (elapsed: <1m, remaining: n/a) 0/9 tested (0 survived, 0 timed out)
Mutation testing 0% (elapsed: <1m, remaining: n/a) 0/9 tested (0 survived, 0 timed out)
Mutation testing 55% (elapsed: <1m, remaining: <1m) 5/9 tested (0 survived, 0 timed out)

All tests
  ✓ All tests (killed 9)

Ran 1.00 tests per mutant on average.
------------------|------------------|----------|-----------|------------|----------|----------|
                  | % Mutation score |          |           |            |          |          |
File              |  total | covered | # killed | # timeout | # survived | # no cov | # errors |
------------------|--------|---------|----------|-----------|------------|----------|----------|
All files         | 100.00 |  100.00 |        9 |         0 |          0 |        0 |        0 |
 engine-fetch.mjs | 100.00 |  100.00 |        9 |         0 |          0 |        0 |        0 |
------------------|--------|---------|----------|-----------|------------|----------|----------|
[32m09:44:28 (85985) INFO MutationTestExecutor[39m Done in 42 seconds.
[32m09:44:28 (85985) INFO Sandbox[39m Resetting your original files from .stryker-tmp/backup-1gg730.
