[32m22:24:26 (9837) INFO ProjectReader[39m Found 2 of 1102 file(s) to be mutated.
[32m22:24:26 (9837) INFO Instrumenter[39m Instrumented 2 source file(s) with 23 mutant(s)
[32m22:24:26 (9837) INFO ConcurrencyTokenProvider[39m Creating 5 test runner process(es).
[32m22:24:26 (9837) INFO Sandbox[39m In place mode is enabled, Stryker will be overriding YOUR files. Find your backup at: .stryker-tmp/backup-F9fPWW
[32m22:24:26 (9837) INFO BroadcastReporter[39m Detected that current console does not support the "progress" reporter, downgrading to "progress-append-only" reporter
[32m22:24:26 (9837) INFO DryRunExecutor[39m Starting initial test run (command test runner with "off" coverage analysis). This may take a while.
[32m22:24:27 (9837) INFO DryRunExecutor[39m Initial test run succeeded. Ran 1 tests in 1 second (net 1152 ms, overhead 1 ms).
Mutation testing 21% (elapsed: <1m, remaining: <1m) 5/23 tested (0 survived, 0 timed out)
Mutation testing 43% (elapsed: <1m, remaining: <1m) 10/23 tested (0 survived, 0 timed out)
Mutation testing 69% (elapsed: <1m, remaining: <1m) 16/23 tested (0 survived, 0 timed out)

All tests
  ✓ All tests (killed 23)

Ran 1.00 tests per mutant on average.
---------------------|------------------|----------|-----------|------------|----------|----------|
                     | % Mutation score |          |           |            |          |          |
File                 |  total | covered | # killed | # timeout | # survived | # no cov | # errors |
---------------------|--------|---------|----------|-----------|------------|----------|----------|
All files            | 100.00 |  100.00 |       23 |         0 |          0 |        0 |        0 |
 reconcile-brain.mjs | 100.00 |  100.00 |        2 |         0 |          0 |        0 |        0 |
 staged-skills.mjs   | 100.00 |  100.00 |       21 |         0 |          0 |        0 |        0 |
---------------------|--------|---------|----------|-----------|------------|----------|----------|
[32m22:25:03 (9837) INFO MutationTestExecutor[39m Done in 36 seconds.
[32m22:25:03 (9837) INFO Sandbox[39m Resetting your original files from .stryker-tmp/backup-F9fPWW.
