[32m09:07:10 (14433) INFO ProjectReader[39m Found 1 of 800 file(s) to be mutated.
[32m09:07:10 (14433) INFO Instrumenter[39m Instrumented 1 source file(s) with 10 mutant(s)
[32m09:07:10 (14433) INFO ConcurrencyTokenProvider[39m Creating 5 test runner process(es).
[32m09:07:10 (14433) INFO Sandbox[39m In place mode is enabled, Stryker will be overriding YOUR files. Find your backup at: .stryker-tmp/backup-eS0nKl
[32m09:07:10 (14433) INFO BroadcastReporter[39m Detected that current console does not support the "progress" reporter, downgrading to "progress-append-only" reporter
[32m09:07:10 (14433) INFO DryRunExecutor[39m Starting initial test run (command test runner with "off" coverage analysis). This may take a while.
[32m09:07:12 (14433) INFO DryRunExecutor[39m Initial test run succeeded. Ran 1 tests in 2 seconds (net 2238 ms, overhead 1 ms).
Mutation testing 0% (elapsed: <1m, remaining: n/a) 0/10 tested (0 survived, 0 timed out)
Mutation testing 50% (elapsed: <1m, remaining: <1m) 5/10 tested (0 survived, 0 timed out)

All tests
  ✓ All tests (killed 10)

Ran 1.00 tests per mutant on average.
-----------------------------|------------------|----------|-----------|------------|----------|----------|
                             | % Mutation score |          |           |            |          |          |
File                         |  total | covered | # killed | # timeout | # survived | # no cov | # errors |
-----------------------------|--------|---------|----------|-----------|------------|----------|----------|
All files                    | 100.00 |  100.00 |       10 |         0 |          0 |        0 |        0 |
 engine-doctrine-refresh.mjs | 100.00 |  100.00 |       10 |         0 |          0 |        0 |        0 |
-----------------------------|--------|---------|----------|-----------|------------|----------|----------|
[32m09:07:35 (14433) INFO MutationTestExecutor[39m Done in 24 seconds.
[32m09:07:35 (14433) INFO Sandbox[39m Resetting your original files from .stryker-tmp/backup-eS0nKl.
