[32m00:09:15 (73141) INFO ProjectReader[39m Found 1 of 853 file(s) to be mutated.
[32m00:09:15 (73141) INFO Instrumenter[39m Instrumented 1 source file(s) with 60 mutant(s)
[32m00:09:15 (73141) INFO ConcurrencyTokenProvider[39m Creating 5 test runner process(es).
[32m00:09:15 (73141) INFO Sandbox[39m In place mode is enabled, Stryker will be overriding YOUR files. Find your backup at: .stryker-tmp/backup-C5EyzW
[32m00:09:15 (73141) INFO BroadcastReporter[39m Detected that current console does not support the "progress" reporter, downgrading to "progress-append-only" reporter
[32m00:09:15 (73141) INFO DryRunExecutor[39m Starting initial test run (command test runner with "off" coverage analysis). This may take a while.
[32m00:09:18 (73141) INFO DryRunExecutor[39m Initial test run succeeded. Ran 1 tests in 3 seconds (net 3057 ms, overhead 1 ms).
Mutation testing 0% (elapsed: <1m, remaining: n/a) 0/60 tested (0 survived, 0 timed out)
Mutation testing 8% (elapsed: <1m, remaining: ~3m) 5/60 tested (0 survived, 0 timed out)
Mutation testing 8% (elapsed: <1m, remaining: ~5m) 5/60 tested (0 survived, 0 timed out)
Mutation testing 16% (elapsed: <1m, remaining: ~3m) 10/60 tested (0 survived, 0 timed out)
Mutation testing 16% (elapsed: <1m, remaining: ~4m) 10/60 tested (0 survived, 0 timed out)
Mutation testing 25% (elapsed: ~1m, remaining: ~3m) 15/60 tested (0 survived, 0 timed out)
Mutation testing 33% (elapsed: ~1m, remaining: ~2m) 20/60 tested (0 survived, 0 timed out)
Mutation testing 33% (elapsed: ~1m, remaining: ~2m) 20/60 tested (0 survived, 0 timed out)
Mutation testing 41% (elapsed: ~1m, remaining: ~2m) 25/60 tested (0 survived, 0 timed out)
Mutation testing 41% (elapsed: ~1m, remaining: ~2m) 25/60 tested (0 survived, 0 timed out)
Mutation testing 50% (elapsed: ~1m, remaining: ~1m) 30/60 tested (1 survived, 0 timed out)
Mutation testing 58% (elapsed: ~2m, remaining: ~1m) 35/60 tested (1 survived, 0 timed out)
Mutation testing 60% (elapsed: ~2m, remaining: ~1m) 36/60 tested (1 survived, 0 timed out)
Mutation testing 68% (elapsed: ~2m, remaining: ~1m) 41/60 tested (1 survived, 0 timed out)
Mutation testing 75% (elapsed: ~2m, remaining: <1m) 45/60 tested (2 survived, 0 timed out)
Mutation testing 78% (elapsed: ~2m, remaining: <1m) 47/60 tested (2 survived, 0 timed out)
Mutation testing 85% (elapsed: ~2m, remaining: <1m) 51/60 tested (3 survived, 0 timed out)
Mutation testing 93% (elapsed: ~3m, remaining: <1m) 56/60 tested (4 survived, 0 timed out)

All tests
  ✓ All tests (killed 56)

[Survived] StringLiteral
scripts/lib/engine-adopt.mjs:66:47
-     const candidate = readFileSync(sidecarPath, "utf8");
+     const candidate = readFileSync(sidecarPath, "");

[Survived] StringLiteral
scripts/lib/engine-adopt.mjs:86:58
-     const manifest = JSON.parse(readFileSync(manifestPath, "utf8"));
+     const manifest = JSON.parse(readFileSync(manifestPath, ""));

[Survived] LogicalOperator
scripts/lib/engine-adopt.mjs:95:55
-         provenance: reseedProvenance({ priorProvenance: manifest.provenance ?? {}, manifest, deliveredFileMap }),
+         provenance: reseedProvenance({ priorProvenance: manifest.provenance && {}, manifest, deliveredFileMap }),

[Survived] LogicalOperator
scripts/lib/engine-adopt.mjs:97:24
-           priorBaseRefs: manifest.baseRefs ?? {},
+           priorBaseRefs: manifest.baseRefs && {},

Ran 1.00 tests per mutant on average.
------------------|------------------|----------|-----------|------------|----------|----------|
                  | % Mutation score |          |           |            |          |          |
File              |  total | covered | # killed | # timeout | # survived | # no cov | # errors |
------------------|--------|---------|----------|-----------|------------|----------|----------|
All files         |  93.33 |   93.33 |       56 |         0 |          4 |        0 |        0 |
 engine-adopt.mjs |  93.33 |   93.33 |       56 |         0 |          4 |        0 |        0 |
------------------|--------|---------|----------|-----------|------------|----------|----------|
[32m00:12:25 (73141) INFO MutationTestExecutor[39m Done in 3 minutes and 9 seconds.
[32m00:12:25 (73141) INFO Sandbox[39m Resetting your original files from .stryker-tmp/backup-C5EyzW.
