11:00:55 (74213) INFO ProjectReader Found 1 of 750 file(s) to be mutated.
11:00:55 (74213) INFO Instrumenter Instrumented 1 source file(s) with 154 mutant(s)
11:00:55 (74213) INFO ConcurrencyTokenProvider Creating 5 test runner process(es).
11:00:55 (74213) INFO Sandbox In place mode is enabled, Stryker will be overriding YOUR files. Find your backup at: .stryker-tmp/backup-IIOit3
11:00:55 (74213) INFO BroadcastReporter Detected that current console does not support the "progress" reporter, downgrading to "progress-append-only" reporter
11:00:55 (74213) INFO DryRunExecutor Starting initial test run (command test runner with "off" coverage analysis). This may take a while.
11:00:57 (74213) INFO DryRunExecutor Initial test run succeeded. Ran 1 tests in 2 seconds (net 2046 ms, overhead 0 ms).

All tests
  ✓ All tests (killed 148)

[Survived] BlockStatement
scripts/session-status.mjs:138:44
-   function realOpenDatabase(dbPath, options) {
-     const require = createRequire(join(REPO, "rag", "package.json"));
-     const Database = require("better-sqlite3");
-     return new Database(dbPath, options);
-   }
+   function realOpenDatabase(dbPath, options) {}

[Survived] StringLiteral
scripts/session-status.mjs:139:44
-     const require = createRequire(join(REPO, "rag", "package.json"));
+     const require = createRequire(join(REPO, "", "package.json"));

[Survived] StringLiteral
scripts/session-status.mjs:139:51
-     const require = createRequire(join(REPO, "rag", "package.json"));
+     const require = createRequire(join(REPO, "rag", ""));

[Survived] ArrowFunction
scripts/session-status.mjs:234:48
-     const markerIo = { existsSync, readFileSync: (p) => readFileSync(p, "utf8"), writeFileSync, mkdirSync };
+     const markerIo = { existsSync, readFileSync: () => undefined, writeFileSync, mkdirSync };

[Survived] StringLiteral
scripts/session-status.mjs:234:71
-     const markerIo = { existsSync, readFileSync: (p) => readFileSync(p, "utf8"), writeFileSync, mkdirSync };
+     const markerIo = { existsSync, readFileSync: (p) => readFileSync(p, ""), writeFileSync, mkdirSync };

[Survived] ArrayDeclaration
scripts/session-status.mjs:250:9
-         : [];
+         : ["Stryker was here"];

Ran 1.00 tests per mutant on average.
--------------------|------------------|----------|-----------|------------|----------|----------|
                    | % Mutation score |          |           |            |          |          |
File                |  total | covered | # killed | # timeout | # survived | # no cov | # errors |
--------------------|--------|---------|----------|-----------|------------|----------|----------|
All files           |  96.10 |   96.10 |      148 |         0 |          6 |        0 |        0 |
 session-status.mjs |  96.10 |   96.10 |      148 |         0 |          6 |        0 |        0 |
--------------------|--------|---------|----------|-----------|------------|----------|----------|
11:05:38 (74213) INFO MutationTestExecutor Done in 4 minutes and 43 seconds.
11:05:38 (74213) INFO Sandbox Resetting your original files from .stryker-tmp/backup-IIOit3.
