18:42:31 (33795) INFO ProjectReader Found 1 of 637 file(s) to be mutated.
18:42:31 (33795) INFO Instrumenter Instrumented 1 source file(s) with 24 mutant(s)
18:42:31 (33795) INFO ConcurrencyTokenProvider Creating 5 test runner process(es).
18:42:31 (33795) INFO Sandbox In place mode is enabled, Stryker will be overriding YOUR files. Find your backup at: .stryker-tmp/backup-sfOCz9
18:42:31 (33795) INFO BroadcastReporter Detected that current console does not support the "progress" reporter, downgrading to "progress-append-only" reporter
18:42:31 (33795) INFO DryRunExecutor Starting initial test run (command test runner with "off" coverage analysis). This may take a while.
18:42:33 (33795) INFO DryRunExecutor Initial test run succeeded. Ran 1 tests in 1 second (net 1672 ms, overhead 0 ms).

All tests
  ✓ All tests (killed 22)

[Survived] StringLiteral
scripts/vault-write-guard.mjs:24:36
-     readInput: () => readFileSync(0, "utf8"),
+     readInput: () => readFileSync(0, ""),

Ran 0.96 tests per mutant on average.
-----------------------|------------------|----------|-----------|------------|----------|----------|
                       | % Mutation score |          |           |            |          |          |
File                   |  total | covered | # killed | # timeout | # survived | # no cov | # errors |
-----------------------|--------|---------|----------|-----------|------------|----------|----------|
All files              |  95.83 |   95.83 |       22 |         1 |          1 |        0 |        0 |
 vault-write-guard.mjs |  95.83 |   95.83 |       22 |         1 |          1 |        0 |        0 |
-----------------------|--------|---------|----------|-----------|------------|----------|----------|
18:43:39 (33795) INFO MutationTestExecutor Done in 1 minute and 8 seconds.
18:43:39 (33795) INFO Sandbox Resetting your original files from .stryker-tmp/backup-sfOCz9.
