18:22:46 (5063) INFO ProjectReader Found 2 of 630 file(s) to be mutated.
18:22:46 (5063) INFO Instrumenter Instrumented 2 source file(s) with 109 mutant(s)
18:22:46 (5063) INFO ConcurrencyTokenProvider Creating 5 test runner process(es).
18:22:46 (5063) INFO Sandbox In place mode is enabled, Stryker will be overriding YOUR files. Find your backup at: .stryker-tmp/backup-Y8XHvP
18:22:46 (5063) INFO BroadcastReporter Detected that current console does not support the "progress" reporter, downgrading to "progress-append-only" reporter
18:22:46 (5063) INFO DryRunExecutor Starting initial test run (command test runner with "off" coverage analysis). This may take a while.
18:22:48 (5063) INFO DryRunExecutor Initial test run succeeded. Ran 1 tests in 1 second (net 1618 ms, overhead 1 ms).

All tests
  ✓ All tests (killed 106)

[Survived] ConditionalExpression
scripts/verify-index.mjs:78:5
-   if (isEntrypoint(import.meta.url, process.argv[1])) {
+   if (false) {

[Survived] BlockStatement
scripts/verify-index.mjs:78:53
-   if (isEntrypoint(import.meta.url, process.argv[1])) {
-     process.exit(runVerifyIndex(process.argv.slice(2)));
-   }
+   if (isEntrypoint(import.meta.url, process.argv[1])) {}

[Survived] MethodExpression
scripts/verify-index.mjs:79:31
-     process.exit(runVerifyIndex(process.argv.slice(2)));
+     process.exit(runVerifyIndex(process.argv));

Ran 1.00 tests per mutant on average.
-------------------|------------------|----------|-----------|------------|----------|----------|
                   | % Mutation score |          |           |            |          |          |
File               |  total | covered | # killed | # timeout | # survived | # no cov | # errors |
-------------------|--------|---------|----------|-----------|------------|----------|----------|
All files          |  97.25 |   97.25 |      106 |         0 |          3 |        0 |        0 |
 lib               | 100.00 |  100.00 |       70 |         0 |          0 |        0 |        0 |
  health-probe.mjs | 100.00 |  100.00 |       70 |         0 |          0 |        0 |        0 |
 verify-index.mjs  |  92.31 |   92.31 |       36 |         0 |          3 |        0 |        0 |
-------------------|--------|---------|----------|-----------|------------|----------|----------|
18:25:16 (5063) INFO MutationTestExecutor Done in 2 minutes and 30 seconds.
18:25:16 (5063) INFO Sandbox Resetting your original files from .stryker-tmp/backup-Y8XHvP.
