22:16:28 (84142) INFO ProjectReader Found 1 of 663 file(s) to be mutated.
22:16:28 (84142) INFO Instrumenter Instrumented 1 source file(s) with 202 mutant(s)
22:16:28 (84142) INFO ConcurrencyTokenProvider Creating 5 test runner process(es).
22:16:29 (84142) INFO Sandbox In place mode is enabled, Stryker will be overriding YOUR files. Find your backup at: .stryker-tmp/backup-bzPBxi
22:16:29 (84142) INFO BroadcastReporter Detected that current console does not support the "progress" reporter, downgrading to "progress-append-only" reporter
22:16:29 (84142) INFO DryRunExecutor Starting initial test run (command test runner with "off" coverage analysis). This may take a while.
22:16:30 (84142) INFO DryRunExecutor Initial test run succeeded. Ran 1 tests in 1 second (net 1842 ms, overhead 0 ms).

All tests
  ✓ All tests (killed 196)

[Survived] ArrayDeclaration
scripts/lib/engine-update-check.mjs:24:19
-     return (tags ?? [])
+     return (tags ?? ["Stryker was here"])

[Survived] ArrayDeclaration
scripts/lib/engine-update-check.mjs:43:46
-     const latest = pickLatestSemverTag(tags ?? []);
+     const latest = pickLatestSemverTag(tags ?? ["Stryker was here"]);

[Survived] ConditionalExpression
scripts/lib/engine-update-check.mjs:80:13
-       target: ahead.length > 0 ? ahead[ahead.length - 1] : latest,
+       target: false ? ahead[ahead.length - 1] : latest,

[Survived] StringLiteral
scripts/lib/engine-update-check.mjs:136:13
-       repo ?? "",
+       repo ?? "Stryker was here!",

[Survived] StringLiteral
scripts/lib/engine-update-check.mjs:147:26
-     const lines = (body ?? "").split("\n");
+     const lines = (body ?? "Stryker was here!").split("\n");

[Survived] Regex
scripts/lib/engine-update-check.mjs:151:40
-     const end = rest.findIndex((line) => /^(#{1,6}\s|---\s*$)/.test(line.trim()));
+     const end = rest.findIndex((line) => /^(#{1,6}\s|---\S*$)/.test(line.trim()));

Ran 1.00 tests per mutant on average.
-------------------------|------------------|----------|-----------|------------|----------|----------|
                         | % Mutation score |          |           |            |          |          |
File                     |  total | covered | # killed | # timeout | # survived | # no cov | # errors |
-------------------------|--------|---------|----------|-----------|------------|----------|----------|
All files                |  97.03 |   97.03 |      196 |         0 |          6 |        0 |        0 |
 engine-update-check.mjs |  97.03 |   97.03 |      196 |         0 |          6 |        0 |        0 |
-------------------------|--------|---------|----------|-----------|------------|----------|----------|
22:21:38 (84142) INFO MutationTestExecutor Done in 5 minutes and 9 seconds.
22:21:38 (84142) INFO Sandbox Resetting your original files from .stryker-tmp/backup-bzPBxi.
