13:13:42 (10659) INFO ProjectReader Found 5 of 692 file(s) to be mutated.
13:13:42 (10659) INFO Instrumenter Instrumented 5 source file(s) with 262 mutant(s)
13:13:42 (10659) INFO ConcurrencyTokenProvider Creating 5 test runner process(es).
13:13:43 (10659) INFO Sandbox In place mode is enabled, Stryker will be overriding YOUR files. Find your backup at: .stryker-tmp/backup-TuLSGy
13:13:43 (10659) INFO BroadcastReporter Detected that current console does not support the "progress" reporter, downgrading to "progress-append-only" reporter
13:13:43 (10659) INFO DryRunExecutor Starting initial test run (command test runner with "off" coverage analysis). This may take a while.
13:13:44 (10659) INFO DryRunExecutor Initial test run succeeded. Ran 1 tests in 1 second (net 1874 ms, overhead 0 ms).

All tests
  ✓ All tests (killed 254)

[Survived] ConditionalExpression
scripts/auto-commit.mjs:87:5
-   if (isEntryPoint(process.argv[1], import.meta.url)) {
+   if (true) {

[Survived] MethodExpression
scripts/auto-push.mjs:34:16
-         ? Number(git(["rev-list", "--count", "@{u}..HEAD"]).out.trim()) || 0
+         ? Number(git(["rev-list", "--count", "@{u}..HEAD"]).out) || 0

[Survived] StringLiteral
scripts/auto-push.mjs:89:3
-     ".git/index.lock or a missing git identity are the usual causes).\n";
+     "";

[Survived] ConditionalExpression
scripts/auto-push.mjs:135:5
-   if (isEntryPoint(process.argv[1], import.meta.url)) {
+   if (true) {

[Survived] ConditionalExpression
scripts/auto-push.mjs:135:5
-   if (isEntryPoint(process.argv[1], import.meta.url)) {
+   if (false) {

[Survived] BlockStatement
scripts/auto-push.mjs:135:53
-   if (isEntryPoint(process.argv[1], import.meta.url)) {
-     process.exit(runHook(realHookDeps(import.meta.url)));
-   }
+   if (isEntryPoint(process.argv[1], import.meta.url)) {}

Ran 0.99 tests per mutant on average.
-------------------------|------------------|----------|-----------|------------|----------|----------|
                         | % Mutation score |          |           |            |          |          |
File                     |  total | covered | # killed | # timeout | # survived | # no cov | # errors |
-------------------------|--------|---------|----------|-----------|------------|----------|----------|
All files                |  97.71 |   97.71 |      254 |         2 |          6 |        0 |        0 |
 lib                     | 100.00 |  100.00 |       95 |         2 |          0 |        0 |        0 |
  entrypoint.mjs         | 100.00 |  100.00 |        7 |         2 |          0 |        0 |        0 |
  universe-persist.mjs   | 100.00 |  100.00 |       88 |         0 |          0 |        0 |        0 |
 auto-commit.mjs         |  98.31 |   98.31 |       58 |         0 |          1 |        0 |        0 |
 auto-push.mjs           |  94.90 |   94.90 |       93 |         0 |          5 |        0 |        0 |
 set-active-universe.mjs | 100.00 |  100.00 |        8 |         0 |          0 |        0 |        0 |
-------------------------|--------|---------|----------|-----------|------------|----------|----------|
13:20:57 (10659) INFO MutationTestExecutor Done in 7 minutes and 14 seconds.
13:20:57 (10659) INFO Sandbox Resetting your original files from .stryker-tmp/backup-TuLSGy.
