[32m17:39:59 (5645) INFO ProjectReader[39m Found 5 of 1117 file(s) to be mutated.
[32m17:39:59 (5645) INFO Instrumenter[39m Instrumented 5 source file(s) with 76 mutant(s)
[32m17:39:59 (5645) INFO ConcurrencyTokenProvider[39m Creating 4 test runner process(es).
[32m17:40:00 (5645) INFO Sandbox[39m In place mode is enabled, Stryker will be overriding YOUR files. Find your backup at: maintainers/mutation/.stryker-tmp/backup-ShMMwJ
[32m17:40:00 (5645) INFO BroadcastReporter[39m Detected that current console does not support the "progress" reporter, downgrading to "progress-append-only" reporter
[32m17:40:00 (5645) INFO DryRunExecutor[39m Starting initial test run (command test runner with "off" coverage analysis). This may take a while.
[32m17:40:01 (5645) INFO DryRunExecutor[39m Initial test run succeeded. Ran 1 tests in 0 seconds (net 871 ms, overhead 1 ms).
Mutation testing 21% (elapsed: <1m, remaining: <1m) 16/76 tested (5 survived, 0 timed out)
Mutation testing 42% (elapsed: <1m, remaining: <1m) 32/76 tested (7 survived, 0 timed out)
Mutation testing 63% (elapsed: <1m, remaining: <1m) 48/76 tested (11 survived, 0 timed out)
Mutation testing 86% (elapsed: <1m, remaining: <1m) 66/76 tested (11 survived, 0 timed out)
Mutation testing 98% (elapsed: <1m, remaining: n/a) 75/76 tested (13 survived, 0 timed out)

All tests
  ✓ All tests (killed 62)

[Survived] StringLiteral
rag/src/lib/campaign-persist.ts:54:35
-   export const REMOTE_SYNC_SCRIPT = "remote-sync.mjs";
+   export const REMOTE_SYNC_SCRIPT = "";

[Survived] ConditionalExpression
rag/src/lib/frontmatter-parser.ts:153:45
-       .filter((v) => typeof v === "string" && v.trim() !== "")
+       .filter((v) => typeof v === "string" && true)

[Survived] MethodExpression
rag/src/lib/frontmatter-parser.ts:153:45
-       .filter((v) => typeof v === "string" && v.trim() !== "")
+       .filter((v) => typeof v === "string" && v !== "")

[Survived] MethodExpression
rag/src/lib/frontmatter-parser.ts:154:17
-       .map((v) => (v as string).trim());
+       .map((v) => v as string);

[Survived] StringLiteral
rag/src/lib/frontmatter-parser.ts:153:58
-       .filter((v) => typeof v === "string" && v.trim() !== "")
+       .filter((v) => typeof v === "string" && v.trim() !== "Stryker was here!")

[Survived] ConditionalExpression
rag/src/lib/remote-sync-interval.ts:25:7
-     if (!trimmed) return DEFAULT_REMOTE_SYNC_INTERVAL_SECONDS;
+     if (false) return DEFAULT_REMOTE_SYNC_INTERVAL_SECONDS;

[Survived] BooleanLiteral
rag/src/lib/remote-sync-scheduler.ts:59:21
-     private stopped = false;
+     private stopped = true;

[Survived] ArrowFunction
rag/src/lib/remote-sync-scheduler.ts:65:29
-       this.log = opts.log ?? ((message) => console.error(message));
+       this.log = opts.log ?? (() => undefined);

[Survived] ArrowFunction
rag/src/lib/remote-sync-scheduler.ts:66:35
-       this.random = opts.random ?? (() => Math.random());
+       this.random = opts.random ?? (() => undefined);

[Survived] ArrowFunction
rag/src/lib/remote-sync-scheduler.ts:68:43
-       this.clearTimer = opts.clearTimer ?? ((h) => clearTimeout(h));
+       this.clearTimer = opts.clearTimer ?? (() => undefined);

[Survived] ArrowFunction
rag/src/lib/remote-sync-scheduler.ts:67:39
-       this.setTimer = opts.setTimer ?? ((fn, ms) => setTimeout(fn, ms));
+       this.setTimer = opts.setTimer ?? (() => undefined);

[Survived] StringLiteral
rag/src/lib/shutdown-plan.ts:32:37
-         stopQuietly(deps.stopWatcher, "the live watcher", deps.trace);
+         stopQuietly(deps.stopWatcher, "", deps.trace);

[Survived] StringLiteral
rag/src/lib/shutdown-plan.ts:33:40
-         stopQuietly(deps.stopRemoteSync, "the live-sync clock", deps.trace);
+         stopQuietly(deps.stopRemoteSync, "", deps.trace);

Ran 0.99 tests per mutant on average.
--------------------------|------------------|----------|-----------|------------|----------|----------|
                          | % Mutation score |          |           |            |          |          |
File                      |  total | covered | # killed | # timeout | # survived | # no cov | # errors |
--------------------------|--------|---------|----------|-----------|------------|----------|----------|
All files                 |  82.89 |   82.89 |       62 |         1 |         13 |        0 |        0 |
 campaign-persist.ts      |   0.00 |    0.00 |        0 |         0 |          1 |        0 |        0 |
 frontmatter-parser.ts    |  75.00 |   75.00 |       12 |         0 |          4 |        0 |        0 |
 remote-sync-interval.ts  |  92.31 |   92.31 |       12 |         0 |          1 |        0 |        0 |
 remote-sync-scheduler.ts |  86.11 |   86.11 |       30 |         1 |          5 |        0 |        0 |
 shutdown-plan.ts         |  80.00 |   80.00 |        8 |         0 |          2 |        0 |        0 |
--------------------------|--------|---------|----------|-----------|------------|----------|----------|
[32m17:40:56 (5645) INFO HtmlReporter[39m Your report can be found at: file:///Users/tpierrain/Dev/kenjaku/maintainers/mutation/reports/mutation-rag.html
[32m17:40:56 (5645) INFO MutationTestExecutor[39m Done in 56 seconds.
[32m17:40:56 (5645) INFO Sandbox[39m Resetting your original files from maintainers/mutation/.stryker-tmp/backup-ShMMwJ.
