[32m19:27:15 (25630) INFO ProjectReader[39m Found 4 of 977 file(s) to be mutated.
[32m19:27:15 (25630) INFO Instrumenter[39m Instrumented 4 source file(s) with 28 mutant(s)
[32m19:27:15 (25630) INFO ConcurrencyTokenProvider[39m Creating 5 test runner process(es).
[32m19:27:15 (25630) INFO Sandbox[39m In place mode is enabled, Stryker will be overriding YOUR files. Find your backup at: .stryker-tmp/backup-pkcUoj
[32m19:27:15 (25630) INFO BroadcastReporter[39m Detected that current console does not support the "progress" reporter, downgrading to "progress-append-only" reporter
[32m19:27:15 (25630) INFO DryRunExecutor[39m Starting initial test run (command test runner with "off" coverage analysis). This may take a while.
[32m19:27:26 (25630) INFO DryRunExecutor[39m Initial test run succeeded. Ran 1 tests in 11 seconds (net 11111 ms, overhead 0 ms).
Mutation testing 0% (elapsed: <1m, remaining: n/a) 0/28 tested (0 survived, 0 timed out)
Mutation testing 0% (elapsed: <1m, remaining: n/a) 0/28 tested (0 survived, 0 timed out)
Mutation testing 0% (elapsed: <1m, remaining: n/a) 0/28 tested (0 survived, 0 timed out)
Mutation testing 0% (elapsed: <1m, remaining: n/a) 0/28 tested (0 survived, 0 timed out)
Mutation testing 17% (elapsed: <1m, remaining: ~3m) 5/28 tested (0 survived, 0 timed out)
Mutation testing 17% (elapsed: ~1m, remaining: ~4m) 5/28 tested (0 survived, 0 timed out)
Mutation testing 17% (elapsed: ~1m, remaining: ~5m) 5/28 tested (0 survived, 0 timed out)
Mutation testing 17% (elapsed: ~1m, remaining: ~6m) 5/28 tested (0 survived, 0 timed out)
Mutation testing 17% (elapsed: ~1m, remaining: ~6m) 5/28 tested (0 survived, 0 timed out)
Mutation testing 35% (elapsed: ~1m, remaining: ~3m) 10/28 tested (0 survived, 0 timed out)
Mutation testing 35% (elapsed: ~1m, remaining: ~3m) 10/28 tested (0 survived, 0 timed out)
Mutation testing 35% (elapsed: ~2m, remaining: ~3m) 10/28 tested (0 survived, 0 timed out)
Mutation testing 35% (elapsed: ~2m, remaining: ~3m) 10/28 tested (0 survived, 0 timed out)
Mutation testing 35% (elapsed: ~2m, remaining: ~4m) 10/28 tested (0 survived, 0 timed out)
Mutation testing 53% (elapsed: ~2m, remaining: ~2m) 15/28 tested (0 survived, 0 timed out)
Mutation testing 53% (elapsed: ~2m, remaining: ~2m) 15/28 tested (0 survived, 0 timed out)
Mutation testing 53% (elapsed: ~2m, remaining: ~2m) 15/28 tested (0 survived, 0 timed out)
Mutation testing 53% (elapsed: ~3m, remaining: ~2m) 15/28 tested (0 survived, 0 timed out)
Mutation testing 71% (elapsed: ~3m, remaining: ~1m) 20/28 tested (0 survived, 0 timed out)
Mutation testing 71% (elapsed: ~3m, remaining: ~1m) 20/28 tested (0 survived, 0 timed out)
Mutation testing 71% (elapsed: ~3m, remaining: ~1m) 20/28 tested (0 survived, 0 timed out)
Mutation testing 71% (elapsed: ~3m, remaining: ~1m) 20/28 tested (0 survived, 0 timed out)
Mutation testing 71% (elapsed: ~3m, remaining: ~1m) 20/28 tested (0 survived, 0 timed out)
Mutation testing 89% (elapsed: ~4m, remaining: <1m) 25/28 tested (0 survived, 0 timed out)
Mutation testing 89% (elapsed: ~4m, remaining: <1m) 25/28 tested (0 survived, 0 timed out)
Mutation testing 89% (elapsed: ~4m, remaining: <1m) 25/28 tested (0 survived, 0 timed out)

All tests
  ✓ All tests (killed 28)

Ran 1.00 tests per mutant on average.
---------------------------|------------------|----------|-----------|------------|----------|----------|
                           | % Mutation score |          |           |            |          |          |
File                       |  total | covered | # killed | # timeout | # survived | # no cov | # errors |
---------------------------|--------|---------|----------|-----------|------------|----------|----------|
All files                  | 100.00 |  100.00 |       28 |         0 |          0 |        0 |        0 |
 lib                       | 100.00 |  100.00 |       13 |         0 |          0 |        0 |        0 |
  ignore-base-settings.mjs | 100.00 |  100.00 |        1 |         0 |          0 |        0 |        0 |
  reconcile-brain.mjs      | 100.00 |  100.00 |        6 |         0 |          0 |        0 |        0 |
  wiki-lint.mjs            | 100.00 |  100.00 |        6 |         0 |          0 |        0 |        0 |
 prompt-restart-nudge.mjs  | 100.00 |  100.00 |       15 |         0 |          0 |        0 |        0 |
---------------------------|--------|---------|----------|-----------|------------|----------|----------|
[32m19:31:47 (25630) INFO MutationTestExecutor[39m Done in 4 minutes and 32 seconds.
[32m19:31:47 (25630) INFO Sandbox[39m Resetting your original files from .stryker-tmp/backup-pkcUoj.
