[32m05:33:32 (81008) INFO ProjectReader[39m Found 3 of 985 file(s) to be mutated.
[32m05:33:32 (81008) INFO Instrumenter[39m Instrumented 3 source file(s) with 462 mutant(s)
[32m05:33:32 (81008) INFO ConcurrencyTokenProvider[39m Creating 5 test runner process(es).
[32m05:33:32 (81008) INFO Sandbox[39m In place mode is enabled, Stryker will be overriding YOUR files. Find your backup at: .stryker-tmp/backup-SpgxB8
[32m05:33:32 (81008) INFO BroadcastReporter[39m Detected that current console does not support the "progress" reporter, downgrading to "progress-append-only" reporter
[32m05:33:32 (81008) INFO DryRunExecutor[39m Starting initial test run (command test runner with "off" coverage analysis). This may take a while.
[32m05:33:44 (81008) INFO DryRunExecutor[39m Initial test run succeeded. Ran 1 tests in 12 seconds (net 12040 ms, overhead 1 ms).
Mutation testing 0% (elapsed: <1m, remaining: n/a) 0/462 tested (0 survived, 0 timed out)
Mutation testing 0% (elapsed: <1m, remaining: n/a) 0/462 tested (0 survived, 0 timed out)
Mutation testing 0% (elapsed: <1m, remaining: n/a) 0/462 tested (0 survived, 0 timed out)
Mutation testing 0% (elapsed: <1m, remaining: n/a) 0/462 tested (0 survived, 0 timed out)
Mutation testing 0% (elapsed: <1m, remaining: n/a) 0/462 tested (0 survived, 0 timed out)
Mutation testing 1% (elapsed: ~1m, remaining: ~1h 31m) 5/462 tested (0 survived, 0 timed out)
Mutation testing 1% (elapsed: ~1m, remaining: ~1h 46m) 5/462 tested (0 survived, 0 timed out)
Mutation testing 1% (elapsed: ~1m, remaining: ~2h 1m) 5/462 tested (0 survived, 0 timed out)
Mutation testing 1% (elapsed: ~1m, remaining: ~2h 17m) 5/462 tested (0 survived, 0 timed out)
Mutation testing 1% (elapsed: ~1m, remaining: ~2h 32m) 5/462 tested (0 survived, 0 timed out)
Mutation testing 2% (elapsed: ~1m, remaining: ~1h 22m) 10/462 tested (0 survived, 0 timed out)
Mutation testing 2% (elapsed: ~2m, remaining: ~1h 30m) 10/462 tested (0 survived, 0 timed out)
Mutation testing 2% (elapsed: ~2m, remaining: ~1h 37m) 10/462 tested (0 survived, 0 timed out)
Mutation testing 2% (elapsed: ~2m, remaining: ~1h 45m) 10/462 tested (0 survived, 0 timed out)
Mutation testing 2% (elapsed: ~2m, remaining: ~1h 53m) 10/462 tested (0 survived, 0 timed out)
Mutation testing 3% (elapsed: ~2m, remaining: ~1h 19m) 15/462 tested (1 survived, 0 timed out)
Mutation testing 3% (elapsed: ~2m, remaining: ~1h 24m) 15/462 tested (1 survived, 0 timed out)
Mutation testing 3% (elapsed: ~3m, remaining: ~1h 29m) 15/462 tested (1 survived, 0 timed out)
Mutation testing 3% (elapsed: ~3m, remaining: ~1h 34m) 15/462 tested (1 survived, 0 timed out)
Mutation testing 3% (elapsed: ~3m, remaining: ~1h 39m) 15/462 tested (1 survived, 0 timed out)
Mutation testing 4% (elapsed: ~3m, remaining: ~1h 17m) 20/462 tested (1 survived, 0 timed out)
Mutation testing 4% (elapsed: ~3m, remaining: ~1h 21m) 20/462 tested (1 survived, 0 timed out)
Mutation testing 4% (elapsed: ~3m, remaining: ~1h 24m) 20/462 tested (1 survived, 0 timed out)
Mutation testing 4% (elapsed: ~4m, remaining: ~1h 28m) 20/462 tested (1 survived, 0 timed out)
Mutation testing 4% (elapsed: ~4m, remaining: ~1h 32m) 20/462 tested (1 survived, 0 timed out)
Mutation testing 4% (elapsed: ~4m, remaining: ~1h 26m) 22/462 tested (1 survived, 0 timed out)
Mutation testing 5% (elapsed: ~4m, remaining: ~1h 18m) 25/462 tested (1 survived, 0 timed out)
Mutation testing 5% (elapsed: ~4m, remaining: ~1h 21m) 25/462 tested (1 survived, 0 timed out)
Mutation testing 5% (elapsed: ~4m, remaining: ~1h 24m) 25/462 tested (1 survived, 0 timed out)
Mutation testing 5% (elapsed: ~5m, remaining: ~1h 27m) 25/462 tested (1 survived, 0 timed out)
Mutation testing 5% (elapsed: ~5m, remaining: ~1h 30m) 25/462 tested (1 survived, 0 timed out)
Mutation testing 6% (elapsed: ~5m, remaining: ~1h 16m) 30/462 tested (1 survived, 0 timed out)
Mutation testing 6% (elapsed: ~5m, remaining: ~1h 19m) 30/462 tested (1 survived, 0 timed out)
Mutation testing 6% (elapsed: ~5m, remaining: ~1h 21m) 30/462 tested (1 survived, 0 timed out)
Mutation testing 6% (elapsed: ~5m, remaining: ~1h 24m) 30/462 tested (1 survived, 0 timed out)
Mutation testing 6% (elapsed: ~6m, remaining: ~1h 26m) 30/462 tested (1 survived, 0 timed out)
Mutation testing 7% (elapsed: ~6m, remaining: ~1h 15m) 35/462 tested (1 survived, 0 timed out)
Mutation testing 7% (elapsed: ~6m, remaining: ~1h 17m) 35/462 tested (1 survived, 0 timed out)
Mutation testing 7% (elapsed: ~6m, remaining: ~1h 19m) 35/462 tested (1 survived, 0 timed out)
Mutation testing 7% (elapsed: ~6m, remaining: ~1h 21m) 35/462 tested (1 survived, 0 timed out)
Mutation testing 7% (elapsed: ~6m, remaining: ~1h 23m) 35/462 tested (1 survived, 0 timed out)
Mutation testing 8% (elapsed: ~7m, remaining: ~1h 13m) 40/462 tested (1 survived, 0 timed out)
Mutation testing 8% (elapsed: ~7m, remaining: ~1h 15m) 40/462 tested (1 survived, 0 timed out)
Mutation testing 8% (elapsed: ~7m, remaining: ~1h 17m) 40/462 tested (1 survived, 0 timed out)
Mutation testing 8% (elapsed: ~7m, remaining: ~1h 19m) 40/462 tested (1 survived, 0 timed out)
Mutation testing 8% (elapsed: ~7m, remaining: ~1h 20m) 40/462 tested (1 survived, 0 timed out)
Mutation testing 8% (elapsed: ~7m, remaining: ~1h 22m) 40/462 tested (1 survived, 0 timed out)
Mutation testing 9% (elapsed: ~8m, remaining: ~1h 14m) 45/462 tested (1 survived, 0 timed out)
Mutation testing 9% (elapsed: ~8m, remaining: ~1h 15m) 45/462 tested (1 survived, 0 timed out)
Mutation testing 9% (elapsed: ~8m, remaining: ~1h 17m) 45/462 tested (1 survived, 0 timed out)
Mutation testing 9% (elapsed: ~8m, remaining: ~1h 18m) 45/462 tested (1 survived, 0 timed out)
Mutation testing 9% (elapsed: ~8m, remaining: ~1h 20m) 45/462 tested (1 survived, 0 timed out)
Mutation testing 10% (elapsed: ~8m, remaining: ~1h 12m) 50/462 tested (1 survived, 0 timed out)
Mutation testing 10% (elapsed: ~9m, remaining: ~1h 14m) 50/462 tested (1 survived, 0 timed out)
Mutation testing 10% (elapsed: ~9m, remaining: ~1h 15m) 50/462 tested (1 survived, 0 timed out)
Mutation testing 10% (elapsed: ~9m, remaining: ~1h 16m) 50/462 tested (1 survived, 0 timed out)
Mutation testing 10% (elapsed: ~9m, remaining: ~1h 18m) 50/462 tested (1 survived, 0 timed out)
Mutation testing 11% (elapsed: ~9m, remaining: ~1h 11m) 55/462 tested (1 survived, 0 timed out)
Mutation testing 11% (elapsed: ~9m, remaining: ~1h 12m) 55/462 tested (1 survived, 0 timed out)
Mutation testing 11% (elapsed: ~10m, remaining: ~1h 14m) 55/462 tested (1 survived, 0 timed out)
Mutation testing 11% (elapsed: ~10m, remaining: ~1h 15m) 55/462 tested (1 survived, 0 timed out)
Mutation testing 11% (elapsed: ~10m, remaining: ~1h 16m) 55/462 tested (1 survived, 0 timed out)
Mutation testing 11% (elapsed: ~10m, remaining: ~1h 17m) 55/462 tested (1 survived, 0 timed out)
Mutation testing 12% (elapsed: ~10m, remaining: ~1h 11m) 60/462 tested (1 survived, 0 timed out)
Mutation testing 12% (elapsed: ~10m, remaining: ~1h 12m) 60/462 tested (1 survived, 0 timed out)
Mutation testing 12% (elapsed: ~11m, remaining: ~1h 13m) 60/462 tested (1 survived, 0 timed out)
Mutation testing 12% (elapsed: ~11m, remaining: ~1h 14m) 60/462 tested (1 survived, 0 timed out)
Mutation testing 12% (elapsed: ~11m, remaining: ~1h 15m) 60/462 tested (1 survived, 0 timed out)
Mutation testing 14% (elapsed: ~11m, remaining: ~1h 10m) 65/462 tested (1 survived, 0 timed out)
Mutation testing 14% (elapsed: ~11m, remaining: ~1h 11m) 65/462 tested (1 survived, 0 timed out)
Mutation testing 14% (elapsed: ~11m, remaining: ~1h 12m) 65/462 tested (1 survived, 0 timed out)
Mutation testing 14% (elapsed: ~12m, remaining: ~1h 13m) 65/462 tested (1 survived, 0 timed out)
Mutation testing 14% (elapsed: ~12m, remaining: ~1h 14m) 65/462 tested (1 survived, 0 timed out)
Mutation testing 14% (elapsed: ~12m, remaining: ~1h 11m) 68/462 tested (1 survived, 0 timed out)
Mutation testing 15% (elapsed: ~12m, remaining: ~1h 10m) 70/462 tested (1 survived, 0 timed out)
Mutation testing 15% (elapsed: ~12m, remaining: ~1h 10m) 70/462 tested (1 survived, 0 timed out)
Mutation testing 15% (elapsed: ~12m, remaining: ~1h 11m) 70/462 tested (1 survived, 0 timed out)
Mutation testing 15% (elapsed: ~13m, remaining: ~1h 12m) 70/462 tested (1 survived, 0 timed out)
Mutation testing 15% (elapsed: ~13m, remaining: ~1h 13m) 70/462 tested (1 survived, 0 timed out)
Mutation testing 16% (elapsed: ~13m, remaining: ~1h 8m) 75/462 tested (1 survived, 0 timed out)
Mutation testing 16% (elapsed: ~13m, remaining: ~1h 9m) 75/462 tested (1 survived, 0 timed out)
Mutation testing 16% (elapsed: ~13m, remaining: ~1h 10m) 75/462 tested (1 survived, 0 timed out)
Mutation testing 16% (elapsed: ~13m, remaining: ~1h 11m) 75/462 tested (1 survived, 0 timed out)
Mutation testing 16% (elapsed: ~14m, remaining: ~1h 12m) 75/462 tested (1 survived, 0 timed out)
Mutation testing 17% (elapsed: ~14m, remaining: ~1h 7m) 80/462 tested (1 survived, 0 timed out)
Mutation testing 17% (elapsed: ~14m, remaining: ~1h 8m) 80/462 tested (1 survived, 0 timed out)
Mutation testing 17% (elapsed: ~14m, remaining: ~1h 9m) 80/462 tested (1 survived, 0 timed out)
Mutation testing 17% (elapsed: ~14m, remaining: ~1h 10m) 80/462 tested (1 survived, 0 timed out)
Mutation testing 17% (elapsed: ~14m, remaining: ~1h 10m) 80/462 tested (1 survived, 0 timed out)
Mutation testing 18% (elapsed: ~15m, remaining: ~1h 6m) 85/462 tested (1 survived, 0 timed out)
Mutation testing 18% (elapsed: ~15m, remaining: ~1h 7m) 85/462 tested (1 survived, 0 timed out)
Mutation testing 18% (elapsed: ~15m, remaining: ~1h 8m) 85/462 tested (1 survived, 0 timed out)
Mutation testing 18% (elapsed: ~15m, remaining: ~1h 8m) 85/462 tested (1 survived, 0 timed out)
Mutation testing 18% (elapsed: ~15m, remaining: ~1h 9m) 85/462 tested (1 survived, 0 timed out)
Mutation testing 19% (elapsed: ~15m, remaining: ~1h 5m) 90/462 tested (1 survived, 0 timed out)
Mutation testing 19% (elapsed: ~16m, remaining: ~1h 6m) 90/462 tested (1 survived, 0 timed out)
Mutation testing 19% (elapsed: ~16m, remaining: ~1h 6m) 90/462 tested (1 survived, 0 timed out)
Mutation testing 19% (elapsed: ~16m, remaining: ~1h 7m) 90/462 tested (1 survived, 0 timed out)
Mutation testing 19% (elapsed: ~16m, remaining: ~1h 8m) 90/462 tested (1 survived, 0 timed out)
Mutation testing 20% (elapsed: ~16m, remaining: ~1h 4m) 95/462 tested (1 survived, 0 timed out)
Mutation testing 20% (elapsed: ~16m, remaining: ~1h 5m) 95/462 tested (1 survived, 0 timed out)
Mutation testing 20% (elapsed: ~17m, remaining: ~1h 5m) 95/462 tested (1 survived, 0 timed out)
Mutation testing 20% (elapsed: ~17m, remaining: ~1h 6m) 95/462 tested (1 survived, 0 timed out)
Mutation testing 20% (elapsed: ~17m, remaining: ~1h 6m) 95/462 tested (1 survived, 0 timed out)
Mutation testing 20% (elapsed: ~17m, remaining: ~1h 7m) 95/462 tested (1 survived, 0 timed out)
Mutation testing 21% (elapsed: ~17m, remaining: ~1h 3m) 100/462 tested (1 survived, 0 timed out)
Mutation testing 21% (elapsed: ~17m, remaining: ~1h 4m) 100/462 tested (1 survived, 0 timed out)
Mutation testing 21% (elapsed: ~18m, remaining: ~1h 5m) 100/462 tested (1 survived, 0 timed out)
Mutation testing 21% (elapsed: ~18m, remaining: ~1h 5m) 100/462 tested (1 survived, 0 timed out)
Mutation testing 21% (elapsed: ~18m, remaining: ~1h 6m) 100/462 tested (1 survived, 0 timed out)
Mutation testing 22% (elapsed: ~18m, remaining: ~1h 2m) 105/462 tested (1 survived, 0 timed out)
Mutation testing 22% (elapsed: ~18m, remaining: ~1h 3m) 105/462 tested (1 survived, 0 timed out)
Mutation testing 22% (elapsed: ~18m, remaining: ~1h 4m) 105/462 tested (1 survived, 0 timed out)
Mutation testing 22% (elapsed: ~19m, remaining: ~1h 4m) 105/462 tested (1 survived, 0 timed out)
Mutation testing 22% (elapsed: ~19m, remaining: ~1h 5m) 105/462 tested (1 survived, 0 timed out)
Mutation testing 23% (elapsed: ~19m, remaining: ~1h 1m) 110/462 tested (1 survived, 0 timed out)
Mutation testing 23% (elapsed: ~19m, remaining: ~1h 2m) 110/462 tested (1 survived, 0 timed out)
Mutation testing 23% (elapsed: ~19m, remaining: ~1h 2m) 110/462 tested (1 survived, 0 timed out)
Mutation testing 23% (elapsed: ~19m, remaining: ~1h 3m) 110/462 tested (1 survived, 0 timed out)
Mutation testing 23% (elapsed: ~20m, remaining: ~1h 4m) 110/462 tested (1 survived, 0 timed out)
Mutation testing 24% (elapsed: ~20m, remaining: ~1h 0m) 115/462 tested (1 survived, 0 timed out)
Mutation testing 24% (elapsed: ~20m, remaining: ~1h 1m) 115/462 tested (1 survived, 0 timed out)
Mutation testing 24% (elapsed: ~20m, remaining: ~1h 1m) 115/462 tested (1 survived, 0 timed out)
Mutation testing 24% (elapsed: ~20m, remaining: ~1h 2m) 115/462 tested (1 survived, 0 timed out)
Mutation testing 24% (elapsed: ~20m, remaining: ~1h 2m) 115/462 tested (1 survived, 0 timed out)
Mutation testing 24% (elapsed: ~21m, remaining: ~1h 3m) 115/462 tested (1 survived, 0 timed out)
Mutation testing 25% (elapsed: ~21m, remaining: ~1h 0m) 120/462 tested (1 survived, 0 timed out)
Mutation testing 25% (elapsed: ~21m, remaining: ~1h 0m) 120/462 tested (1 survived, 0 timed out)
Mutation testing 25% (elapsed: ~21m, remaining: ~1h 1m) 120/462 tested (1 survived, 0 timed out)
Mutation testing 25% (elapsed: ~21m, remaining: ~1h 1m) 120/462 tested (1 survived, 0 timed out)
Mutation testing 25% (elapsed: ~21m, remaining: ~1h 2m) 120/462 tested (1 survived, 0 timed out)
Mutation testing 27% (elapsed: ~22m, remaining: ~59m) 125/462 tested (1 survived, 0 timed out)
Mutation testing 27% (elapsed: ~22m, remaining: ~59m) 125/462 tested (1 survived, 0 timed out)
Mutation testing 27% (elapsed: ~22m, remaining: ~1h 0m) 125/462 tested (1 survived, 0 timed out)
Mutation testing 27% (elapsed: ~22m, remaining: ~1h 0m) 125/462 tested (1 survived, 0 timed out)
Mutation testing 27% (elapsed: ~22m, remaining: ~1h 1m) 125/462 tested (1 survived, 0 timed out)
Mutation testing 28% (elapsed: ~22m, remaining: ~58m) 130/462 tested (1 survived, 0 timed out)
Mutation testing 28% (elapsed: ~23m, remaining: ~58m) 130/462 tested (1 survived, 0 timed out)
Mutation testing 28% (elapsed: ~23m, remaining: ~59m) 130/462 tested (1 survived, 0 timed out)
Mutation testing 28% (elapsed: ~23m, remaining: ~59m) 130/462 tested (1 survived, 0 timed out)
Mutation testing 28% (elapsed: ~23m, remaining: ~1h 0m) 130/462 tested (1 survived, 0 timed out)
Mutation testing 28% (elapsed: ~23m, remaining: ~58m) 133/462 tested (1 survived, 0 timed out)
Mutation testing 29% (elapsed: ~23m, remaining: ~57m) 135/462 tested (1 survived, 0 timed out)
Mutation testing 29% (elapsed: ~24m, remaining: ~58m) 135/462 tested (1 survived, 0 timed out)
Mutation testing 29% (elapsed: ~24m, remaining: ~58m) 135/462 tested (1 survived, 0 timed out)
Mutation testing 29% (elapsed: ~24m, remaining: ~58m) 135/462 tested (1 survived, 0 timed out)
Mutation testing 29% (elapsed: ~24m, remaining: ~58m) 136/462 tested (1 survived, 0 timed out)
Mutation testing 30% (elapsed: ~24m, remaining: ~56m) 140/462 tested (1 survived, 0 timed out)
Mutation testing 30% (elapsed: ~24m, remaining: ~57m) 140/462 tested (1 survived, 0 timed out)
Mutation testing 30% (elapsed: ~25m, remaining: ~57m) 140/462 tested (1 survived, 0 timed out)
Mutation testing 30% (elapsed: ~25m, remaining: ~57m) 140/462 tested (1 survived, 0 timed out)
Mutation testing 30% (elapsed: ~25m, remaining: ~58m) 140/462 tested (1 survived, 0 timed out)
Mutation testing 31% (elapsed: ~25m, remaining: ~55m) 145/462 tested (1 survived, 0 timed out)
Mutation testing 31% (elapsed: ~25m, remaining: ~56m) 145/462 tested (1 survived, 0 timed out)
Mutation testing 31% (elapsed: ~25m, remaining: ~56m) 145/462 tested (1 survived, 0 timed out)
Mutation testing 31% (elapsed: ~26m, remaining: ~56m) 145/462 tested (1 survived, 0 timed out)
Mutation testing 31% (elapsed: ~26m, remaining: ~57m) 145/462 tested (1 survived, 0 timed out)
Mutation testing 32% (elapsed: ~26m, remaining: ~54m) 150/462 tested (1 survived, 0 timed out)
Mutation testing 32% (elapsed: ~26m, remaining: ~55m) 150/462 tested (1 survived, 0 timed out)
Mutation testing 32% (elapsed: ~26m, remaining: ~55m) 150/462 tested (1 survived, 0 timed out)
Mutation testing 32% (elapsed: ~26m, remaining: ~55m) 150/462 tested (1 survived, 0 timed out)
Mutation testing 32% (elapsed: ~27m, remaining: ~56m) 150/462 tested (1 survived, 0 timed out)
Mutation testing 33% (elapsed: ~27m, remaining: ~53m) 155/462 tested (2 survived, 0 timed out)
Mutation testing 33% (elapsed: ~27m, remaining: ~54m) 155/462 tested (2 survived, 0 timed out)
Mutation testing 33% (elapsed: ~27m, remaining: ~54m) 155/462 tested (2 survived, 0 timed out)
Mutation testing 33% (elapsed: ~27m, remaining: ~54m) 155/462 tested (2 survived, 0 timed out)
Mutation testing 33% (elapsed: ~27m, remaining: ~55m) 155/462 tested (2 survived, 0 timed out)
Mutation testing 34% (elapsed: ~28m, remaining: ~53m) 158/462 tested (2 survived, 0 timed out)
Mutation testing 34% (elapsed: ~28m, remaining: ~53m) 160/462 tested (2 survived, 0 timed out)
Mutation testing 34% (elapsed: ~28m, remaining: ~53m) 160/462 tested (2 survived, 0 timed out)
Mutation testing 34% (elapsed: ~28m, remaining: ~53m) 160/462 tested (2 survived, 0 timed out)
Mutation testing 34% (elapsed: ~28m, remaining: ~53m) 161/462 tested (2 survived, 0 timed out)
Mutation testing 35% (elapsed: ~28m, remaining: ~53m) 162/462 tested (2 survived, 0 timed out)
Mutation testing 35% (elapsed: ~29m, remaining: ~52m) 165/462 tested (2 survived, 0 timed out)
Mutation testing 35% (elapsed: ~29m, remaining: ~52m) 165/462 tested (2 survived, 0 timed out)
Mutation testing 35% (elapsed: ~29m, remaining: ~52m) 165/462 tested (2 survived, 0 timed out)
Mutation testing 35% (elapsed: ~29m, remaining: ~53m) 165/462 tested (2 survived, 0 timed out)
Mutation testing 35% (elapsed: ~29m, remaining: ~52m) 166/462 tested (2 survived, 0 timed out)
Mutation testing 36% (elapsed: ~29m, remaining: ~51m) 170/462 tested (2 survived, 0 timed out)
Mutation testing 36% (elapsed: ~30m, remaining: ~51m) 170/462 tested (2 survived, 0 timed out)
Mutation testing 36% (elapsed: ~30m, remaining: ~51m) 170/462 tested (2 survived, 0 timed out)
Mutation testing 37% (elapsed: ~30m, remaining: ~51m) 171/462 tested (2 survived, 0 timed out)
Mutation testing 37% (elapsed: ~30m, remaining: ~51m) 171/462 tested (2 survived, 0 timed out)
Mutation testing 37% (elapsed: ~30m, remaining: ~50m) 175/462 tested (2 survived, 0 timed out)
Mutation testing 37% (elapsed: ~30m, remaining: ~50m) 175/462 tested (2 survived, 0 timed out)
Mutation testing 37% (elapsed: ~31m, remaining: ~50m) 175/462 tested (2 survived, 0 timed out)
Mutation testing 38% (elapsed: ~31m, remaining: ~50m) 176/462 tested (2 survived, 0 timed out)
Mutation testing 38% (elapsed: ~31m, remaining: ~50m) 176/462 tested (2 survived, 0 timed out)
Mutation testing 38% (elapsed: ~31m, remaining: ~49m) 180/462 tested (2 survived, 0 timed out)
Mutation testing 38% (elapsed: ~31m, remaining: ~49m) 180/462 tested (2 survived, 0 timed out)
Mutation testing 38% (elapsed: ~31m, remaining: ~49m) 180/462 tested (2 survived, 0 timed out)
Mutation testing 39% (elapsed: ~32m, remaining: ~49m) 181/462 tested (2 survived, 0 timed out)
Mutation testing 39% (elapsed: ~32m, remaining: ~49m) 181/462 tested (2 survived, 0 timed out)
Mutation testing 40% (elapsed: ~32m, remaining: ~48m) 185/462 tested (2 survived, 0 timed out)
Mutation testing 40% (elapsed: ~32m, remaining: ~48m) 185/462 tested (2 survived, 0 timed out)
Mutation testing 40% (elapsed: ~32m, remaining: ~48m) 186/462 tested (2 survived, 0 timed out)
Mutation testing 40% (elapsed: ~32m, remaining: ~48m) 186/462 tested (2 survived, 0 timed out)
Mutation testing 40% (elapsed: ~33m, remaining: ~48m) 186/462 tested (2 survived, 0 timed out)
Mutation testing 41% (elapsed: ~33m, remaining: ~47m) 191/462 tested (2 survived, 0 timed out)
Mutation testing 41% (elapsed: ~33m, remaining: ~47m) 191/462 tested (2 survived, 0 timed out)
Mutation testing 41% (elapsed: ~33m, remaining: ~47m) 191/462 tested (2 survived, 0 timed out)
Mutation testing 41% (elapsed: ~33m, remaining: ~47m) 191/462 tested (2 survived, 0 timed out)
Mutation testing 41% (elapsed: ~33m, remaining: ~48m) 191/462 tested (2 survived, 0 timed out)
Mutation testing 42% (elapsed: ~34m, remaining: ~46m) 196/462 tested (2 survived, 0 timed out)
Mutation testing 42% (elapsed: ~34m, remaining: ~46m) 196/462 tested (2 survived, 0 timed out)
Mutation testing 42% (elapsed: ~34m, remaining: ~46m) 196/462 tested (2 survived, 0 timed out)
Mutation testing 42% (elapsed: ~34m, remaining: ~46m) 196/462 tested (2 survived, 0 timed out)
Mutation testing 42% (elapsed: ~34m, remaining: ~47m) 196/462 tested (2 survived, 0 timed out)
Mutation testing 43% (elapsed: ~34m, remaining: ~45m) 201/462 tested (2 survived, 0 timed out)
Mutation testing 43% (elapsed: ~35m, remaining: ~45m) 201/462 tested (2 survived, 0 timed out)
Mutation testing 43% (elapsed: ~35m, remaining: ~45m) 201/462 tested (2 survived, 0 timed out)
Mutation testing 43% (elapsed: ~35m, remaining: ~45m) 201/462 tested (2 survived, 0 timed out)
Mutation testing 43% (elapsed: ~35m, remaining: ~46m) 201/462 tested (2 survived, 0 timed out)
Mutation testing 44% (elapsed: ~35m, remaining: ~44m) 206/462 tested (2 survived, 0 timed out)
Mutation testing 44% (elapsed: ~35m, remaining: ~44m) 206/462 tested (2 survived, 0 timed out)
Mutation testing 44% (elapsed: ~36m, remaining: ~44m) 206/462 tested (2 survived, 0 timed out)
Mutation testing 44% (elapsed: ~36m, remaining: ~44m) 206/462 tested (2 survived, 0 timed out)
Mutation testing 44% (elapsed: ~36m, remaining: ~44m) 207/462 tested (2 survived, 0 timed out)
Mutation testing 45% (elapsed: ~36m, remaining: ~43m) 211/462 tested (2 survived, 0 timed out)
Mutation testing 45% (elapsed: ~36m, remaining: ~43m) 211/462 tested (2 survived, 0 timed out)
Mutation testing 45% (elapsed: ~36m, remaining: ~43m) 211/462 tested (2 survived, 0 timed out)
Mutation testing 45% (elapsed: ~37m, remaining: ~44m) 211/462 tested (2 survived, 0 timed out)
Mutation testing 45% (elapsed: ~37m, remaining: ~43m) 212/462 tested (2 survived, 0 timed out)
Mutation testing 46% (elapsed: ~37m, remaining: ~43m) 213/462 tested (2 survived, 0 timed out)
Mutation testing 46% (elapsed: ~37m, remaining: ~42m) 216/462 tested (2 survived, 0 timed out)
Mutation testing 46% (elapsed: ~37m, remaining: ~42m) 216/462 tested (2 survived, 0 timed out)
Mutation testing 46% (elapsed: ~37m, remaining: ~43m) 216/462 tested (2 survived, 0 timed out)
Mutation testing 46% (elapsed: ~38m, remaining: ~42m) 217/462 tested (2 survived, 0 timed out)
Mutation testing 47% (elapsed: ~38m, remaining: ~42m) 218/462 tested (2 survived, 0 timed out)
Mutation testing 47% (elapsed: ~38m, remaining: ~41m) 221/462 tested (2 survived, 0 timed out)
Mutation testing 47% (elapsed: ~38m, remaining: ~41m) 221/462 tested (2 survived, 0 timed out)
Mutation testing 47% (elapsed: ~38m, remaining: ~42m) 221/462 tested (2 survived, 0 timed out)
Mutation testing 48% (elapsed: ~38m, remaining: ~41m) 222/462 tested (2 survived, 0 timed out)
Mutation testing 48% (elapsed: ~39m, remaining: ~40m) 226/462 tested (2 survived, 0 timed out)
Mutation testing 48% (elapsed: ~39m, remaining: ~40m) 226/462 tested (2 survived, 0 timed out)
Mutation testing 48% (elapsed: ~39m, remaining: ~41m) 226/462 tested (2 survived, 0 timed out)
Mutation testing 49% (elapsed: ~39m, remaining: ~40m) 227/462 tested (2 survived, 0 timed out)
Mutation testing 49% (elapsed: ~39m, remaining: ~41m) 227/462 tested (2 survived, 0 timed out)
Mutation testing 50% (elapsed: ~39m, remaining: ~39m) 231/462 tested (2 survived, 0 timed out)
Mutation testing 50% (elapsed: ~40m, remaining: ~40m) 231/462 tested (2 survived, 0 timed out)
Mutation testing 50% (elapsed: ~40m, remaining: ~40m) 231/462 tested (2 survived, 0 timed out)
Mutation testing 50% (elapsed: ~40m, remaining: ~39m) 232/462 tested (2 survived, 0 timed out)
Mutation testing 50% (elapsed: ~40m, remaining: ~39m) 235/462 tested (2 survived, 0 timed out)
Mutation testing 51% (elapsed: ~40m, remaining: ~38m) 236/462 tested (2 survived, 0 timed out)
Mutation testing 51% (elapsed: ~40m, remaining: ~38m) 237/462 tested (2 survived, 0 timed out)
Mutation testing 51% (elapsed: ~41m, remaining: ~38m) 237/462 tested (2 survived, 0 timed out)
Mutation testing 51% (elapsed: ~41m, remaining: ~38m) 238/462 tested (2 survived, 0 timed out)
Mutation testing 52% (elapsed: ~41m, remaining: ~37m) 241/462 tested (2 survived, 0 timed out)
Mutation testing 52% (elapsed: ~41m, remaining: ~37m) 242/462 tested (2 survived, 0 timed out)
Mutation testing 52% (elapsed: ~41m, remaining: ~37m) 242/462 tested (2 survived, 0 timed out)
Mutation testing 52% (elapsed: ~41m, remaining: ~37m) 243/462 tested (2 survived, 0 timed out)
Mutation testing 53% (elapsed: ~42m, remaining: ~36m) 246/462 tested (2 survived, 0 timed out)
Mutation testing 53% (elapsed: ~42m, remaining: ~36m) 247/462 tested (2 survived, 0 timed out)
Mutation testing 53% (elapsed: ~42m, remaining: ~36m) 247/462 tested (2 survived, 0 timed out)
Mutation testing 53% (elapsed: ~42m, remaining: ~36m) 247/462 tested (2 survived, 0 timed out)
Mutation testing 53% (elapsed: ~42m, remaining: ~36m) 248/462 tested (2 survived, 0 timed out)
Mutation testing 54% (elapsed: ~42m, remaining: ~35m) 252/462 tested (3 survived, 0 timed out)
Mutation testing 54% (elapsed: ~43m, remaining: ~35m) 252/462 tested (3 survived, 0 timed out)
Mutation testing 54% (elapsed: ~43m, remaining: ~35m) 252/462 tested (3 survived, 0 timed out)
Mutation testing 54% (elapsed: ~43m, remaining: ~35m) 253/462 tested (3 survived, 0 timed out)
Mutation testing 55% (elapsed: ~43m, remaining: ~34m) 257/462 tested (3 survived, 0 timed out)
Mutation testing 55% (elapsed: ~43m, remaining: ~34m) 257/462 tested (3 survived, 0 timed out)
Mutation testing 55% (elapsed: ~43m, remaining: ~34m) 257/462 tested (3 survived, 0 timed out)
Mutation testing 55% (elapsed: ~44m, remaining: ~34m) 258/462 tested (3 survived, 0 timed out)
Mutation testing 55% (elapsed: ~44m, remaining: ~34m) 258/462 tested (3 survived, 0 timed out)
Mutation testing 56% (elapsed: ~44m, remaining: ~33m) 262/462 tested (3 survived, 0 timed out)
Mutation testing 56% (elapsed: ~44m, remaining: ~33m) 262/462 tested (3 survived, 0 timed out)
Mutation testing 56% (elapsed: ~44m, remaining: ~34m) 262/462 tested (3 survived, 0 timed out)
Mutation testing 56% (elapsed: ~44m, remaining: ~33m) 263/462 tested (3 survived, 0 timed out)
Mutation testing 57% (elapsed: ~45m, remaining: ~32m) 267/462 tested (3 survived, 0 timed out)
Mutation testing 57% (elapsed: ~45m, remaining: ~32m) 267/462 tested (3 survived, 0 timed out)
Mutation testing 58% (elapsed: ~45m, remaining: ~32m) 268/462 tested (3 survived, 0 timed out)
Mutation testing 58% (elapsed: ~45m, remaining: ~32m) 268/462 tested (3 survived, 0 timed out)
Mutation testing 58% (elapsed: ~45m, remaining: ~33m) 268/462 tested (3 survived, 0 timed out)
Mutation testing 58% (elapsed: ~45m, remaining: ~32m) 272/462 tested (3 survived, 0 timed out)
Mutation testing 59% (elapsed: ~46m, remaining: ~31m) 273/462 tested (3 survived, 0 timed out)
Mutation testing 59% (elapsed: ~46m, remaining: ~31m) 273/462 tested (3 survived, 0 timed out)
Mutation testing 59% (elapsed: ~46m, remaining: ~32m) 273/462 tested (3 survived, 0 timed out)
Mutation testing 60% (elapsed: ~46m, remaining: ~30m) 278/462 tested (3 survived, 0 timed out)
Mutation testing 60% (elapsed: ~46m, remaining: ~30m) 278/462 tested (3 survived, 0 timed out)
Mutation testing 60% (elapsed: ~46m, remaining: ~30m) 278/462 tested (3 survived, 0 timed out)
Mutation testing 60% (elapsed: ~47m, remaining: ~31m) 278/462 tested (3 survived, 0 timed out)
Mutation testing 60% (elapsed: ~47m, remaining: ~31m) 278/462 tested (3 survived, 0 timed out)
Mutation testing 61% (elapsed: ~47m, remaining: ~29m) 283/462 tested (3 survived, 0 timed out)
Mutation testing 61% (elapsed: ~47m, remaining: ~30m) 283/462 tested (3 survived, 0 timed out)
Mutation testing 61% (elapsed: ~47m, remaining: ~30m) 283/462 tested (3 survived, 0 timed out)
Mutation testing 61% (elapsed: ~47m, remaining: ~30m) 283/462 tested (3 survived, 0 timed out)
Mutation testing 61% (elapsed: ~48m, remaining: ~30m) 284/462 tested (3 survived, 0 timed out)
Mutation testing 62% (elapsed: ~48m, remaining: ~29m) 288/462 tested (3 survived, 0 timed out)
Mutation testing 62% (elapsed: ~48m, remaining: ~29m) 288/462 tested (3 survived, 0 timed out)
Mutation testing 62% (elapsed: ~48m, remaining: ~29m) 288/462 tested (3 survived, 0 timed out)
Mutation testing 62% (elapsed: ~48m, remaining: ~29m) 288/462 tested (3 survived, 0 timed out)
Mutation testing 63% (elapsed: ~48m, remaining: ~28m) 293/462 tested (3 survived, 0 timed out)
Mutation testing 63% (elapsed: ~49m, remaining: ~28m) 293/462 tested (3 survived, 0 timed out)
Mutation testing 63% (elapsed: ~49m, remaining: ~28m) 293/462 tested (3 survived, 0 timed out)
Mutation testing 63% (elapsed: ~49m, remaining: ~28m) 293/462 tested (3 survived, 0 timed out)
Mutation testing 63% (elapsed: ~49m, remaining: ~28m) 293/462 tested (3 survived, 0 timed out)
Mutation testing 64% (elapsed: ~49m, remaining: ~27m) 298/462 tested (3 survived, 0 timed out)
Mutation testing 64% (elapsed: ~49m, remaining: ~27m) 298/462 tested (3 survived, 0 timed out)
Mutation testing 64% (elapsed: ~50m, remaining: ~27m) 298/462 tested (3 survived, 0 timed out)
Mutation testing 64% (elapsed: ~50m, remaining: ~27m) 298/462 tested (3 survived, 0 timed out)
Mutation testing 65% (elapsed: ~50m, remaining: ~26m) 303/462 tested (3 survived, 0 timed out)
Mutation testing 65% (elapsed: ~50m, remaining: ~26m) 303/462 tested (3 survived, 0 timed out)
Mutation testing 65% (elapsed: ~50m, remaining: ~26m) 303/462 tested (3 survived, 0 timed out)
Mutation testing 65% (elapsed: ~50m, remaining: ~26m) 303/462 tested (3 survived, 0 timed out)
Mutation testing 65% (elapsed: ~51m, remaining: ~26m) 303/462 tested (3 survived, 0 timed out)
Mutation testing 66% (elapsed: ~51m, remaining: ~25m) 308/462 tested (3 survived, 0 timed out)
Mutation testing 66% (elapsed: ~51m, remaining: ~25m) 308/462 tested (3 survived, 0 timed out)
Mutation testing 66% (elapsed: ~51m, remaining: ~25m) 308/462 tested (3 survived, 0 timed out)
Mutation testing 66% (elapsed: ~51m, remaining: ~25m) 308/462 tested (3 survived, 0 timed out)
Mutation testing 67% (elapsed: ~51m, remaining: ~24m) 313/462 tested (3 survived, 0 timed out)
Mutation testing 67% (elapsed: ~52m, remaining: ~24m) 313/462 tested (3 survived, 0 timed out)
Mutation testing 67% (elapsed: ~52m, remaining: ~24m) 313/462 tested (3 survived, 0 timed out)
Mutation testing 67% (elapsed: ~52m, remaining: ~24m) 313/462 tested (3 survived, 0 timed out)
Mutation testing 68% (elapsed: ~52m, remaining: ~24m) 316/462 tested (3 survived, 0 timed out)
Mutation testing 68% (elapsed: ~52m, remaining: ~23m) 318/462 tested (3 survived, 0 timed out)
Mutation testing 68% (elapsed: ~52m, remaining: ~23m) 318/462 tested (3 survived, 0 timed out)
Mutation testing 68% (elapsed: ~53m, remaining: ~24m) 318/462 tested (3 survived, 0 timed out)
Mutation testing 68% (elapsed: ~53m, remaining: ~24m) 318/462 tested (3 survived, 0 timed out)
Mutation testing 69% (elapsed: ~53m, remaining: ~22m) 323/462 tested (4 survived, 0 timed out)
Mutation testing 69% (elapsed: ~53m, remaining: ~23m) 323/462 tested (4 survived, 0 timed out)
Mutation testing 69% (elapsed: ~53m, remaining: ~23m) 323/462 tested (4 survived, 0 timed out)
Mutation testing 69% (elapsed: ~53m, remaining: ~23m) 323/462 tested (4 survived, 0 timed out)
Mutation testing 70% (elapsed: ~54m, remaining: ~22m) 326/462 tested (4 survived, 0 timed out)
Mutation testing 70% (elapsed: ~54m, remaining: ~22m) 328/462 tested (4 survived, 0 timed out)
Mutation testing 70% (elapsed: ~54m, remaining: ~22m) 328/462 tested (4 survived, 0 timed out)
Mutation testing 70% (elapsed: ~54m, remaining: ~22m) 328/462 tested (4 survived, 0 timed out)
Mutation testing 70% (elapsed: ~54m, remaining: ~22m) 328/462 tested (4 survived, 0 timed out)
Mutation testing 72% (elapsed: ~54m, remaining: ~21m) 333/462 tested (4 survived, 0 timed out)
Mutation testing 72% (elapsed: ~55m, remaining: ~21m) 333/462 tested (4 survived, 0 timed out)
Mutation testing 72% (elapsed: ~55m, remaining: ~21m) 333/462 tested (4 survived, 0 timed out)
Mutation testing 72% (elapsed: ~55m, remaining: ~21m) 333/462 tested (4 survived, 0 timed out)
Mutation testing 72% (elapsed: ~55m, remaining: ~21m) 333/462 tested (4 survived, 0 timed out)
Mutation testing 73% (elapsed: ~55m, remaining: ~20m) 338/462 tested (4 survived, 0 timed out)
Mutation testing 73% (elapsed: ~55m, remaining: ~20m) 338/462 tested (4 survived, 0 timed out)
Mutation testing 73% (elapsed: ~56m, remaining: ~20m) 338/462 tested (4 survived, 0 timed out)
Mutation testing 73% (elapsed: ~56m, remaining: ~20m) 338/462 tested (4 survived, 0 timed out)
Mutation testing 74% (elapsed: ~56m, remaining: ~19m) 343/462 tested (4 survived, 0 timed out)
Mutation testing 74% (elapsed: ~56m, remaining: ~19m) 343/462 tested (4 survived, 0 timed out)
Mutation testing 74% (elapsed: ~56m, remaining: ~19m) 343/462 tested (4 survived, 0 timed out)
Mutation testing 74% (elapsed: ~56m, remaining: ~19m) 343/462 tested (4 survived, 0 timed out)
Mutation testing 74% (elapsed: ~57m, remaining: ~19m) 343/462 tested (4 survived, 0 timed out)
Mutation testing 75% (elapsed: ~57m, remaining: ~18m) 348/462 tested (4 survived, 0 timed out)
Mutation testing 75% (elapsed: ~57m, remaining: ~18m) 348/462 tested (4 survived, 0 timed out)
Mutation testing 75% (elapsed: ~57m, remaining: ~18m) 348/462 tested (4 survived, 0 timed out)
Mutation testing 75% (elapsed: ~57m, remaining: ~18m) 348/462 tested (4 survived, 0 timed out)
Mutation testing 75% (elapsed: ~57m, remaining: ~18m) 348/462 tested (4 survived, 0 timed out)
Mutation testing 76% (elapsed: ~58m, remaining: ~17m) 353/462 tested (4 survived, 0 timed out)
Mutation testing 76% (elapsed: ~58m, remaining: ~17m) 353/462 tested (4 survived, 0 timed out)
Mutation testing 76% (elapsed: ~58m, remaining: ~18m) 353/462 tested (4 survived, 0 timed out)
Mutation testing 76% (elapsed: ~58m, remaining: ~18m) 353/462 tested (4 survived, 0 timed out)
Mutation testing 76% (elapsed: ~58m, remaining: ~18m) 353/462 tested (4 survived, 0 timed out)
Mutation testing 77% (elapsed: ~58m, remaining: ~17m) 358/462 tested (4 survived, 0 timed out)
Mutation testing 77% (elapsed: ~59m, remaining: ~17m) 358/462 tested (4 survived, 0 timed out)
Mutation testing 77% (elapsed: ~59m, remaining: ~17m) 358/462 tested (4 survived, 0 timed out)
Mutation testing 77% (elapsed: ~59m, remaining: ~17m) 358/462 tested (4 survived, 0 timed out)
Mutation testing 78% (elapsed: ~59m, remaining: ~16m) 361/462 tested (4 survived, 0 timed out)
Mutation testing 78% (elapsed: ~59m, remaining: ~16m) 363/462 tested (4 survived, 0 timed out)
Mutation testing 78% (elapsed: ~59m, remaining: ~16m) 363/462 tested (4 survived, 0 timed out)
Mutation testing 78% (elapsed: ~1h 0m, remaining: ~16m) 363/462 tested (4 survived, 0 timed out)
Mutation testing 78% (elapsed: ~1h 0m, remaining: ~16m) 363/462 tested (4 survived, 0 timed out)
Mutation testing 79% (elapsed: ~1h 0m, remaining: ~15m) 368/462 tested (4 survived, 0 timed out)
Mutation testing 79% (elapsed: ~1h 0m, remaining: ~15m) 368/462 tested (4 survived, 0 timed out)
Mutation testing 79% (elapsed: ~1h 0m, remaining: ~15m) 368/462 tested (4 survived, 0 timed out)
Mutation testing 79% (elapsed: ~1h 0m, remaining: ~15m) 368/462 tested (4 survived, 0 timed out)
Mutation testing 79% (elapsed: ~1h 1m, remaining: ~15m) 369/462 tested (4 survived, 0 timed out)
Mutation testing 80% (elapsed: ~1h 1m, remaining: ~14m) 373/462 tested (4 survived, 0 timed out)
Mutation testing 80% (elapsed: ~1h 1m, remaining: ~14m) 373/462 tested (4 survived, 0 timed out)
Mutation testing 80% (elapsed: ~1h 1m, remaining: ~14m) 373/462 tested (4 survived, 0 timed out)
Mutation testing 80% (elapsed: ~1h 1m, remaining: ~14m) 373/462 tested (4 survived, 0 timed out)
Mutation testing 81% (elapsed: ~1h 1m, remaining: ~13m) 378/462 tested (4 survived, 0 timed out)
Mutation testing 81% (elapsed: ~1h 2m, remaining: ~13m) 378/462 tested (4 survived, 0 timed out)
Mutation testing 81% (elapsed: ~1h 2m, remaining: ~13m) 378/462 tested (4 survived, 0 timed out)
Mutation testing 81% (elapsed: ~1h 2m, remaining: ~13m) 378/462 tested (4 survived, 0 timed out)
Mutation testing 82% (elapsed: ~1h 2m, remaining: ~13m) 379/462 tested (4 survived, 0 timed out)
Mutation testing 82% (elapsed: ~1h 2m, remaining: ~12m) 383/462 tested (4 survived, 0 timed out)
Mutation testing 82% (elapsed: ~1h 2m, remaining: ~12m) 383/462 tested (4 survived, 0 timed out)
Mutation testing 82% (elapsed: ~1h 3m, remaining: ~12m) 383/462 tested (4 survived, 0 timed out)
Mutation testing 82% (elapsed: ~1h 3m, remaining: ~13m) 383/462 tested (4 survived, 0 timed out)
Mutation testing 83% (elapsed: ~1h 3m, remaining: ~12m) 388/462 tested (4 survived, 0 timed out)
Mutation testing 83% (elapsed: ~1h 3m, remaining: ~12m) 388/462 tested (4 survived, 0 timed out)
Mutation testing 83% (elapsed: ~1h 3m, remaining: ~12m) 388/462 tested (4 survived, 0 timed out)
Mutation testing 83% (elapsed: ~1h 3m, remaining: ~12m) 388/462 tested (4 survived, 0 timed out)
Mutation testing 83% (elapsed: ~1h 4m, remaining: ~12m) 388/462 tested (4 survived, 0 timed out)
Mutation testing 85% (elapsed: ~1h 4m, remaining: ~11m) 393/462 tested (4 survived, 0 timed out)
Mutation testing 85% (elapsed: ~1h 4m, remaining: ~11m) 393/462 tested (4 survived, 0 timed out)
Mutation testing 85% (elapsed: ~1h 4m, remaining: ~11m) 393/462 tested (4 survived, 0 timed out)
Mutation testing 85% (elapsed: ~1h 4m, remaining: ~11m) 393/462 tested (4 survived, 0 timed out)
Mutation testing 86% (elapsed: ~1h 4m, remaining: ~10m) 398/462 tested (5 survived, 0 timed out)
Mutation testing 86% (elapsed: ~1h 5m, remaining: ~10m) 398/462 tested (5 survived, 0 timed out)
Mutation testing 86% (elapsed: ~1h 5m, remaining: ~10m) 398/462 tested (5 survived, 0 timed out)
Mutation testing 86% (elapsed: ~1h 5m, remaining: ~10m) 398/462 tested (5 survived, 0 timed out)
Mutation testing 86% (elapsed: ~1h 5m, remaining: ~10m) 399/462 tested (5 survived, 0 timed out)
Mutation testing 87% (elapsed: ~1h 5m, remaining: ~9m) 403/462 tested (5 survived, 0 timed out)
Mutation testing 87% (elapsed: ~1h 5m, remaining: ~9m) 403/462 tested (5 survived, 0 timed out)
Mutation testing 87% (elapsed: ~1h 6m, remaining: ~9m) 403/462 tested (5 survived, 0 timed out)
Mutation testing 87% (elapsed: ~1h 6m, remaining: ~9m) 403/462 tested (5 survived, 0 timed out)
Mutation testing 88% (elapsed: ~1h 6m, remaining: ~8m) 408/462 tested (5 survived, 0 timed out)
Mutation testing 88% (elapsed: ~1h 6m, remaining: ~8m) 408/462 tested (5 survived, 0 timed out)
Mutation testing 88% (elapsed: ~1h 6m, remaining: ~8m) 408/462 tested (5 survived, 0 timed out)
Mutation testing 88% (elapsed: ~1h 6m, remaining: ~8m) 408/462 tested (5 survived, 0 timed out)
Mutation testing 88% (elapsed: ~1h 7m, remaining: ~8m) 409/462 tested (5 survived, 0 timed out)
Mutation testing 89% (elapsed: ~1h 7m, remaining: ~7m) 413/462 tested (5 survived, 0 timed out)
Mutation testing 89% (elapsed: ~1h 7m, remaining: ~7m) 413/462 tested (5 survived, 0 timed out)
Mutation testing 89% (elapsed: ~1h 7m, remaining: ~8m) 413/462 tested (5 survived, 0 timed out)
Mutation testing 89% (elapsed: ~1h 7m, remaining: ~7m) 414/462 tested (5 survived, 0 timed out)
Mutation testing 90% (elapsed: ~1h 7m, remaining: ~7m) 418/462 tested (5 survived, 0 timed out)
Mutation testing 90% (elapsed: ~1h 8m, remaining: ~7m) 418/462 tested (5 survived, 0 timed out)
Mutation testing 90% (elapsed: ~1h 8m, remaining: ~7m) 418/462 tested (5 survived, 0 timed out)
Mutation testing 90% (elapsed: ~1h 8m, remaining: ~7m) 419/462 tested (5 survived, 0 timed out)
Mutation testing 91% (elapsed: ~1h 8m, remaining: ~6m) 423/462 tested (5 survived, 0 timed out)
Mutation testing 91% (elapsed: ~1h 8m, remaining: ~6m) 423/462 tested (5 survived, 0 timed out)
Mutation testing 91% (elapsed: ~1h 8m, remaining: ~6m) 423/462 tested (5 survived, 0 timed out)
Mutation testing 91% (elapsed: ~1h 9m, remaining: ~6m) 424/462 tested (5 survived, 0 timed out)
Mutation testing 91% (elapsed: ~1h 9m, remaining: ~6m) 424/462 tested (5 survived, 0 timed out)
Mutation testing 92% (elapsed: ~1h 9m, remaining: ~5m) 428/462 tested (5 survived, 0 timed out)
Mutation testing 92% (elapsed: ~1h 9m, remaining: ~5m) 428/462 tested (5 survived, 0 timed out)
Mutation testing 92% (elapsed: ~1h 9m, remaining: ~5m) 428/462 tested (5 survived, 0 timed out)
Mutation testing 92% (elapsed: ~1h 9m, remaining: ~5m) 429/462 tested (5 survived, 0 timed out)
Mutation testing 93% (elapsed: ~1h 10m, remaining: ~4m) 433/462 tested (5 survived, 0 timed out)
Mutation testing 93% (elapsed: ~1h 10m, remaining: ~4m) 433/462 tested (5 survived, 0 timed out)
Mutation testing 93% (elapsed: ~1h 10m, remaining: ~4m) 434/462 tested (5 survived, 0 timed out)
Mutation testing 93% (elapsed: ~1h 10m, remaining: ~4m) 434/462 tested (5 survived, 0 timed out)
Mutation testing 94% (elapsed: ~1h 10m, remaining: ~3m) 438/462 tested (5 survived, 0 timed out)
Mutation testing 94% (elapsed: ~1h 10m, remaining: ~3m) 438/462 tested (5 survived, 0 timed out)
Mutation testing 95% (elapsed: ~1h 11m, remaining: ~3m) 439/462 tested (5 survived, 0 timed out)
Mutation testing 95% (elapsed: ~1h 11m, remaining: ~3m) 439/462 tested (5 survived, 0 timed out)
Mutation testing 95% (elapsed: ~1h 11m, remaining: ~3m) 441/462 tested (5 survived, 0 timed out)
Mutation testing 96% (elapsed: ~1h 11m, remaining: ~2m) 444/462 tested (5 survived, 0 timed out)
Mutation testing 96% (elapsed: ~1h 11m, remaining: ~2m) 444/462 tested (5 survived, 0 timed out)
Mutation testing 96% (elapsed: ~1h 11m, remaining: ~2m) 444/462 tested (5 survived, 0 timed out)
Mutation testing 96% (elapsed: ~1h 12m, remaining: ~2m) 444/462 tested (5 survived, 0 timed out)
Mutation testing 97% (elapsed: ~1h 12m, remaining: ~2m) 449/462 tested (5 survived, 0 timed out)
Mutation testing 97% (elapsed: ~1h 12m, remaining: ~2m) 449/462 tested (5 survived, 0 timed out)
Mutation testing 97% (elapsed: ~1h 12m, remaining: ~2m) 449/462 tested (5 survived, 0 timed out)
Mutation testing 97% (elapsed: ~1h 12m, remaining: ~2m) 449/462 tested (5 survived, 0 timed out)
Mutation testing 98% (elapsed: ~1h 12m, remaining: ~1m) 454/462 tested (5 survived, 0 timed out)
Mutation testing 98% (elapsed: ~1h 13m, remaining: ~1m) 454/462 tested (5 survived, 0 timed out)
Mutation testing 98% (elapsed: ~1h 13m, remaining: ~1m) 454/462 tested (5 survived, 0 timed out)
Mutation testing 98% (elapsed: ~1h 13m, remaining: ~1m) 454/462 tested (5 survived, 0 timed out)
Mutation testing 98% (elapsed: ~1h 13m, remaining: <1m) 456/462 tested (5 survived, 0 timed out)
Mutation testing 99% (elapsed: ~1h 13m, remaining: <1m) 459/462 tested (5 survived, 0 timed out)
Mutation testing 99% (elapsed: ~1h 13m, remaining: <1m) 459/462 tested (5 survived, 0 timed out)

All tests
  ✓ All tests (killed 457)

[Survived] ArrayDeclaration
scripts/lib/author-identities.mjs:52:89
-   const entrySlugs = (entry) => [entry?.name, ...(Array.isArray(entry?.aka) ? entry.aka : [])].map(nameSlug);
+   const entrySlugs = (entry) => [entry?.name, ...(Array.isArray(entry?.aka) ? entry.aka : ["Stryker was here"])].map(nameSlug);

[Survived] ArrayDeclaration
scripts/lib/author-identities.mjs:190:57
-       const aka = Array.isArray(entry?.aka) ? entry.aka : [];
+       const aka = Array.isArray(entry?.aka) ? entry.aka : ["Stryker was here"];

[Survived] ArrayDeclaration
scripts/lib/brain-author.mjs:69:56
-       const aka = Array.isArray(entry.aka) ? entry.aka : [];
+       const aka = Array.isArray(entry.aka) ? entry.aka : ["Stryker was here"];

[Survived] ArrayDeclaration
scripts/lib/brain-author.mjs:171:43
-       (Array.isArray(distinct) ? distinct : []).map((name) => (typeof name === "string" ? slugSafe(name) : null)),
+       (Array.isArray(distinct) ? distinct : ["Stryker was here"]).map((name) => (typeof name === "string" ? slugSafe(name) : null)),

[Survived] StringLiteral
scripts/author-identity.mjs:55:42
-       readFileSync: (p) => readFileSync(p, "utf-8"),
+       readFileSync: (p) => readFileSync(p, ""),

Ran 1.00 tests per mutant on average.
------------------------|------------------|----------|-----------|------------|----------|----------|
                        | % Mutation score |          |           |            |          |          |
File                    |  total | covered | # killed | # timeout | # survived | # no cov | # errors |
------------------------|--------|---------|----------|-----------|------------|----------|----------|
All files               |  98.92 |   98.92 |      457 |         0 |          5 |        0 |        0 |
 lib                    |  98.79 |   98.79 |      326 |         0 |          4 |        0 |        0 |
  author-identities.mjs |  98.66 |   98.66 |      147 |         0 |          2 |        0 |        0 |
  brain-author.mjs      |  98.90 |   98.90 |      179 |         0 |          2 |        0 |        0 |
 author-identity.mjs    |  99.24 |   99.24 |      131 |         0 |          1 |        0 |        0 |
------------------------|--------|---------|----------|-----------|------------|----------|----------|
[32m06:47:40 (81008) INFO MutationTestExecutor[39m Done in 74 minutes and 8 seconds.
[32m06:47:40 (81008) INFO Sandbox[39m Resetting your original files from .stryker-tmp/backup-SpgxB8.
